Archive member included to satisfy reference by file (symbol)

e:/apps/atmel/studio/7.0/toolchain/arm/arm-gnu-toolchain/bin/../lib/gcc/arm-none-eabi/6.3.1/thumb/v7e-m\libgcc.a(_aeabi_uldivmod.o)
                              src/main.o (__aeabi_uldivmod)
e:/apps/atmel/studio/7.0/toolchain/arm/arm-gnu-toolchain/bin/../lib/gcc/arm-none-eabi/6.3.1/thumb/v7e-m\libgcc.a(_udivmoddi4.o)
                              e:/apps/atmel/studio/7.0/toolchain/arm/arm-gnu-toolchain/bin/../lib/gcc/arm-none-eabi/6.3.1/thumb/v7e-m\libgcc.a(_aeabi_uldivmod.o) (__udivmoddi4)
e:/apps/atmel/studio/7.0/toolchain/arm/arm-gnu-toolchain/bin/../lib/gcc/arm-none-eabi/6.3.1/thumb/v7e-m\libgcc.a(_dvmd_tls.o)
                              e:/apps/atmel/studio/7.0/toolchain/arm/arm-gnu-toolchain/bin/../lib/gcc/arm-none-eabi/6.3.1/thumb/v7e-m\libgcc.a(_aeabi_uldivmod.o) (__aeabi_ldiv0)
e:/apps/atmel/studio/7.0/toolchain/arm/arm-gnu-toolchain/bin/../lib/gcc/arm-none-eabi/6.3.1/../../../../arm-none-eabi/lib/thumb/v7e-m\libc.a(lib_a-exit.o)
                              e:/apps/atmel/studio/7.0/toolchain/arm/arm-gnu-toolchain/bin/../lib/gcc/arm-none-eabi/6.3.1/../../../../arm-none-eabi/lib/thumb/v7e-m/crt0.o (exit)
e:/apps/atmel/studio/7.0/toolchain/arm/arm-gnu-toolchain/bin/../lib/gcc/arm-none-eabi/6.3.1/../../../../arm-none-eabi/lib/thumb/v7e-m\libc.a(lib_a-impure.o)
                              e:/apps/atmel/studio/7.0/toolchain/arm/arm-gnu-toolchain/bin/../lib/gcc/arm-none-eabi/6.3.1/../../../../arm-none-eabi/lib/thumb/v7e-m\libc.a(lib_a-exit.o) (_global_impure_ptr)
e:/apps/atmel/studio/7.0/toolchain/arm/arm-gnu-toolchain/bin/../lib/gcc/arm-none-eabi/6.3.1/../../../../arm-none-eabi/lib/thumb/v7e-m\libc.a(lib_a-init.o)
                              e:/apps/atmel/studio/7.0/toolchain/arm/arm-gnu-toolchain/bin/../lib/gcc/arm-none-eabi/6.3.1/../../../../arm-none-eabi/lib/thumb/v7e-m/crt0.o (__libc_init_array)
e:/apps/atmel/studio/7.0/toolchain/arm/arm-gnu-toolchain/bin/../lib/gcc/arm-none-eabi/6.3.1/../../../../arm-none-eabi/lib/thumb/v7e-m\libc.a(lib_a-iprintf.o)
                              src/main.o (iprintf)
e:/apps/atmel/studio/7.0/toolchain/arm/arm-gnu-toolchain/bin/../lib/gcc/arm-none-eabi/6.3.1/../../../../arm-none-eabi/lib/thumb/v7e-m\libc.a(lib_a-malloc.o)
                              src/ASF/common/components/touch/mxt/mxt_device_1.o (malloc)
e:/apps/atmel/studio/7.0/toolchain/arm/arm-gnu-toolchain/bin/../lib/gcc/arm-none-eabi/6.3.1/../../../../arm-none-eabi/lib/thumb/v7e-m\libc.a(lib_a-mallocr.o)
                              e:/apps/atmel/studio/7.0/toolchain/arm/arm-gnu-toolchain/bin/../lib/gcc/arm-none-eabi/6.3.1/../../../../arm-none-eabi/lib/thumb/v7e-m\libc.a(lib_a-malloc.o) (_malloc_r)
e:/apps/atmel/studio/7.0/toolchain/arm/arm-gnu-toolchain/bin/../lib/gcc/arm-none-eabi/6.3.1/../../../../arm-none-eabi/lib/thumb/v7e-m\libc.a(lib_a-memset.o)
                              e:/apps/atmel/studio/7.0/toolchain/arm/arm-gnu-toolchain/bin/../lib/gcc/arm-none-eabi/6.3.1/../../../../arm-none-eabi/lib/thumb/v7e-m/crt0.o (memset)
e:/apps/atmel/studio/7.0/toolchain/arm/arm-gnu-toolchain/bin/../lib/gcc/arm-none-eabi/6.3.1/../../../../arm-none-eabi/lib/thumb/v7e-m\libc.a(lib_a-mlock.o)
                              e:/apps/atmel/studio/7.0/toolchain/arm/arm-gnu-toolchain/bin/../lib/gcc/arm-none-eabi/6.3.1/../../../../arm-none-eabi/lib/thumb/v7e-m\libc.a(lib_a-mallocr.o) (__malloc_lock)
e:/apps/atmel/studio/7.0/toolchain/arm/arm-gnu-toolchain/bin/../lib/gcc/arm-none-eabi/6.3.1/../../../../arm-none-eabi/lib/thumb/v7e-m\libc.a(lib_a-sbrkr.o)
                              e:/apps/atmel/studio/7.0/toolchain/arm/arm-gnu-toolchain/bin/../lib/gcc/arm-none-eabi/6.3.1/../../../../arm-none-eabi/lib/thumb/v7e-m\libc.a(lib_a-mallocr.o) (_sbrk_r)
e:/apps/atmel/studio/7.0/toolchain/arm/arm-gnu-toolchain/bin/../lib/gcc/arm-none-eabi/6.3.1/../../../../arm-none-eabi/lib/thumb/v7e-m\libc.a(lib_a-setbuf.o)
                              src/main.o (setbuf)
e:/apps/atmel/studio/7.0/toolchain/arm/arm-gnu-toolchain/bin/../lib/gcc/arm-none-eabi/6.3.1/../../../../arm-none-eabi/lib/thumb/v7e-m\libc.a(lib_a-setvbuf.o)
                              e:/apps/atmel/studio/7.0/toolchain/arm/arm-gnu-toolchain/bin/../lib/gcc/arm-none-eabi/6.3.1/../../../../arm-none-eabi/lib/thumb/v7e-m\libc.a(lib_a-setbuf.o) (setvbuf)
e:/apps/atmel/studio/7.0/toolchain/arm/arm-gnu-toolchain/bin/../lib/gcc/arm-none-eabi/6.3.1/../../../../arm-none-eabi/lib/thumb/v7e-m\libc.a(lib_a-sprintf.o)
                              src/main.o (sprintf)
e:/apps/atmel/studio/7.0/toolchain/arm/arm-gnu-toolchain/bin/../lib/gcc/arm-none-eabi/6.3.1/../../../../arm-none-eabi/lib/thumb/v7e-m\libc.a(lib_a-strcat.o)
                              src/main.o (strcat)
e:/apps/atmel/studio/7.0/toolchain/arm/arm-gnu-toolchain/bin/../lib/gcc/arm-none-eabi/6.3.1/../../../../arm-none-eabi/lib/thumb/v7e-m\libc.a(lib_a-strcpy.o)
[...]
Memory Configuration

Name             Origin             Length             Attributes
rom              0x00400000         0x00200000         xr
ram              0x20400000         0x00060000         xrw
*default*        0x00000000         0xffffffff

Linker script and memory map

LOAD e:/apps/atmel/studio/7.0/toolchain/arm/arm-gnu-toolchain/bin/../lib/gcc/arm-none-eabi/6.3.1/thumb/v7e-m/crti.o
LOAD e:/apps/atmel/studio/7.0/toolchain/arm/arm-gnu-toolchain/bin/../lib/gcc/arm-none-eabi/6.3.1/thumb/v7e-m/crtbegin.o
LOAD e:/apps/atmel/studio/7.0/toolchain/arm/arm-gnu-toolchain/bin/../lib/gcc/arm-none-eabi/6.3.1/../../../../arm-none-eabi/lib/thumb/v7e-m/crt0.o
LOAD src/ASF/common/components/touch/mxt/mxt_device_1.o
LOAD src/ASF/common/services/clock/same70/sysclk.o
LOAD src/ASF/common/services/delay/sam/cycle_counter.o
LOAD src/ASF/common/services/serial/usart_serial.o
LOAD src/ASF/common/services/spi/sam_spi/spi_master.o
LOAD src/ASF/common/utils/interrupt/interrupt_sam_nvic.o
LOAD src/ASF/common/utils/stdio/read.o
LOAD src/ASF/common/utils/stdio/write.o
LOAD src/ASF/sam/boards/same70_xplained/init.o
LOAD src/ASF/sam/components/display/ili9488/ili9488.o
LOAD src/ASF/sam/drivers/mpu/mpu.o
LOAD src/ASF/sam/drivers/pio/pio.o
LOAD src/ASF/sam/drivers/pio/pio_handler.o
LOAD src/ASF/sam/drivers/pmc/pmc.o
LOAD src/ASF/sam/drivers/pmc/sleep.o
LOAD src/ASF/sam/drivers/rtc/rtc.o
LOAD src/ASF/sam/drivers/spi/spi.o
LOAD src/ASF/sam/drivers/twihs/twihs.o
LOAD src/ASF/sam/drivers/uart/uart.o
LOAD src/ASF/sam/drivers/usart/usart.o
LOAD src/ASF/sam/utils/cmsis/same70/source/templates/gcc/startup_same70.o
LOAD src/ASF/sam/utils/cmsis/same70/source/templates/system_same70.o
LOAD src/ASF/sam/utils/syscalls/gcc/syscalls.o
LOAD src/main.o
START GROUP
LOAD ../src/ASF/thirdparty/CMSIS/Lib/GCC\libarm_cortexM7lfsp_math_softfp.a
LOAD e:/apps/atmel/studio/7.0/toolchain/arm/arm-gnu-toolchain/bin/../lib/gcc/arm-none-eabi/6.3.1/../../../../arm-none-eabi/lib/thumb/v7e-m\libm.a
END GROUP
START GROUP
LOAD e:/apps/atmel/studio/7.0/toolchain/arm/arm-gnu-toolchain/bin/../lib/gcc/arm-none-eabi/6.3.1/thumb/v7e-m\libgcc.a
LOAD e:/apps/atmel/studio/7.0/toolchain/arm/arm-gnu-toolchain/bin/../lib/gcc/arm-none-eabi/6.3.1/../../../../arm-none-eabi/lib/thumb/v7e-m\libc.a
END GROUP
LOAD e:/apps/atmel/studio/7.0/toolchain/arm/arm-gnu-toolchain/bin/../lib/gcc/arm-none-eabi/6.3.1/thumb/v7e-m/crtend.o
LOAD e:/apps/atmel/studio/7.0/toolchain/arm/arm-gnu-toolchain/bin/../lib/gcc/arm-none-eabi/6.3.1/thumb/v7e-m/crtn.o
                0x00002000                STACK_SIZE = DEFINED (STACK_SIZE)?STACK_SIZE:0x2000
                0x2045fffc                __ram_end__ = ((ORIGIN (ram) + LENGTH (ram)) - 0x4)
                0x00000200                HEAP_SIZE = DEFINED (HEAP_SIZE)?HEAP_SIZE:0x200

.text           0x00400000    0x99aa4
                0x00400000                . = ALIGN (0x4)
                0x00400000                _sfixed = .
 *(.vectors .vectors.*)
 .vectors       0x00400000      0x168 src/ASF/sam/utils/cmsis/same70/source/templates/gcc/startup_same70.o
                0x00400000                exception_table
 *(.text .text.* .gnu.linkonce.t.*)
 .text          0x00400168       0x6c e:/apps/atmel/studio/7.0/toolchain/arm/arm-gnu-toolchain/bin/../lib/gcc/arm-none-eabi/6.3.1/thumb/v7e-m/crtbegin.o
 .text.ioport_get_pin_level
                0x004001d4       0x50 src/ASF/common/components/touch/mxt/mxt_device_1.o
 .text.mxt_get_tot_report_ids
                0x00400224       0x4a src/ASF/common/components/touch/mxt/mxt_device_1.o
 *fill*         0x0040026e        0x2 
 .text.mxt_read_id_block
                0x00400270       0x68 src/ASF/common/components/touch/mxt/mxt_device_1.o
 .text.mxt_read_object_table
                0x004002d8       0x8c src/ASF/common/components/touch/mxt/mxt_device_1.o
 .text.mxt_read_info_block
                0x00400364       0x48 src/ASF/common/components/touch/mxt/mxt_device_1.o
 .text.mxt_create_report_id_map
                0x004003ac       0xe4 src/ASF/common/components/touch/mxt/mxt_device_1.o
 .text.mxt_crc_24
                0x00400490       0x50 src/ASF/common/components/touch/mxt/mxt_device_1.o
 .text.mxt_calculate_infoblock_crc
                0x004004e0       0xd4 src/ASF/common/components/touch/mxt/mxt_device_1.o
 .text.mxt_get_crc_value
                0x004005b4       0x90 src/ASF/common/components/touch/mxt/mxt_device_1.o
 .text.mxt_validate_info_block
                0x00400644       0x3c src/ASF/common/components/touch/mxt/mxt_device_1.o
 .text.mxt_get_object_size
                0x00400680       0x66 src/ASF/common/components/touch/mxt/mxt_device_1.o
 *fill*         0x004006e6        0x2 
 .text.mxt_get_report_id_offset
                0x004006e8       0x54 src/ASF/common/components/touch/mxt/mxt_device_1.o
 .text.mxt_info_le_to_cpu
                0x0040073c       0x56 src/ASF/common/components/touch/mxt/mxt_device_1.o
 *fill*         0x00400792        0x2 
 .text.mxt_init_device
                0x00400794       0xb8 src/ASF/common/components/touch/mxt/mxt_device_1.o
                0x00400794                mxt_init_device
 .text.mxt_get_object_address
                0x0040084c       0x66 src/ASF/common/components/touch/mxt/mxt_device_1.o
                0x0040084c                mxt_get_object_address
 *fill*         0x004008b2        0x2 
 .text.mxt_write_config_object
                0x004008b4       0x7c src/ASF/common/components/touch/mxt/mxt_device_1.o
                0x004008b4                mxt_write_config_object
 .text.mxt_write_config_reg
                0x00400930       0x6c src/ASF/common/components/touch/mxt/mxt_device_1.o
                0x00400930                mxt_write_config_reg
 .text.mxt_is_message_pending
                0x0040099c       0x30 src/ASF/common/components/touch/mxt/mxt_device_1.o
                0x0040099c                mxt_is_message_pending
 .text.mxt_read_message
                0x004009cc       0x78 src/ASF/common/components/touch/mxt/mxt_device_1.o
                0x004009cc                mxt_read_message
 .text.mxt_read_touch_event
                0x00400a44       0xb8 src/ASF/common/components/touch/mxt/mxt_device_1.o
                0x00400a44                mxt_read_touch_event
 .text.mxt_get_object_type
                0x00400afc       0x24 src/ASF/common/components/touch/mxt/mxt_device_1.o
                0x00400afc                mxt_get_object_type
 .text.osc_enable
                0x00400b20       0x88 src/ASF/common/services/clock/same70/sysclk.o
 .text.osc_is_ready
                0x00400ba8       0x70 src/ASF/common/services/clock/same70/sysclk.o
 .text.osc_get_rate
                0x00400c18       0x74 src/ASF/common/services/clock/same70/sysclk.o
 .text.osc_wait_ready
                0x00400c8c       0x2c src/ASF/common/services/clock/same70/sysclk.o
 .text.pll_config_init
                0x00400cb8       0x6c src/ASF/common/services/clock/same70/sysclk.o
 .text.pll_enable
                0x00400d24       0x40 src/ASF/common/services/clock/same70/sysclk.o
 .text.pll_is_locked
                0x00400d64       0x2c src/ASF/common/services/clock/same70/sysclk.o
 .text.pll_enable_source
                0x00400d90       0x38 src/ASF/common/services/clock/same70/sysclk.o
 .text.pll_wait_for_lock
                0x00400dc8       0x24 src/ASF/common/services/clock/same70/sysclk.o
 .text.sysclk_get_main_hz
                0x00400dec       0x20 src/ASF/common/services/clock/same70/sysclk.o
 .text.sysclk_get_cpu_hz
                0x00400e0c       0x14 src/ASF/common/services/clock/same70/sysclk.o
 .text.sysclk_init
                0x00400e20       0x7c src/ASF/common/services/clock/same70/sysclk.o
                0x00400e20                sysclk_init
 .text.usart_serial_putchar
                0x00400e9c      0x10c src/ASF/common/services/serial/usart_serial.o
 .text.usart_serial_write_packet
                0x00400fa8       0x3c src/ASF/common/services/serial/usart_serial.o
                0x00400fa8                usart_serial_write_packet
 .text.osc_get_rate
                0x00400fe4       0x74 src/ASF/common/services/spi/sam_spi/spi_master.o
 .text.sysclk_get_main_hz
                0x00401058       0x20 src/ASF/common/services/spi/sam_spi/spi_master.o
 .text.sysclk_get_peripheral_hz
                0x00401078       0x14 src/ASF/common/services/spi/sam_spi/spi_master.o
 .text.spi_reset
                0x0040108c       0x1a src/ASF/common/services/spi/sam_spi/spi_master.o
 .text.spi_set_master_mode
                0x004010a6       0x20 src/ASF/common/services/spi/sam_spi/spi_master.o
 .text.spi_set_fixed_peripheral_select
                0x004010c6       0x20 src/ASF/common/services/spi/sam_spi/spi_master.o
 .text.spi_disable_peripheral_select_decode
                0x004010e6       0x20 src/ASF/common/services/spi/sam_spi/spi_master.o
 .text.spi_get_peripheral_select_decode_setting
                0x00401106       0x26 src/ASF/common/services/spi/sam_spi/spi_master.o
 .text.spi_disable_mode_fault_detect
                0x0040112c       0x20 src/ASF/common/services/spi/sam_spi/spi_master.o
 .text.spi_disable_loopback
                0x0040114c       0x20 src/ASF/common/services/spi/sam_spi/spi_master.o
 .text.spi_put  0x0040116c       0x1e src/ASF/common/services/spi/sam_spi/spi_master.o
 .text.spi_get  0x0040118a       0x1a src/ASF/common/services/spi/sam_spi/spi_master.o
 .text.spi_is_tx_ready
                0x004011a4       0x26 src/ASF/common/services/spi/sam_spi/spi_master.o
 .text.spi_is_rx_ready
                0x004011ca       0x2c src/ASF/common/services/spi/sam_spi/spi_master.o
 *fill*         0x004011f6        0x2 
 .text.spi_write_single
                0x004011f8       0x24 src/ASF/common/services/spi/sam_spi/spi_master.o
 .text.spi_read_single
                0x0040121c       0x24 src/ASF/common/services/spi/sam_spi/spi_master.o
 .text.spi_master_init
                0x00401240       0x70 src/ASF/common/services/spi/sam_spi/spi_master.o
                0x00401240                spi_master_init
 .text.spi_master_setup_device
                0x004012b0       0xb4 src/ASF/common/services/spi/sam_spi/spi_master.o
                0x004012b0                spi_master_setup_device
 .text.spi_select_device
                0x00401364       0x58 src/ASF/common/services/spi/sam_spi/spi_master.o
                0x00401364                spi_select_device
 .text.spi_write_packet
                0x004013bc       0x74 src/ASF/common/services/spi/sam_spi/spi_master.o
                0x004013bc                spi_write_packet
 .text.spi_read_packet
                0x00401430       0xac src/ASF/common/services/spi/sam_spi/spi_master.o
                0x00401430                spi_read_packet
 .text._read    0x004014dc       0x54 src/ASF/common/utils/stdio/read.o
                0x004014dc                _read
 .text._write   0x00401530       0x6c src/ASF/common/utils/stdio/write.o
                0x00401530                _write
 .text.SCB_EnableICache
                0x0040159c       0x38 src/ASF/sam/boards/same70_xplained/init.o
 .text.SCB_EnableDCache
                0x004015d4       0xa4 src/ASF/sam/boards/same70_xplained/init.o
 .text.sysclk_enable_peripheral_clock
                0x00401678       0x1c src/ASF/sam/boards/same70_xplained/init.o
 .text.ioport_init
                0x00401694       0x2c src/ASF/sam/boards/same70_xplained/init.o
 .text.ioport_disable_pin
                0x004016c0       0x4c src/ASF/sam/boards/same70_xplained/init.o
 .text.ioport_set_pin_mode
                0x0040170c      0x11c src/ASF/sam/boards/same70_xplained/init.o
 .text.ioport_set_pin_dir
                0x00401828       0x88 src/ASF/sam/boards/same70_xplained/init.o
 .text.ioport_set_pin_level
                0x004018b0       0x6c src/ASF/sam/boards/same70_xplained/init.o
 .text.ioport_set_pin_sense_mode
                0x0040191c       0xd0 src/ASF/sam/boards/same70_xplained/init.o
 .text.tcm_disable
                0x004019ec       0x44 src/ASF/sam/boards/same70_xplained/init.o
 .text.board_init
                0x00401a30      0x1d8 src/ASF/sam/boards/same70_xplained/init.o
                0x00401a30                board_init
 .text.spi_enable
                0x00401c08       0x1a src/ASF/sam/components/display/ili9488/ili9488.o
 .text.spi_enable_interrupt
                0x00401c22       0x1c src/ASF/sam/components/display/ili9488/ili9488.o
 *fill*         0x00401c3e        0x2 
 .text.ili9488_write_ram_prepare
                0x00401c40       0x40 src/ASF/sam/components/display/ili9488/ili9488.o
 .text.ili9488_write_ram_buffer
                0x00401c80       0x40 src/ASF/sam/components/display/ili9488/ili9488.o
 .text.ili9488_write_register
                0x00401cc0       0x78 src/ASF/sam/components/display/ili9488/ili9488.o
 .text.ili9488_read_chipid
                0x00401d38       0xcc src/ASF/sam/components/display/ili9488/ili9488.o
 .text.ili9488_delay
                0x00401e04       0x40 src/ASF/sam/components/display/ili9488/ili9488.o
                0x00401e04                ili9488_delay
 .text.ili9488_check_box_coordinates
                0x00401e44       0xa2 src/ASF/sam/components/display/ili9488/ili9488.o
 *fill*         0x00401ee6        0x2 
 .text.ili9488_set_display_direction
                0x00401ee8       0x34 src/ASF/sam/components/display/ili9488/ili9488.o
                0x00401ee8                ili9488_set_display_direction
 .text.ili9488_set_window
                0x00401f1c       0xc8 src/ASF/sam/components/display/ili9488/ili9488.o
                0x00401f1c                ili9488_set_window
 .text.ili9488_init
                0x00401fe4      0x15c src/ASF/sam/components/display/ili9488/ili9488.o
                0x00401fe4                ili9488_init
 .text.ili9488_display_on
                0x00402140       0x18 src/ASF/sam/components/display/ili9488/ili9488.o
                0x00402140                ili9488_display_on
 .text.ili9488_set_foreground_color
                0x00402158       0x54 src/ASF/sam/components/display/ili9488/ili9488.o
                0x00402158                ili9488_set_foreground_color
 .text.ili9488_set_cursor_position
                0x004021ac       0x84 src/ASF/sam/components/display/ili9488/ili9488.o
                0x004021ac                ili9488_set_cursor_position
 .text.ili9488_draw_filled_rectangle
                0x00402230       0xdc src/ASF/sam/components/display/ili9488/ili9488.o
                0x00402230                ili9488_draw_filled_rectangle
 .text.ili9488_draw_pixmap
                0x0040230c       0xb4 src/ASF/sam/components/display/ili9488/ili9488.o
                0x0040230c                ili9488_draw_pixmap
 .text.pio_pull_up
                0x004023c0       0x2c src/ASF/sam/drivers/pio/pio.o
                0x004023c0                pio_pull_up
 .text.pio_set  0x004023ec       0x1c src/ASF/sam/drivers/pio/pio.o
                0x004023ec                pio_set
 .text.pio_clear
                0x00402408       0x1c src/ASF/sam/drivers/pio/pio.o
                0x00402408                pio_clear
 .text.pio_set_peripheral
                0x00402424      0x110 src/ASF/sam/drivers/pio/pio.o
                0x00402424                pio_set_peripheral
 .text.pio_set_input
                0x00402534       0x80 src/ASF/sam/drivers/pio/pio.o
                0x00402534                pio_set_input
 .text.pio_set_output
                0x004025b4       0x64 src/ASF/sam/drivers/pio/pio.o
                0x004025b4                pio_set_output
 .text.pio_configure
                0x00402618       0xcc src/ASF/sam/drivers/pio/pio.o
                0x00402618                pio_configure
 .text.pio_configure_interrupt
                0x004026e4       0x6c src/ASF/sam/drivers/pio/pio.o
                0x004026e4                pio_configure_interrupt
 .text.pio_enable_interrupt
                0x00402750       0x1c src/ASF/sam/drivers/pio/pio.o
                0x00402750                pio_enable_interrupt
 .text.pio_disable_interrupt
                0x0040276c       0x1c src/ASF/sam/drivers/pio/pio.o
                0x0040276c                pio_disable_interrupt
 .text.pio_get_interrupt_status
                0x00402788       0x18 src/ASF/sam/drivers/pio/pio.o
                0x00402788                pio_get_interrupt_status
 .text.pio_get_interrupt_mask
                0x004027a0       0x18 src/ASF/sam/drivers/pio/pio.o
                0x004027a0                pio_get_interrupt_mask
 .text.pio_set_pin_high
                0x004027b8       0x30 src/ASF/sam/drivers/pio/pio.o
                0x004027b8                pio_set_pin_high
 .text.pio_set_pin_low
                0x004027e8       0x30 src/ASF/sam/drivers/pio/pio.o
                0x004027e8                pio_set_pin_low
 .text.pio_configure_pin
                0x00402818      0x1b0 src/ASF/sam/drivers/pio/pio.o
                0x00402818                pio_configure_pin
 .text.pio_get_pin_group
                0x004029c8       0x28 src/ASF/sam/drivers/pio/pio.o
                0x004029c8                pio_get_pin_group
 .text.pio_handler_process
                0x004029f0       0xb4 src/ASF/sam/drivers/pio/pio_handler.o
                0x004029f0                pio_handler_process
 .text.pio_handler_set
                0x00402aa4       0xa0 src/ASF/sam/drivers/pio/pio_handler.o
                0x00402aa4                pio_handler_set
 .text.PIOA_Handler
                0x00402b44       0x18 src/ASF/sam/drivers/pio/pio_handler.o
                0x00402b44                PIOA_Handler
 .text.PIOB_Handler
                0x00402b5c       0x18 src/ASF/sam/drivers/pio/pio_handler.o
                0x00402b5c                PIOB_Handler
 .text.PIOC_Handler
                0x00402b74       0x18 src/ASF/sam/drivers/pio/pio_handler.o
                0x00402b74                PIOC_Handler
 .text.PIOD_Handler
                0x00402b8c       0x18 src/ASF/sam/drivers/pio/pio_handler.o
                0x00402b8c                PIOD_Handler
 .text.PIOE_Handler
                0x00402ba4       0x18 src/ASF/sam/drivers/pio/pio_handler.o
                0x00402ba4                PIOE_Handler
 .text.pmc_mck_set_division
                0x00402bbc       0x7c src/ASF/sam/drivers/pmc/pmc.o
                0x00402bbc                pmc_mck_set_division
 .text.pmc_switch_mck_to_pllack
                0x00402c38       0x84 src/ASF/sam/drivers/pmc/pmc.o
                0x00402c38                pmc_switch_mck_to_pllack
 .text.pmc_switch_sclk_to_32kxtal
                0x00402cbc       0x38 src/ASF/sam/drivers/pmc/pmc.o
                0x00402cbc                pmc_switch_sclk_to_32kxtal
 .text.pmc_osc_is_ready_32kxtal
                0x00402cf4       0x34 src/ASF/sam/drivers/pmc/pmc.o
                0x00402cf4                pmc_osc_is_ready_32kxtal
 .text.pmc_switch_mainck_to_fastrc
                0x00402d28       0x70 src/ASF/sam/drivers/pmc/pmc.o
                0x00402d28                pmc_switch_mainck_to_fastrc
 .text.pmc_switch_mainck_to_xtal
                0x00402d98       0x78 src/ASF/sam/drivers/pmc/pmc.o
                0x00402d98                pmc_switch_mainck_to_xtal
 .text.pmc_osc_is_ready_mainck
                0x00402e10       0x1c src/ASF/sam/drivers/pmc/pmc.o
                0x00402e10                pmc_osc_is_ready_mainck
 .text.pmc_disable_pllack
                0x00402e2c       0x1c src/ASF/sam/drivers/pmc/pmc.o
                0x00402e2c                pmc_disable_pllack
 .text.pmc_is_locked_pllack
                0x00402e48       0x1c src/ASF/sam/drivers/pmc/pmc.o
                0x00402e48                pmc_is_locked_pllack
 .text.pmc_is_locked_upll
                0x00402e64       0x1c src/ASF/sam/drivers/pmc/pmc.o
                0x00402e64                pmc_is_locked_upll
 .text.pmc_enable_periph_clk
                0x00402e80       0x3c src/ASF/sam/drivers/pmc/pmc.o
                0x00402e80                pmc_enable_periph_clk
 .text.spi_get_peripheral_select_mode
                0x00402ebc       0x26 src/ASF/sam/drivers/spi/spi.o
 *fill*         0x00402ee2        0x2 
 .text.sysclk_enable_peripheral_clock
                0x00402ee4       0x1c src/ASF/sam/drivers/spi/spi.o
 .text.spi_enable_clock
                0x00402f00       0x3c src/ASF/sam/drivers/spi/spi.o
                0x00402f00                spi_enable_clock
 .text.spi_set_peripheral_chip_select_value
                0x00402f3c       0x34 src/ASF/sam/drivers/spi/spi.o
                0x00402f3c                spi_set_peripheral_chip_select_value
 .text.spi_set_delay_between_chip_select
                0x00402f70       0x30 src/ASF/sam/drivers/spi/spi.o
                0x00402f70                spi_set_delay_between_chip_select
 .text.spi_write
                0x00402fa0       0x80 src/ASF/sam/drivers/spi/spi.o
                0x00402fa0                spi_write
 .text.spi_set_clock_polarity
                0x00403020       0x50 src/ASF/sam/drivers/spi/spi.o
                0x00403020                spi_set_clock_polarity
 .text.spi_set_clock_phase
                0x00403070       0x50 src/ASF/sam/drivers/spi/spi.o
                0x00403070                spi_set_clock_phase
 .text.spi_configure_cs_behavior
                0x004030c0       0xa6 src/ASF/sam/drivers/spi/spi.o
                0x004030c0                spi_configure_cs_behavior
 .text.spi_set_bits_per_transfer
                0x00403166       0x4a src/ASF/sam/drivers/spi/spi.o
                0x00403166                spi_set_bits_per_transfer
 .text.spi_calc_baudrate_div
                0x004031b0       0x3c src/ASF/sam/drivers/spi/spi.o
                0x004031b0                spi_calc_baudrate_div
 .text.spi_set_baudrate_div
                0x004031ec       0x5e src/ASF/sam/drivers/spi/spi.o
                0x004031ec                spi_set_baudrate_div
 .text.spi_set_transfer_delay
                0x0040324a       0x5e src/ASF/sam/drivers/spi/spi.o
                0x0040324a                spi_set_transfer_delay
 .text.twihs_enable_master_mode
                0x004032a8       0x26 src/ASF/sam/drivers/twihs/twihs.o
                0x004032a8                twihs_enable_master_mode
 *fill*         0x004032ce        0x2 
 .text.twihs_master_init
                0x004032d0       0x58 src/ASF/sam/drivers/twihs/twihs.o
                0x004032d0                twihs_master_init
 .text.twihs_set_speed
                0x00403328       0xf4 src/ASF/sam/drivers/twihs/twihs.o
                0x00403328                twihs_set_speed
 .text.twihs_mk_addr
                0x0040341c       0x5c src/ASF/sam/drivers/twihs/twihs.o
 .text.twihs_master_read
                0x00403478       0xe8 src/ASF/sam/drivers/twihs/twihs.o
                0x00403478                twihs_master_read
 .text.twihs_master_write
                0x00403560       0xdc src/ASF/sam/drivers/twihs/twihs.o
                0x00403560                twihs_master_write
 .text.twihs_reset
                0x0040363c       0x1e src/ASF/sam/drivers/twihs/twihs.o
                0x0040363c                twihs_reset
 .text.uart_init
                0x0040365a       0x58 src/ASF/sam/drivers/uart/uart.o
                0x0040365a                uart_init
 .text.uart_write
                0x004036b2       0x30 src/ASF/sam/drivers/uart/uart.o
                0x004036b2                uart_write
 .text.uart_read
                0x004036e2       0x32 src/ASF/sam/drivers/uart/uart.o
                0x004036e2                uart_read
 .text.usart_set_async_baudrate
                0x00403714       0x8a src/ASF/sam/drivers/usart/usart.o
                0x00403714                usart_set_async_baudrate
 *fill*         0x0040379e        0x2 
 .text.usart_reset
                0x004037a0       0x54 src/ASF/sam/drivers/usart/usart.o
                0x004037a0                usart_reset
 .text.usart_init_rs232
                0x004037f4       0x84 src/ASF/sam/drivers/usart/usart.o
                0x004037f4                usart_init_rs232
 .text.usart_enable_tx
                0x00403878       0x1a src/ASF/sam/drivers/usart/usart.o
                0x00403878                usart_enable_tx
 .text.usart_reset_tx
                0x00403892       0x1a src/ASF/sam/drivers/usart/usart.o
                0x00403892                usart_reset_tx
 .text.usart_enable_rx
                0x004038ac       0x1a src/ASF/sam/drivers/usart/usart.o
                0x004038ac                usart_enable_rx
 .text.usart_reset_rx
                0x004038c6       0x1a src/ASF/sam/drivers/usart/usart.o
                0x004038c6                usart_reset_rx
 .text.usart_reset_status
                0x004038e0       0x1c src/ASF/sam/drivers/usart/usart.o
                0x004038e0                usart_reset_status
 .text.usart_drive_RTS_pin_high
                0x004038fc       0x1c src/ASF/sam/drivers/usart/usart.o
                0x004038fc                usart_drive_RTS_pin_high
 .text.usart_write
                0x00403918       0x32 src/ASF/sam/drivers/usart/usart.o
                0x00403918                usart_write
 .text.usart_read
                0x0040394a       0x34 src/ASF/sam/drivers/usart/usart.o
                0x0040394a                usart_read
 *fill*         0x0040397e        0x2 
 .text.usart_disable_writeprotect
                0x00403980       0x20 src/ASF/sam/drivers/usart/usart.o
                0x00403980                usart_disable_writeprotect
 .text.cpu_irq_save
                0x004039a0       0x38 src/ASF/sam/utils/cmsis/same70/source/templates/gcc/startup_same70.o
 .text.cpu_irq_is_enabled_flags
                0x004039d8       0x20 src/ASF/sam/utils/cmsis/same70/source/templates/gcc/startup_same70.o
 .text.cpu_irq_restore
                0x004039f8       0x30 src/ASF/sam/utils/cmsis/same70/source/templates/gcc/startup_same70.o
 .text.Reset_Handler
                0x00403a28       0xb0 src/ASF/sam/utils/cmsis/same70/source/templates/gcc/startup_same70.o
                0x00403a28                Reset_Handler
 .text.Dummy_Handler
                0x00403ad8        0x6 src/ASF/sam/utils/cmsis/same70/source/templates/gcc/startup_same70.o
                0x00403ad8                DACC_Handler
                0x00403ad8                DebugMon_Handler
                0x00403ad8                UART3_Handler
                0x00403ad8                UART2_Handler
                0x00403ad8                TRNG_Handler
                0x00403ad8                HardFault_Handler
                0x00403ad8                TC2_Handler
                0x00403ad8                SysTick_Handler
                0x00403ad8                AFEC1_Handler
                0x00403ad8                PendSV_Handler
                0x00403ad8                NMI_Handler
                0x00403ad8                TC7_Handler
                0x00403ad8                QSPI_Handler
                0x00403ad8                ISI_Handler
                0x00403ad8                MCAN0_INT0_Handler
                0x00403ad8                TC9_Handler
                0x00403ad8                RSWDT_Handler
                0x00403ad8                USART0_Handler
                0x00403ad8                RTT_Handler
                0x00403ad8                USBHS_Handler
                0x00403ad8                IXC_Handler
                0x00403ad8                CCF_Handler
                0x00403ad8                RTC_Handler
                0x00403ad8                UsageFault_Handler
                0x00403ad8                TC6_Handler
                0x00403ad8                WDT_Handler
                0x00403ad8                MCAN1_INT1_Handler
                0x00403ad8                TC4_Handler
                0x00403ad8                TC1_Handler
                0x00403ad8                HSMCI_Handler
                0x00403ad8                UART1_Handler
                0x00403ad8                TC3_Handler
                0x00403ad8                Dummy_Handler
                0x00403ad8                TWIHS1_Handler
                0x00403ad8                XDMAC_Handler
                0x00403ad8                UART4_Handler
                0x00403ad8                PWM1_Handler
                0x00403ad8                USART1_Handler
                0x00403ad8                PWM0_Handler
                0x00403ad8                AFEC0_Handler
                0x00403ad8                CCW_Handler
                0x00403ad8                TC11_Handler
                0x00403ad8                SSC_Handler
                0x00403ad8                ACC_Handler
                0x00403ad8                PMC_Handler
                0x00403ad8                GMAC_Handler
                0x00403ad8                MCAN0_INT1_Handler
                0x00403ad8                GMAC_Q5_Handler
                0x00403ad8                MemManage_Handler
                0x00403ad8                SUPC_Handler
                0x00403ad8                SVC_Handler
                0x00403ad8                TC8_Handler
                0x00403ad8                MCAN1_INT0_Handler
                0x00403ad8                EFC_Handler
                0x00403ad8                GMAC_Q1_Handler
                0x00403ad8                USART2_Handler
                0x00403ad8                SDRAMC_Handler
                0x00403ad8                GMAC_Q2_Handler
                0x00403ad8                SPI1_Handler
                0x00403ad8                TC10_Handler
                0x00403ad8                GMAC_Q3_Handler
                0x00403ad8                TWIHS2_Handler
                0x00403ad8                I2SC0_Handler
                0x00403ad8                UART0_Handler
                0x00403ad8                I2SC1_Handler
                0x00403ad8                GMAC_Q4_Handler
                0x00403ad8                FPU_Handler
                0x00403ad8                BusFault_Handler
                0x00403ad8                RSTC_Handler
                0x00403ad8                TC0_Handler
                0x00403ad8                TC5_Handler
                0x00403ad8                AES_Handler
                0x00403ad8                ICM_Handler
                0x00403ad8                TWIHS0_Handler
                0x00403ad8                SPI0_Handler
 *fill*         0x00403ade        0x2 
 .text.SystemCoreClockUpdate
                0x00403ae0      0x168 src/ASF/sam/utils/cmsis/same70/source/templates/system_same70.o
                0x00403ae0                SystemCoreClockUpdate
 .text.system_init_flash
                0x00403c48       0xb0 src/ASF/sam/utils/cmsis/same70/source/templates/system_same70.o
                0x00403c48                system_init_flash
 .text._sbrk    0x00403cf8       0x58 src/ASF/sam/utils/syscalls/gcc/syscalls.o
                0x00403cf8                _sbrk
 .text._close   0x00403d50       0x18 src/ASF/sam/utils/syscalls/gcc/syscalls.o
                0x00403d50                _close
 .text._fstat   0x00403d68       0x20 src/ASF/sam/utils/syscalls/gcc/syscalls.o
                0x00403d68                _fstat
 .text._isatty  0x00403d88       0x16 src/ASF/sam/utils/syscalls/gcc/syscalls.o
                0x00403d88                _isatty
 .text._lseek   0x00403d9e       0x1a src/ASF/sam/utils/syscalls/gcc/syscalls.o
                0x00403d9e                _lseek
 .text.NVIC_EnableIRQ
                0x00403db8       0x34 src/main.o
 .text.NVIC_SetPriority
                0x00403dec       0x54 src/main.o
 .text.osc_get_rate
                0x00403e40       0x74 src/main.o
 .text.sysclk_get_main_hz
                0x00403eb4       0x20 src/main.o
 .text.sysclk_get_cpu_hz
                0x00403ed4       0x14 src/main.o
 .text.sysclk_get_peripheral_hz
                0x00403ee8       0x14 src/main.o
 .text.sysclk_enable_peripheral_clock
                0x00403efc       0x1c src/main.o
 .text.usart_serial_init
                0x00403f18      0x180 src/main.o
 .text.usart_serial_putchar
                0x00404098      0x10c src/main.o
 .text.usart_serial_getchar
                0x004041a4      0x108 src/main.o
 .text.stdio_serial_init
                0x004042ac       0x68 src/main.o
 .text.twihs_master_setup
                0x00404314       0x74 src/main.o
 .text.back_callback
                0x00404388       0x34 src/main.o
                0x00404388                back_callback
 .text.next_callback
                0x004043bc       0x34 src/main.o
                0x004043bc                next_callback
 .text.lock_callback
                0x004043f0       0x34 src/main.o
                0x004043f0                lock_callback
 .text.PORTA_callback
                0x00404424       0x18 src/main.o
                0x00404424                PORTA_callback
 .text.start_callback
                0x0040443c       0x40 src/main.o
                0x0040443c                start_callback
 .text.processa_touch
                0x0040447c       0xbc src/main.o
                0x0040447c                processa_touch
 .text.font_draw_text
                0x00404538       0x88 src/main.o
                0x00404538                font_draw_text
 .text.configure_lcd
                0x004045c0       0x38 src/main.o
 .text.mxt_init
                0x004045f8      0x210 src/main.o
 .text.draw_time
                0x00404808       0x70 src/main.o
                0x00404808                draw_time
 .text.convert_axis_system_x
                0x00404878       0x24 src/main.o
                0x00404878                convert_axis_system_x
 .text.convert_axis_system_y
                0x0040489c       0x24 src/main.o
                0x0040489c                convert_axis_system_y
 .text.mxt_handler
                0x004048c0      0x148 src/main.o
                0x004048c0                mxt_handler
 .text.io_init  0x00404a08       0xa8 src/main.o
                0x00404a08                io_init
 .text.draw_menu_screen
                0x00404ab0      0x1bc src/main.o
                0x00404ab0                draw_menu_screen
 .text.draw_started_screen
                0x00404c6c       0xc0 src/main.o
                0x00404c6c                draw_started_screen
 .text.draw_lock_screen
                0x00404d2c       0x6c src/main.o
                0x00404d2c                draw_lock_screen
 .text.draw_door_screen
                0x00404d98       0xac src/main.o
                0x00404d98                draw_door_screen
 .text.draw_cicle
                0x00404e44       0xc4 src/main.o
                0x00404e44                draw_cicle
 .text.main     0x00404f08      0x3f0 src/main.o
                0x00404f08                main
 .text          0x004052f8       0x30 e:/apps/atmel/studio/7.0/toolchain/arm/arm-gnu-toolchain/bin/../lib/gcc/arm-none-eabi/6.3.1/thumb/v7e-m\libgcc.a(_aeabi_uldivmod.o)
                0x004052f8                __aeabi_uldivmod
 .text          0x00405328      0x2dc e:/apps/atmel/studio/7.0/toolchain/arm/arm-gnu-toolchain/bin/../lib/gcc/arm-none-eabi/6.3.1/thumb/v7e-m\libgcc.a(_udivmoddi4.o)
                0x00405328                __udivmoddi4
 .text          0x00405604        0x4 e:/apps/atmel/studio/7.0/toolchain/arm/arm-gnu-toolchain/bin/../lib/gcc/arm-none-eabi/6.3.1/thumb/v7e-m\libgcc.a(_dvmd_tls.o)
                0x00405604                __aeabi_idiv0
                0x00405604                __aeabi_ldiv0
 .text.__libc_init_array
                0x00405608       0x50 e:/apps/atmel/studio/7.0/toolchain/arm/arm-gnu-toolchain/bin/../lib/gcc/arm-none-eabi/6.3.1/../../../../arm-none-eabi/lib/thumb/v7e-m\libc.a(lib_a-init.o)
                0x00405608                __libc_init_array
 .text.iprintf  0x00405658       0x28 e:/apps/atmel/studio/7.0/toolchain/arm/arm-gnu-toolchain/bin/../lib/gcc/arm-none-eabi/6.3.1/../../../../arm-none-eabi/lib/thumb/v7e-m\libc.a(lib_a-iprintf.o)
                0x00405658                iprintf
 .text.malloc   0x00405680       0x10 e:/apps/atmel/studio/7.0/toolchain/arm/arm-gnu-toolchain/bin/../lib/gcc/arm-none-eabi/6.3.1/../../../../arm-none-eabi/lib/thumb/v7e-m\libc.a(lib_a-malloc.o)
                0x00405680                malloc
 .text._malloc_r
                0x00405690      0x560 e:/apps/atmel/studio/7.0/toolchain/arm/arm-gnu-toolchain/bin/../lib/gcc/arm-none-eabi/6.3.1/../../../../arm-none-eabi/lib/thumb/v7e-m\libc.a(lib_a-mallocr.o)
                0x00405690                _malloc_r
 .text.memset   0x00405bf0       0x9c e:/apps/atmel/studio/7.0/toolchain/arm/arm-gnu-toolchain/bin/../lib/gcc/arm-none-eabi/6.3.1/../../../../arm-none-eabi/lib/thumb/v7e-m\libc.a(lib_a-memset.o)
                0x00405bf0                memset
 .text.__malloc_lock
                0x00405c8c        0xc e:/apps/atmel/studio/7.0/toolchain/arm/arm-gnu-toolchain/bin/../lib/gcc/arm-none-eabi/6.3.1/../../../../arm-none-eabi/lib/thumb/v7e-m\libc.a(lib_a-mlock.o)
                0x00405c8c                __malloc_lock
 .text.__malloc_unlock
                0x00405c98        0xc e:/apps/atmel/studio/7.0/toolchain/arm/arm-gnu-toolchain/bin/../lib/gcc/arm-none-eabi/6.3.1/../../../../arm-none-eabi/lib/thumb/v7e-m\libc.a(lib_a-mlock.o)
                0x00405c98                __malloc_unlock
 .text._sbrk_r  0x00405ca4       0x24 e:/apps/atmel/studio/7.0/toolchain/arm/arm-gnu-toolchain/bin/../lib/gcc/arm-none-eabi/6.3.1/../../../../arm-none-eabi/lib/thumb/v7e-m\libc.a(lib_a-sbrkr.o)
                0x00405ca4                _sbrk_r
 .text.setbuf   0x00405cc8       0x10 e:/apps/atmel/studio/7.0/toolchain/arm/arm-gnu-toolchain/bin/../lib/gcc/arm-none-eabi/6.3.1/../../../../arm-none-eabi/lib/thumb/v7e-m\libc.a(lib_a-setbuf.o)
                0x00405cc8                setbuf
 .text.setvbuf  0x00405cd8      0x190 e:/apps/atmel/studio/7.0/toolchain/arm/arm-gnu-toolchain/bin/../lib/gcc/arm-none-eabi/6.3.1/../../../../arm-none-eabi/lib/thumb/v7e-m\libc.a(lib_a-setvbuf.o)
                0x00405cd8                setvbuf
 .text.sprintf  0x00405e68       0x4c e:/apps/atmel/studio/7.0/toolchain/arm/arm-gnu-toolchain/bin/../lib/gcc/arm-none-eabi/6.3.1/../../../../arm-none-eabi/lib/thumb/v7e-m\libc.a(lib_a-sprintf.o)
                0x00405e68                sprintf
 .text.strcat   0x00405eb4       0x40 e:/apps/atmel/studio/7.0/toolchain/arm/arm-gnu-toolchain/bin/../lib/gcc/arm-none-eabi/6.3.1/../../../../arm-none-eabi/lib/thumb/v7e-m\libc.a(lib_a-strcat.o)
                0x00405eb4                strcat
 .text.strcpy   0x00405ef4       0xbc e:/apps/atmel/studio/7.0/toolchain/arm/arm-gnu-toolchain/bin/../lib/gcc/arm-none-eabi/6.3.1/../../../../arm-none-eabi/lib/thumb/v7e-m\libc.a(lib_a-strcpy.o)
                0x00405ef4                strcpy
 *fill*         0x00405fb0       0x10 
 .text          0x00405fc0       0xdc e:/apps/atmel/studio/7.0/toolchain/arm/arm-gnu-toolchain/bin/../lib/gcc/arm-none-eabi/6.3.1/../../../../arm-none-eabi/lib/thumb/v7e-m\libc.a(lib_a-strlen.o)
                0x00405fc0                strlen
 .text._svfprintf_r
                0x0040609c     0x145c e:/apps/atmel/studio/7.0/toolchain/arm/arm-gnu-toolchain/bin/../lib/gcc/arm-none-eabi/6.3.1/../../../../arm-none-eabi/lib/thumb/v7e-m\libc.a(lib_a-svfprintf.o)
                0x0040609c                _svfprintf_r
 .text.__sprint_r.part.0
                0x004074f8       0x80 e:/apps/atmel/studio/7.0/toolchain/arm/arm-gnu-toolchain/bin/../lib/gcc/arm-none-eabi/6.3.1/../../../../arm-none-eabi/lib/thumb/v7e-m\libc.a(lib_a-vfiprintf.o)
 .text._vfiprintf_r
                0x00407578      0xc90 e:/apps/atmel/studio/7.0/toolchain/arm/arm-gnu-toolchain/bin/../lib/gcc/arm-none-eabi/6.3.1/../../../../arm-none-eabi/lib/thumb/v7e-m\libc.a(lib_a-vfiprintf.o)
                0x00407578                _vfiprintf_r
 .text.__sbprintf
                0x00408208       0x84 e:/apps/atmel/studio/7.0/toolchain/arm/arm-gnu-toolchain/bin/../lib/gcc/arm-none-eabi/6.3.1/../../../../arm-none-eabi/lib/thumb/v7e-m\libc.a(lib_a-vfiprintf.o)
 .text.__swsetup_r
                0x0040828c       0xc8 e:/apps/atmel/studio/7.0/toolchain/arm/arm-gnu-toolchain/bin/../lib/gcc/arm-none-eabi/6.3.1/../../../../arm-none-eabi/lib/thumb/v7e-m\libc.a(lib_a-wsetup.o)
                0x0040828c                __swsetup_r
 .text.startup.register_fini
                0x00408354       0x14 e:/apps/atmel/studio/7.0/toolchain/arm/arm-gnu-toolchain/bin/../lib/gcc/arm-none-eabi/6.3.1/../../../../arm-none-eabi/lib/thumb/v7e-m\libc.a(lib_a-__call_atexit.o)
 .text.atexit   0x00408368        0xc e:/apps/atmel/studio/7.0/toolchain/arm/arm-gnu-toolchain/bin/../lib/gcc/arm-none-eabi/6.3.1/../../../../arm-none-eabi/lib/thumb/v7e-m\libc.a(lib_a-atexit.o)
                0x00408368                atexit
 .text.quorem   0x00408374      0x128 e:/apps/atmel/studio/7.0/toolchain/arm/arm-gnu-toolchain/bin/../lib/gcc/arm-none-eabi/6.3.1/../../../../arm-none-eabi/lib/thumb/v7e-m\libc.a(lib_a-dtoa.o)
 *fill*         0x0040849c        0x4 
 .text._dtoa_r  0x004084a0      0xe54 e:/apps/atmel/studio/7.0/toolchain/arm/arm-gnu-toolchain/bin/../lib/gcc/arm-none-eabi/6.3.1/../../../../arm-none-eabi/lib/thumb/v7e-m\libc.a(lib_a-dtoa.o)
                0x004084a0                _dtoa_r
 .text.__sflush_r
                0x004092f4      0x140 e:/apps/atmel/studio/7.0/toolchain/arm/arm-gnu-toolchain/bin/../lib/gcc/arm-none-eabi/6.3.1/../../../../arm-none-eabi/lib/thumb/v7e-m\libc.a(lib_a-fflush.o)
                0x004092f4                __sflush_r
 .text._fflush_r
                0x00409434       0x54 e:/apps/atmel/studio/7.0/toolchain/arm/arm-gnu-toolchain/bin/../lib/gcc/arm-none-eabi/6.3.1/../../../../arm-none-eabi/lib/thumb/v7e-m\libc.a(lib_a-fflush.o)
                0x00409434                _fflush_r
 .text._cleanup_r
                0x00409488        0xc e:/apps/atmel/studio/7.0/toolchain/arm/arm-gnu-toolchain/bin/../lib/gcc/arm-none-eabi/6.3.1/../../../../arm-none-eabi/lib/thumb/v7e-m\libc.a(lib_a-findfp.o)
                0x00409488                _cleanup_r
 .text.std.isra.0
                0x00409494       0x50 e:/apps/atmel/studio/7.0/toolchain/arm/arm-gnu-toolchain/bin/../lib/gcc/arm-none-eabi/6.3.1/../../../../arm-none-eabi/lib/thumb/v7e-m\libc.a(lib_a-findfp.o)
 .text.__sinit  0x004094e4       0x58 e:/apps/atmel/studio/7.0/toolchain/arm/arm-gnu-toolchain/bin/../lib/gcc/arm-none-eabi/6.3.1/../../../../arm-none-eabi/lib/thumb/v7e-m\libc.a(lib_a-findfp.o)
                0x004094e4                __sinit
 .text.__sfp_lock_acquire
                0x0040953c        0xc e:/apps/atmel/studio/7.0/toolchain/arm/arm-gnu-toolchain/bin/../lib/gcc/arm-none-eabi/6.3.1/../../../../arm-none-eabi/lib/thumb/v7e-m\libc.a(lib_a-findfp.o)
                0x0040953c                __sfp_lock_acquire
 .text.__sfp_lock_release
                0x00409548        0xc e:/apps/atmel/studio/7.0/toolchain/arm/arm-gnu-toolchain/bin/../lib/gcc/arm-none-eabi/6.3.1/../../../../arm-none-eabi/lib/thumb/v7e-m\libc.a(lib_a-findfp.o)
                0x00409548                __sfp_lock_release
 .text.__libc_fini_array
                0x00409554       0x34 e:/apps/atmel/studio/7.0/toolchain/arm/arm-gnu-toolchain/bin/../lib/gcc/arm-none-eabi/6.3.1/../../../../arm-none-eabi/lib/thumb/v7e-m\libc.a(lib_a-fini.o)
                0x00409554                __libc_fini_array
 .text.__fputwc
                0x00409588       0xa0 e:/apps/atmel/studio/7.0/toolchain/arm/arm-gnu-toolchain/bin/../lib/gcc/arm-none-eabi/6.3.1/../../../../arm-none-eabi/lib/thumb/v7e-m\libc.a(lib_a-fputwc.o)
                0x00409588                __fputwc
 .text._fputwc_r
                0x00409628       0x68 e:/apps/atmel/studio/7.0/toolchain/arm/arm-gnu-toolchain/bin/../lib/gcc/arm-none-eabi/6.3.1/../../../../arm-none-eabi/lib/thumb/v7e-m\libc.a(lib_a-fputwc.o)
                0x00409628                _fputwc_r
 .text._malloc_trim_r
                0x00409690       0xa0 e:/apps/atmel/studio/7.0/toolchain/arm/arm-gnu-toolchain/bin/../lib/gcc/arm-none-eabi/6.3.1/../../../../arm-none-eabi/lib/thumb/v7e-m\libc.a(lib_a-freer.o)
                0x00409690                _malloc_trim_r
 .text._free_r  0x00409730      0x1cc e:/apps/atmel/studio/7.0/toolchain/arm/arm-gnu-toolchain/bin/../lib/gcc/arm-none-eabi/6.3.1/../../../../arm-none-eabi/lib/thumb/v7e-m\libc.a(lib_a-freer.o)
                0x00409730                _free_r
 .text.__sfvwrite_r
                0x004098fc      0x2f0 e:/apps/atmel/studio/7.0/toolchain/arm/arm-gnu-toolchain/bin/../lib/gcc/arm-none-eabi/6.3.1/../../../../arm-none-eabi/lib/thumb/v7e-m\libc.a(lib_a-fvwrite.o)
                0x004098fc                __sfvwrite_r
 .text._fwalk_reent
                0x00409bec       0x54 e:/apps/atmel/studio/7.0/toolchain/arm/arm-gnu-toolchain/bin/../lib/gcc/arm-none-eabi/6.3.1/../../../../arm-none-eabi/lib/thumb/v7e-m\libc.a(lib_a-fwalk.o)
                0x00409bec                _fwalk_reent
 .text.__locale_mb_cur_max
                0x00409c40       0x1c e:/apps/atmel/studio/7.0/toolchain/arm/arm-gnu-toolchain/bin/../lib/gcc/arm-none-eabi/6.3.1/../../../../arm-none-eabi/lib/thumb/v7e-m\libc.a(lib_a-locale.o)
                0x00409c40                __locale_mb_cur_max
 .text._localeconv_r
                0x00409c5c       0x1c e:/apps/atmel/studio/7.0/toolchain/arm/arm-gnu-toolchain/bin/../lib/gcc/arm-none-eabi/6.3.1/../../../../arm-none-eabi/lib/thumb/v7e-m\libc.a(lib_a-localeconv.o)
                0x00409c5c                _localeconv_r
 .text.__retarget_lock_init_recursive
                0x00409c78        0x4 e:/apps/atmel/studio/7.0/toolchain/arm/arm-gnu-toolchain/bin/../lib/gcc/arm-none-eabi/6.3.1/../../../../arm-none-eabi/lib/thumb/v7e-m\libc.a(lib_a-lock.o)
                0x00409c78                __retarget_lock_init_recursive
 .text.__retarget_lock_close_recursive
                0x00409c7c        0x4 e:/apps/atmel/studio/7.0/toolchain/arm/arm-gnu-toolchain/bin/../lib/gcc/arm-none-eabi/6.3.1/../../../../arm-none-eabi/lib/thumb/v7e-m\libc.a(lib_a-lock.o)
                0x00409c7c                __retarget_lock_close_recursive
 .text.__retarget_lock_acquire_recursive
                0x00409c80        0x4 e:/apps/atmel/studio/7.0/toolchain/arm/arm-gnu-toolchain/bin/../lib/gcc/arm-none-eabi/6.3.1/../../../../arm-none-eabi/lib/thumb/v7e-m\libc.a(lib_a-lock.o)
                0x00409c80                __retarget_lock_acquire_recursive
 .text.__retarget_lock_release_recursive
                0x00409c84        0x4 e:/apps/atmel/studio/7.0/toolchain/arm/arm-gnu-toolchain/bin/../lib/gcc/arm-none-eabi/6.3.1/../../../../arm-none-eabi/lib/thumb/v7e-m\libc.a(lib_a-lock.o)
                0x00409c84                __retarget_lock_release_recursive
 .text.__swhatbuf_r
                0x00409c88       0x5c e:/apps/atmel/studio/7.0/toolchain/arm/arm-gnu-toolchain/bin/../lib/gcc/arm-none-eabi/6.3.1/../../../../arm-none-eabi/lib/thumb/v7e-m\libc.a(lib_a-makebuf.o)
                0x00409c88                __swhatbuf_r
 .text.__smakebuf_r
                0x00409ce4       0x94 e:/apps/atmel/studio/7.0/toolchain/arm/arm-gnu-toolchain/bin/../lib/gcc/arm-none-eabi/6.3.1/../../../../arm-none-eabi/lib/thumb/v7e-m\libc.a(lib_a-makebuf.o)
                0x00409ce4                __smakebuf_r
 .text.__ascii_mbtowc
                0x00409d78       0x2c e:/apps/atmel/studio/7.0/toolchain/arm/arm-gnu-toolchain/bin/../lib/gcc/arm-none-eabi/6.3.1/../../../../arm-none-eabi/lib/thumb/v7e-m\libc.a(lib_a-mbtowc_r.o)
                0x00409d78                __ascii_mbtowc
 *fill*         0x00409da4        0xc 
 .text          0x00409db0       0xa0 e:/apps/atmel/studio/7.0/toolchain/arm/arm-gnu-toolchain/bin/../lib/gcc/arm-none-eabi/6.3.1/../../../../arm-none-eabi/lib/thumb/v7e-m\libc.a(lib_a-memchr.o)
                0x00409db0                memchr
 .text          0x00409e50      0x134 e:/apps/atmel/studio/7.0/toolchain/arm/arm-gnu-toolchain/bin/../lib/gcc/arm-none-eabi/6.3.1/../../../../arm-none-eabi/lib/thumb/v7e-m\libc.a(lib_a-memcpy.o)
                0x00409e50                memcpy
 .text.memmove  0x00409f84       0xc8 e:/apps/atmel/studio/7.0/toolchain/arm/arm-gnu-toolchain/bin/../lib/gcc/arm-none-eabi/6.3.1/../../../../arm-none-eabi/lib/thumb/v7e-m\libc.a(lib_a-memmove.o)
                0x00409f84                memmove
 .text._Balloc  0x0040a04c       0x4c e:/apps/atmel/studio/7.0/toolchain/arm/arm-gnu-toolchain/bin/../lib/gcc/arm-none-eabi/6.3.1/../../../../arm-none-eabi/lib/thumb/v7e-m\libc.a(lib_a-mprec.o)
                0x0040a04c                _Balloc
 .text._Bfree   0x0040a098       0x14 e:/apps/atmel/studio/7.0/toolchain/arm/arm-gnu-toolchain/bin/../lib/gcc/arm-none-eabi/6.3.1/../../../../arm-none-eabi/lib/thumb/v7e-m\libc.a(lib_a-mprec.o)
                0x0040a098                _Bfree
 .text.__multadd
                0x0040a0ac       0x80 e:/apps/atmel/studio/7.0/toolchain/arm/arm-gnu-toolchain/bin/../lib/gcc/arm-none-eabi/6.3.1/../../../../arm-none-eabi/lib/thumb/v7e-m\libc.a(lib_a-mprec.o)
                0x0040a0ac                __multadd
 .text.__hi0bits
                0x0040a12c       0x40 e:/apps/atmel/studio/7.0/toolchain/arm/arm-gnu-toolchain/bin/../lib/gcc/arm-none-eabi/6.3.1/../../../../arm-none-eabi/lib/thumb/v7e-m\libc.a(lib_a-mprec.o)
                0x0040a12c                __hi0bits
 .text.__lo0bits
                0x0040a16c       0x60 e:/apps/atmel/studio/7.0/toolchain/arm/arm-gnu-toolchain/bin/../lib/gcc/arm-none-eabi/6.3.1/../../../../arm-none-eabi/lib/thumb/v7e-m\libc.a(lib_a-mprec.o)
                0x0040a16c                __lo0bits
 .text.__i2b    0x0040a1cc       0x14 e:/apps/atmel/studio/7.0/toolchain/arm/arm-gnu-toolchain/bin/../lib/gcc/arm-none-eabi/6.3.1/../../../../arm-none-eabi/lib/thumb/v7e-m\libc.a(lib_a-mprec.o)
                0x0040a1cc                __i2b
 .text.__multiply
                0x0040a1e0      0x124 e:/apps/atmel/studio/7.0/toolchain/arm/arm-gnu-toolchain/bin/../lib/gcc/arm-none-eabi/6.3.1/../../../../arm-none-eabi/lib/thumb/v7e-m\libc.a(lib_a-mprec.o)
                0x0040a1e0                __multiply
 .text.__pow5mult
                0x0040a304       0xa0 e:/apps/atmel/studio/7.0/toolchain/arm/arm-gnu-toolchain/bin/../lib/gcc/arm-none-eabi/6.3.1/../../../../arm-none-eabi/lib/thumb/v7e-m\libc.a(lib_a-mprec.o)
                0x0040a304                __pow5mult
 .text.__lshift
                0x0040a3a4       0xa4 e:/apps/atmel/studio/7.0/toolchain/arm/arm-gnu-toolchain/bin/../lib/gcc/arm-none-eabi/6.3.1/../../../../arm-none-eabi/lib/thumb/v7e-m\libc.a(lib_a-mprec.o)
                0x0040a3a4                __lshift
 .text.__mcmp   0x0040a448       0x38 e:/apps/atmel/studio/7.0/toolchain/arm/arm-gnu-toolchain/bin/../lib/gcc/arm-none-eabi/6.3.1/../../../../arm-none-eabi/lib/thumb/v7e-m\libc.a(lib_a-mprec.o)
                0x0040a448                __mcmp
 .text.__mdiff  0x0040a480      0x108 e:/apps/atmel/studio/7.0/toolchain/arm/arm-gnu-toolchain/bin/../lib/gcc/arm-none-eabi/6.3.1/../../../../arm-none-eabi/lib/thumb/v7e-m\libc.a(lib_a-mprec.o)
                0x0040a480                __mdiff
 .text.__d2b    0x0040a588       0xb8 e:/apps/atmel/studio/7.0/toolchain/arm/arm-gnu-toolchain/bin/../lib/gcc/arm-none-eabi/6.3.1/../../../../arm-none-eabi/lib/thumb/v7e-m\libc.a(lib_a-mprec.o)
                0x0040a588                __d2b
 .text._realloc_r
                0x0040a640      0x34c e:/apps/atmel/studio/7.0/toolchain/arm/arm-gnu-toolchain/bin/../lib/gcc/arm-none-eabi/6.3.1/../../../../arm-none-eabi/lib/thumb/v7e-m\libc.a(lib_a-reallocr.o)
                0x0040a640                _realloc_r
 .text.__sread  0x0040a98c       0x24 e:/apps/atmel/studio/7.0/toolchain/arm/arm-gnu-toolchain/bin/../lib/gcc/arm-none-eabi/6.3.1/../../../../arm-none-eabi/lib/thumb/v7e-m\libc.a(lib_a-stdio.o)
                0x0040a98c                __sread
 .text.__swrite
                0x0040a9b0       0x3c e:/apps/atmel/studio/7.0/toolchain/arm/arm-gnu-toolchain/bin/../lib/gcc/arm-none-eabi/6.3.1/../../../../arm-none-eabi/lib/thumb/v7e-m\libc.a(lib_a-stdio.o)
                0x0040a9b0                __swrite
 .text.__sseek  0x0040a9ec       0x20 e:/apps/atmel/studio/7.0/toolchain/arm/arm-gnu-toolchain/bin/../lib/gcc/arm-none-eabi/6.3.1/../../../../arm-none-eabi/lib/thumb/v7e-m\libc.a(lib_a-stdio.o)
                0x0040a9ec                __sseek
 .text.__sclose
                0x0040aa0c        0x8 e:/apps/atmel/studio/7.0/toolchain/arm/arm-gnu-toolchain/bin/../lib/gcc/arm-none-eabi/6.3.1/../../../../arm-none-eabi/lib/thumb/v7e-m\libc.a(lib_a-stdio.o)
                0x0040aa0c                __sclose
 .text.__ssprint_r
                0x0040aa14       0xfc e:/apps/atmel/studio/7.0/toolchain/arm/arm-gnu-toolchain/bin/../lib/gcc/arm-none-eabi/6.3.1/../../../../arm-none-eabi/lib/thumb/v7e-m\libc.a(lib_a-svfiprintf.o)
                0x0040aa14                __ssprint_r
 .text.__swbuf_r
                0x0040ab10       0xb0 e:/apps/atmel/studio/7.0/toolchain/arm/arm-gnu-toolchain/bin/../lib/gcc/arm-none-eabi/6.3.1/../../../../arm-none-eabi/lib/thumb/v7e-m\libc.a(lib_a-wbuf.o)
                0x0040ab10                __swbuf_r
 .text._wcrtomb_r
                0x0040abc0       0x54 e:/apps/atmel/studio/7.0/toolchain/arm/arm-gnu-toolchain/bin/../lib/gcc/arm-none-eabi/6.3.1/../../../../arm-none-eabi/lib/thumb/v7e-m\libc.a(lib_a-wcrtomb.o)
                0x0040abc0                _wcrtomb_r
 .text.__ascii_wctomb
                0x0040ac14       0x1c e:/apps/atmel/studio/7.0/toolchain/arm/arm-gnu-toolchain/bin/../lib/gcc/arm-none-eabi/6.3.1/../../../../arm-none-eabi/lib/thumb/v7e-m\libc.a(lib_a-wctomb_r.o)
                0x0040ac14                __ascii_wctomb
 .text._write_r
                0x0040ac30       0x2c e:/apps/atmel/studio/7.0/toolchain/arm/arm-gnu-toolchain/bin/../lib/gcc/arm-none-eabi/6.3.1/../../../../arm-none-eabi/lib/thumb/v7e-m\libc.a(lib_a-writer.o)
                0x0040ac30                _write_r
 .text.__register_exitproc
                0x0040ac5c       0xc4 e:/apps/atmel/studio/7.0/toolchain/arm/arm-gnu-toolchain/bin/../lib/gcc/arm-none-eabi/6.3.1/../../../../arm-none-eabi/lib/thumb/v7e-m\libc.a(lib_a-__atexit.o)
                0x0040ac5c                __register_exitproc
 .text._calloc_r
                0x0040ad20       0x60 e:/apps/atmel/studio/7.0/toolchain/arm/arm-gnu-toolchain/bin/../lib/gcc/arm-none-eabi/6.3.1/../../../../arm-none-eabi/lib/thumb/v7e-m\libc.a(lib_a-callocr.o)
                0x0040ad20                _calloc_r
 .text._close_r
                0x0040ad80       0x24 e:/apps/atmel/studio/7.0/toolchain/arm/arm-gnu-toolchain/bin/../lib/gcc/arm-none-eabi/6.3.1/../../../../arm-none-eabi/lib/thumb/v7e-m\libc.a(lib_a-closer.o)
                0x0040ad80                _close_r
 .text._fclose_r
                0x0040ada4       0xc4 e:/apps/atmel/studio/7.0/toolchain/arm/arm-gnu-toolchain/bin/../lib/gcc/arm-none-eabi/6.3.1/../../../../arm-none-eabi/lib/thumb/v7e-m\libc.a(lib_a-fclose.o)
                0x0040ada4                _fclose_r
 .text._fstat_r
                0x0040ae68       0x28 e:/apps/atmel/studio/7.0/toolchain/arm/arm-gnu-toolchain/bin/../lib/gcc/arm-none-eabi/6.3.1/../../../../arm-none-eabi/lib/thumb/v7e-m\libc.a(lib_a-fstatr.o)
                0x0040ae68                _fstat_r
 .text._isatty_r
                0x0040ae90       0x24 e:/apps/atmel/studio/7.0/toolchain/arm/arm-gnu-toolchain/bin/../lib/gcc/arm-none-eabi/6.3.1/../../../../arm-none-eabi/lib/thumb/v7e-m\libc.a(lib_a-isattyr.o)
                0x0040ae90                _isatty_r
 .text._lseek_r
                0x0040aeb4       0x2c e:/apps/atmel/studio/7.0/toolchain/arm/arm-gnu-toolchain/bin/../lib/gcc/arm-none-eabi/6.3.1/../../../../arm-none-eabi/lib/thumb/v7e-m\libc.a(lib_a-lseekr.o)
                0x0040aeb4                _lseek_r
 .text._read_r  0x0040aee0       0x2c e:/apps/atmel/studio/7.0/toolchain/arm/arm-gnu-toolchain/bin/../lib/gcc/arm-none-eabi/6.3.1/../../../../arm-none-eabi/lib/thumb/v7e-m\libc.a(lib_a-readr.o)
                0x0040aee0                _read_r
 .text          0x0040af0c      0x370 e:/apps/atmel/studio/7.0/toolchain/arm/arm-gnu-toolchain/bin/../lib/gcc/arm-none-eabi/6.3.1/thumb/v7e-m\libgcc.a(_arm_addsubdf3.o)
                0x0040af0c                __aeabi_drsub
                0x0040af14                __aeabi_dsub
                0x0040af14                __subdf3
                0x0040af18                __aeabi_dadd
                0x0040af18                __adddf3
                0x0040b190                __floatunsidf
                0x0040b190                __aeabi_ui2d
                0x0040b1b0                __floatsidf
                0x0040b1b0                __aeabi_i2d
                0x0040b1d4                __aeabi_f2d
                0x0040b1d4                __extendsfdf2
                0x0040b210                __floatundidf
                0x0040b210                __aeabi_ul2d
                0x0040b220                __floatdidf
                0x0040b220                __aeabi_l2d
 .text          0x0040b27c      0x424 e:/apps/atmel/studio/7.0/toolchain/arm/arm-gnu-toolchain/bin/../lib/gcc/arm-none-eabi/6.3.1/thumb/v7e-m\libgcc.a(_arm_muldivdf3.o)
                0x0040b27c                __aeabi_dmul
                0x0040b27c                __muldf3
                0x0040b4d0                __divdf3
                0x0040b4d0                __aeabi_ddiv
 .text          0x0040b6a0      0x110 e:/apps/atmel/studio/7.0/toolchain/arm/arm-gnu-toolchain/bin/../lib/gcc/arm-none-eabi/6.3.1/thumb/v7e-m\libgcc.a(_arm_cmpdf2.o)
                0x0040b6a0                __gtdf2
                0x0040b6a0                __gedf2
                0x0040b6a8                __ltdf2
                0x0040b6a8                __ledf2
                0x0040b6b0                __nedf2
                0x0040b6b0                __eqdf2
                0x0040b6b0                __cmpdf2
                0x0040b72c                __aeabi_cdrcmple
                0x0040b73c                __aeabi_cdcmpeq
                0x0040b73c                __aeabi_cdcmple
                0x0040b74c                __aeabi_dcmpeq
                0x0040b760                __aeabi_dcmplt
                0x0040b774                __aeabi_dcmple
                0x0040b788                __aeabi_dcmpge
                0x0040b79c                __aeabi_dcmpgt
 .text          0x0040b7b0       0x2c e:/apps/atmel/studio/7.0/toolchain/arm/arm-gnu-toolchain/bin/../lib/gcc/arm-none-eabi/6.3.1/thumb/v7e-m\libgcc.a(_arm_unorddf2.o)
                0x0040b7b0                __unorddf2
                0x0040b7b0                __aeabi_dcmpun
 .text          0x0040b7dc       0x50 e:/apps/atmel/studio/7.0/toolchain/arm/arm-gnu-toolchain/bin/../lib/gcc/arm-none-eabi/6.3.1/thumb/v7e-m\libgcc.a(_arm_fixdfsi.o)
                0x0040b7dc                __aeabi_d2iz
                0x0040b7dc                __fixdfsi
 *(.glue_7t)
 .glue_7t       0x0040b82c        0x0 linker stubs
 *(.glue_7)
 .glue_7        0x0040b82c        0x0 linker stubs
 *(.rodata .rodata* .gnu.linkonce.r.*)
 .rodata.crcpoly.9987
                0x0040b82c        0x4 src/ASF/common/components/touch/mxt/mxt_device_1.o
 .rodata.image_data_calibri_36_0x20
                0x0040b830      0x378 src/main.o
 .rodata.calibri_36_0x20
                0x0040bba8        0xc src/main.o
 .rodata.image_data_calibri_36_0x21
                0x0040bbb4      0x534 src/main.o
 .rodata.calibri_36_0x21
                0x0040c0e8        0xc src/main.o
 .rodata.image_data_calibri_36_0x22
                0x0040c0f4      0x612 src/main.o
 *fill*         0x0040c706        0x2 
 .rodata.calibri_36_0x22
                0x0040c708        0xc src/main.o
 .rodata.image_data_calibri_36_0x23
                0x0040c714      0x7ce src/main.o
 *fill*         0x0040cee2        0x2 
 .rodata.calibri_36_0x23
                0x0040cee4        0xc src/main.o
 .rodata.image_data_calibri_36_0x24
                0x0040cef0      0x7ce src/main.o
 *fill*         0x0040d6be        0x2 
 .rodata.calibri_36_0x24
                0x0040d6c0        0xc src/main.o
 .rodata.image_data_calibri_36_0x25
                0x0040d6cc      0xb46 src/main.o
 *fill*         0x0040e212        0x2 
 .rodata.calibri_36_0x25
                0x0040e214        0xc src/main.o
 .rodata.image_data_calibri_36_0x26
                0x0040e220      0xad7 src/main.o
 *fill*         0x0040ecf7        0x1 
 .rodata.calibri_36_0x26
                0x0040ecf8        0xc src/main.o
 .rodata.image_data_calibri_36_0x27
                0x0040ed04      0x378 src/main.o
 .rodata.calibri_36_0x27
                0x0040f07c        0xc src/main.o
 .rodata.image_data_calibri_36_0x28
                0x0040f088      0x4c5 src/main.o
 *fill*         0x0040f54d        0x3 
 .rodata.calibri_36_0x28
                0x0040f550        0xc src/main.o
 .rodata.image_data_calibri_36_0x29
                0x0040f55c      0x4c5 src/main.o
 *fill*         0x0040fa21        0x3 
 .rodata.calibri_36_0x29
                0x0040fa24        0xc src/main.o
 .rodata.image_data_calibri_36_0x2a
                0x0040fa30      0x7ce src/main.o
 *fill*         0x004101fe        0x2 
 .rodata.calibri_36_0x2a
                0x00410200        0xc src/main.o
 .rodata.image_data_calibri_36_0x2b
                0x0041020c      0x7ce src/main.o
 *fill*         0x004109da        0x2 
 .rodata.calibri_36_0x2b
                0x004109dc        0xc src/main.o
 .rodata.image_data_calibri_36_0x2c
                0x004109e8      0x3e7 src/main.o
 *fill*         0x00410dcf        0x1 
 .rodata.calibri_36_0x2c
                0x00410dd0        0xc src/main.o
 .rodata.image_data_calibri_36_0x2d
                0x00410ddc      0x4c5 src/main.o
 *fill*         0x004112a1        0x3 
 .rodata.calibri_36_0x2d
                0x004112a4        0xc src/main.o
 .rodata.image_data_calibri_36_0x2e
                0x004112b0      0x3e7 src/main.o
 *fill*         0x00411697        0x1 
 .rodata.calibri_36_0x2e
                0x00411698        0xc src/main.o
 .rodata.image_data_calibri_36_0x2f
                0x004116a4      0x612 src/main.o
 *fill*         0x00411cb6        0x2 
 .rodata.calibri_36_0x2f
                0x00411cb8        0xc src/main.o
 .rodata.image_data_calibri_36_0x30
                0x00411cc4      0x7ce src/main.o
 *fill*         0x00412492        0x2 
 .rodata.calibri_36_0x30
                0x00412494        0xc src/main.o
 .rodata.image_data_calibri_36_0x31
                0x004124a0      0x7ce src/main.o
 *fill*         0x00412c6e        0x2 
 .rodata.calibri_36_0x31
                0x00412c70        0xc src/main.o
 .rodata.image_data_calibri_36_0x32
                0x00412c7c      0x7ce src/main.o
 *fill*         0x0041344a        0x2 
 .rodata.calibri_36_0x32
                0x0041344c        0xc src/main.o
 .rodata.image_data_calibri_36_0x33
                0x00413458      0x7ce src/main.o
 *fill*         0x00413c26        0x2 
 .rodata.calibri_36_0x33
                0x00413c28        0xc src/main.o
 .rodata.image_data_calibri_36_0x34
                0x00413c34      0x7ce src/main.o
 *fill*         0x00414402        0x2 
 .rodata.calibri_36_0x34
                0x00414404        0xc src/main.o
 .rodata.image_data_calibri_36_0x35
                0x00414410      0x7ce src/main.o
 *fill*         0x00414bde        0x2 
 .rodata.calibri_36_0x35
                0x00414be0        0xc src/main.o
 .rodata.image_data_calibri_36_0x36
                0x00414bec      0x7ce src/main.o
 *fill*         0x004153ba        0x2 
 .rodata.calibri_36_0x36
                0x004153bc        0xc src/main.o
 .rodata.image_data_calibri_36_0x37
                0x004153c8      0x7ce src/main.o
 *fill*         0x00415b96        0x2 
 .rodata.calibri_36_0x37
                0x00415b98        0xc src/main.o
 .rodata.image_data_calibri_36_0x38
                0x00415ba4      0x7ce src/main.o
 *fill*         0x00416372        0x2 
 .rodata.calibri_36_0x38
                0x00416374        0xc src/main.o
 .rodata.image_data_calibri_36_0x39
                0x00416380      0x7ce src/main.o
 *fill*         0x00416b4e        0x2 
 .rodata.calibri_36_0x39
                0x00416b50        0xc src/main.o
 .rodata.image_data_calibri_36_0x3a
                0x00416b5c      0x456 src/main.o
 *fill*         0x00416fb2        0x2 
 .rodata.calibri_36_0x3a
                0x00416fb4        0xc src/main.o
 .rodata.image_data_calibri_36_0x3b
                0x00416fc0      0x456 src/main.o
 *fill*         0x00417416        0x2 
 .rodata.calibri_36_0x3b
                0x00417418        0xc src/main.o
 .rodata.image_data_calibri_36_0x3c
                0x00417424      0x7ce src/main.o
 *fill*         0x00417bf2        0x2 
 .rodata.calibri_36_0x3c
                0x00417bf4        0xc src/main.o
 .rodata.image_data_calibri_36_0x3d
                0x00417c00      0x7ce src/main.o
 *fill*         0x004183ce        0x2 
 .rodata.calibri_36_0x3d
                0x004183d0        0xc src/main.o
 .rodata.image_data_calibri_36_0x3e
                0x004183dc      0x7ce src/main.o
 *fill*         0x00418baa        0x2 
 .rodata.calibri_36_0x3e
                0x00418bac        0xc src/main.o
 .rodata.image_data_calibri_36_0x3f
                0x00418bb8      0x75f src/main.o
 *fill*         0x00419317        0x1 
 .rodata.calibri_36_0x3f
                0x00419318        0xc src/main.o
 .rodata.image_data_calibri_36_0x40
                0x00419324      0xde0 src/main.o
 .rodata.calibri_36_0x40
                0x0041a104        0xc src/main.o
 .rodata.image_data_calibri_36_0x41
                0x0041a110      0x91b src/main.o
 *fill*         0x0041aa2b        0x1 
 .rodata.calibri_36_0x41
                0x0041aa2c        0xc src/main.o
 .rodata.image_data_calibri_36_0x42
                0x0041aa38      0x8ac src/main.o
 .rodata.calibri_36_0x42
                0x0041b2e4        0xc src/main.o
 .rodata.image_data_calibri_36_0x43
                0x0041b2f0      0x83d src/main.o
 *fill*         0x0041bb2d        0x3 
 .rodata.calibri_36_0x43
                0x0041bb30        0xc src/main.o
 .rodata.image_data_calibri_36_0x44
                0x0041bb3c      0x98a src/main.o
 *fill*         0x0041c4c6        0x2 
 .rodata.calibri_36_0x44
                0x0041c4c8        0xc src/main.o
 .rodata.image_data_calibri_36_0x45
                0x0041c4d4      0x7ce src/main.o
 *fill*         0x0041cca2        0x2 
 .rodata.calibri_36_0x45
                0x0041cca4        0xc src/main.o
 .rodata.image_data_calibri_36_0x46
                0x0041ccb0      0x75f src/main.o
 *fill*         0x0041d40f        0x1 
 .rodata.calibri_36_0x46
                0x0041d410        0xc src/main.o
 .rodata.image_data_calibri_36_0x47
                0x0041d41c      0x9f9 src/main.o
 *fill*         0x0041de15        0x3 
 .rodata.calibri_36_0x47
                0x0041de18        0xc src/main.o
 .rodata.image_data_calibri_36_0x48
                0x0041de24      0x98a src/main.o
 *fill*         0x0041e7ae        0x2 
 .rodata.calibri_36_0x48
                0x0041e7b0        0xc src/main.o
 .rodata.image_data_calibri_36_0x49
                0x0041e7bc      0x3e7 src/main.o
 *fill*         0x0041eba3        0x1 
 .rodata.calibri_36_0x49
                0x0041eba4        0xc src/main.o
 .rodata.image_data_calibri_36_0x4a
                0x0041ebb0      0x4c5 src/main.o
 *fill*         0x0041f075        0x3 
 .rodata.calibri_36_0x4a
                0x0041f078        0xc src/main.o
 .rodata.image_data_calibri_36_0x4b
                0x0041f084      0x83d src/main.o
 *fill*         0x0041f8c1        0x3 
 .rodata.calibri_36_0x4b
                0x0041f8c4        0xc src/main.o
 .rodata.image_data_calibri_36_0x4c
                0x0041f8d0      0x681 src/main.o
 *fill*         0x0041ff51        0x3 
 .rodata.calibri_36_0x4c
                0x0041ff54        0xc src/main.o
 .rodata.image_data_calibri_36_0x4d
                0x0041ff60      0xd71 src/main.o
 *fill*         0x00420cd1        0x3 
 .rodata.calibri_36_0x4d
                0x00420cd4        0xc src/main.o
 .rodata.image_data_calibri_36_0x4e
                0x00420ce0      0x9f9 src/main.o
 *fill*         0x004216d9        0x3 
 .rodata.calibri_36_0x4e
                0x004216dc        0xc src/main.o
 .rodata.image_data_calibri_36_0x4f
                0x004216e8      0xa68 src/main.o
 .rodata.calibri_36_0x4f
                0x00422150        0xc src/main.o
 .rodata.image_data_calibri_36_0x50
                0x0042215c      0x83d src/main.o
 *fill*         0x00422999        0x3 
 .rodata.calibri_36_0x50
                0x0042299c        0xc src/main.o
 .rodata.image_data_calibri_36_0x51
                0x004229a8      0xad7 src/main.o
 *fill*         0x0042347f        0x1 
 .rodata.calibri_36_0x51
                0x00423480        0xc src/main.o
 .rodata.image_data_calibri_36_0x52
                0x0042348c      0x8ac src/main.o
 .rodata.calibri_36_0x52
                0x00423d38        0xc src/main.o
 .rodata.image_data_calibri_36_0x53
                0x00423d44      0x75f src/main.o
 *fill*         0x004244a3        0x1 
 .rodata.calibri_36_0x53
                0x004244a4        0xc src/main.o
 .rodata.image_data_calibri_36_0x54
                0x004244b0      0x7ce src/main.o
 *fill*         0x00424c7e        0x2 
 .rodata.calibri_36_0x54
                0x00424c80        0xc src/main.o
 .rodata.image_data_calibri_36_0x55
                0x00424c8c      0x9f9 src/main.o
 *fill*         0x00425685        0x3 
 .rodata.calibri_36_0x55
                0x00425688        0xc src/main.o
 .rodata.image_data_calibri_36_0x56
                0x00425694      0x8ac src/main.o
 .rodata.calibri_36_0x56
                0x00425f40        0xc src/main.o
 .rodata.image_data_calibri_36_0x57
                0x00425f4c      0xde0 src/main.o
 .rodata.calibri_36_0x57
                0x00426d2c        0xc src/main.o
 .rodata.image_data_calibri_36_0x58
                0x00426d38      0x83d src/main.o
 *fill*         0x00427575        0x3 
 .rodata.calibri_36_0x58
                0x00427578        0xc src/main.o
 .rodata.image_data_calibri_36_0x59
                0x00427584      0x7ce src/main.o
 *fill*         0x00427d52        0x2 
 .rodata.calibri_36_0x59
                0x00427d54        0xc src/main.o
 .rodata.image_data_calibri_36_0x5a
                0x00427d60      0x75f src/main.o
 *fill*         0x004284bf        0x1 
 .rodata.calibri_36_0x5a
                0x004284c0        0xc src/main.o
 .rodata.image_data_calibri_36_0x5b
                0x004284cc      0x4c5 src/main.o
 *fill*         0x00428991        0x3 
 .rodata.calibri_36_0x5b
                0x00428994        0xc src/main.o
 .rodata.image_data_calibri_36_0x5c
                0x004289a0      0x612 src/main.o
 *fill*         0x00428fb2        0x2 
 .rodata.calibri_36_0x5c
                0x00428fb4        0xc src/main.o
 .rodata.image_data_calibri_36_0x5d
                0x00428fc0      0x4c5 src/main.o
 *fill*         0x00429485        0x3 
 .rodata.calibri_36_0x5d
                0x00429488        0xc src/main.o
 .rodata.image_data_calibri_36_0x5e
                0x00429494      0x7ce src/main.o
 *fill*         0x00429c62        0x2 
 .rodata.calibri_36_0x5e
                0x00429c64        0xc src/main.o
 .rodata.image_data_calibri_36_0x5f
                0x00429c70      0x7ce src/main.o
 *fill*         0x0042a43e        0x2 
 .rodata.calibri_36_0x5f
                0x0042a440        0xc src/main.o
 .rodata.image_data_calibri_36_0x60
                0x0042a44c      0x456 src/main.o
 *fill*         0x0042a8a2        0x2 
 .rodata.calibri_36_0x60
                0x0042a8a4        0xc src/main.o
 .rodata.image_data_calibri_36_0x61
                0x0042a8b0      0x75f src/main.o
 *fill*         0x0042b00f        0x1 
 .rodata.calibri_36_0x61
                0x0042b010        0xc src/main.o
 .rodata.image_data_calibri_36_0x62
                0x0042b01c      0x83d src/main.o
 *fill*         0x0042b859        0x3 
 .rodata.calibri_36_0x62
                0x0042b85c        0xc src/main.o
 .rodata.image_data_calibri_36_0x63
                0x0042b868      0x681 src/main.o
 *fill*         0x0042bee9        0x3 
 .rodata.calibri_36_0x63
                0x0042beec        0xc src/main.o
 .rodata.image_data_calibri_36_0x64
                0x0042bef8      0x83d src/main.o
 *fill*         0x0042c735        0x3 
 .rodata.calibri_36_0x64
                0x0042c738        0xc src/main.o
 .rodata.image_data_calibri_36_0x65
                0x0042c744      0x7ce src/main.o
 *fill*         0x0042cf12        0x2 
 .rodata.calibri_36_0x65
                0x0042cf14        0xc src/main.o
 .rodata.image_data_calibri_36_0x66
                0x0042cf20      0x4c5 src/main.o
 *fill*         0x0042d3e5        0x3 
 .rodata.calibri_36_0x66
                0x0042d3e8        0xc src/main.o
 .rodata.image_data_calibri_36_0x67
                0x0042d3f4      0x75f src/main.o
 *fill*         0x0042db53        0x1 
 .rodata.calibri_36_0x67
                0x0042db54        0xc src/main.o
 .rodata.image_data_calibri_36_0x68
                0x0042db60      0x83d src/main.o
 *fill*         0x0042e39d        0x3 
 .rodata.calibri_36_0x68
                0x0042e3a0        0xc src/main.o
 .rodata.image_data_calibri_36_0x69
                0x0042e3ac      0x378 src/main.o
 .rodata.calibri_36_0x69
                0x0042e724        0xc src/main.o
 .rodata.image_data_calibri_36_0x6a
                0x0042e730      0x3e7 src/main.o
 *fill*         0x0042eb17        0x1 
 .rodata.calibri_36_0x6a
                0x0042eb18        0xc src/main.o
 .rodata.image_data_calibri_36_0x6b
                0x0042eb24      0x6f0 src/main.o
 .rodata.calibri_36_0x6b
                0x0042f214        0xc src/main.o
 .rodata.image_data_calibri_36_0x6c
                0x0042f220      0x378 src/main.o
 .rodata.calibri_36_0x6c
                0x0042f598        0xc src/main.o
 .rodata.image_data_calibri_36_0x6d
                0x0042f5a4      0xc93 src/main.o
 *fill*         0x00430237        0x1 
 .rodata.calibri_36_0x6d
                0x00430238        0xc src/main.o
 .rodata.image_data_calibri_36_0x6e
                0x00430244      0x83d src/main.o
 *fill*         0x00430a81        0x3 
 .rodata.calibri_36_0x6e
                0x00430a84        0xc src/main.o
 .rodata.image_data_calibri_36_0x6f
                0x00430a90      0x83d src/main.o
 *fill*         0x004312cd        0x3 
 .rodata.calibri_36_0x6f
                0x004312d0        0xc src/main.o
 .rodata.image_data_calibri_36_0x70
                0x004312dc      0x83d src/main.o
 *fill*         0x00431b19        0x3 
 .rodata.calibri_36_0x70
                0x00431b1c        0xc src/main.o
 .rodata.image_data_calibri_36_0x71
                0x00431b28      0x83d src/main.o
 *fill*         0x00432365        0x3 
 .rodata.calibri_36_0x71
                0x00432368        0xc src/main.o
 .rodata.image_data_calibri_36_0x72
                0x00432374      0x5a3 src/main.o
 *fill*         0x00432917        0x1 
 .rodata.calibri_36_0x72
                0x00432918        0xc src/main.o
 .rodata.image_data_calibri_36_0x73
                0x00432924      0x612 src/main.o
 *fill*         0x00432f36        0x2 
 .rodata.calibri_36_0x73
                0x00432f38        0xc src/main.o
 .rodata.image_data_calibri_36_0x74
                0x00432f44      0x534 src/main.o
 .rodata.calibri_36_0x74
                0x00433478        0xc src/main.o
 .rodata.image_data_calibri_36_0x75
                0x00433484      0x83d src/main.o
 *fill*         0x00433cc1        0x3 
 .rodata.calibri_36_0x75
                0x00433cc4        0xc src/main.o
 .rodata.image_data_calibri_36_0x76
                0x00433cd0      0x6f0 src/main.o
 .rodata.calibri_36_0x76
                0x004343c0        0xc src/main.o
 .rodata.image_data_calibri_36_0x77
                0x004343cc      0xb46 src/main.o
 *fill*         0x00434f12        0x2 
 .rodata.calibri_36_0x77
                0x00434f14        0xc src/main.o
 .rodata.image_data_calibri_36_0x78
                0x00434f20      0x6f0 src/main.o
 .rodata.calibri_36_0x78
                0x00435610        0xc src/main.o
 .rodata.image_data_calibri_36_0x79
                0x0043561c      0x6f0 src/main.o
 .rodata.calibri_36_0x79
                0x00435d0c        0xc src/main.o
 .rodata.image_data_calibri_36_0x7a
                0x00435d18      0x612 src/main.o
 *fill*         0x0043632a        0x2 
 .rodata.calibri_36_0x7a
                0x0043632c        0xc src/main.o
 .rodata.image_data_calibri_36_0x7b
                0x00436338      0x4c5 src/main.o
 *fill*         0x004367fd        0x3 
 .rodata.calibri_36_0x7b
                0x00436800        0xc src/main.o
 .rodata.image_data_calibri_36_0x7c
                0x0043680c      0x75f src/main.o
 *fill*         0x00436f6b        0x1 
 .rodata.calibri_36_0x7c
                0x00436f6c        0xc src/main.o
 .rodata.image_data_calibri_36_0x7d
                0x00436f78      0x4c5 src/main.o
 *fill*         0x0043743d        0x3 
 .rodata.calibri_36_0x7d
                0x00437440        0xc src/main.o
 .rodata.image_data_calibri_36_0x7e
                0x0043744c      0x7ce src/main.o
 *fill*         0x00437c1a        0x2 
 .rodata.calibri_36_0x7e
                0x00437c1c        0xc src/main.o
 .rodata.calibri_36_array
                0x00437c28      0x2f8 src/main.o
 .rodata.calibri_36
                0x00437f20        0xc src/main.o
                0x00437f20                calibri_36
 .rodata.image_data_calibri_24_0x20
                0x00437f2c      0x168 src/main.o
 .rodata.calibri_24_0x20
                0x00438094        0xc src/main.o
 .rodata.image_data_calibri_24_0x21
                0x004380a0      0x240 src/main.o
 .rodata.calibri_24_0x21
                0x004382e0        0xc src/main.o
 .rodata.image_data_calibri_24_0x22
                0x004382ec      0x2d0 src/main.o
 .rodata.calibri_24_0x22
                0x004385bc        0xc src/main.o
 .rodata.image_data_calibri_24_0x23
                0x004385c8      0x360 src/main.o
 .rodata.calibri_24_0x23
                0x00438928        0xc src/main.o
 .rodata.image_data_calibri_24_0x24
                0x00438934      0x360 src/main.o
 .rodata.calibri_24_0x24
                0x00438c94        0xc src/main.o
 .rodata.image_data_calibri_24_0x25
                0x00438ca0      0x4c8 src/main.o
 .rodata.calibri_24_0x25
                0x00439168        0xc src/main.o
 .rodata.image_data_calibri_24_0x26
                0x00439174      0x480 src/main.o
 .rodata.calibri_24_0x26
                0x004395f4        0xc src/main.o
 .rodata.image_data_calibri_24_0x27
                0x00439600      0x168 src/main.o
 .rodata.calibri_24_0x27
                0x00439768        0xc src/main.o
 .rodata.image_data_calibri_24_0x28
                0x00439774      0x1f8 src/main.o
 .rodata.calibri_24_0x28
                0x0043996c        0xc src/main.o
 .rodata.image_data_calibri_24_0x29
                0x00439978      0x1f8 src/main.o
 .rodata.calibri_24_0x29
                0x00439b70        0xc src/main.o
 .rodata.image_data_calibri_24_0x2a
                0x00439b7c      0x360 src/main.o
 .rodata.calibri_24_0x2a
                0x00439edc        0xc src/main.o
 .rodata.image_data_calibri_24_0x2b
                0x00439ee8      0x360 src/main.o
 .rodata.calibri_24_0x2b
                0x0043a248        0xc src/main.o
 .rodata.image_data_calibri_24_0x2c
                0x0043a254      0x1b0 src/main.o
 .rodata.calibri_24_0x2c
                0x0043a404        0xc src/main.o
 .rodata.image_data_calibri_24_0x2d
                0x0043a410      0x1f8 src/main.o
 .rodata.calibri_24_0x2d
                0x0043a608        0xc src/main.o
 .rodata.image_data_calibri_24_0x2e
                0x0043a614      0x1b0 src/main.o
 .rodata.calibri_24_0x2e
                0x0043a7c4        0xc src/main.o
 .rodata.image_data_calibri_24_0x2f
                0x0043a7d0      0x288 src/main.o
 .rodata.calibri_24_0x2f
                0x0043aa58        0xc src/main.o
 .rodata.image_data_calibri_24_0x30
                0x0043aa64      0x360 src/main.o
 .rodata.calibri_24_0x30
                0x0043adc4        0xc src/main.o
 .rodata.image_data_calibri_24_0x31
                0x0043add0      0x360 src/main.o
 .rodata.calibri_24_0x31
                0x0043b130        0xc src/main.o
 .rodata.image_data_calibri_24_0x32
                0x0043b13c      0x360 src/main.o
 .rodata.calibri_24_0x32
                0x0043b49c        0xc src/main.o
 .rodata.image_data_calibri_24_0x33
                0x0043b4a8      0x360 src/main.o
 .rodata.calibri_24_0x33
                0x0043b808        0xc src/main.o
 .rodata.image_data_calibri_24_0x34
                0x0043b814      0x360 src/main.o
 .rodata.calibri_24_0x34
                0x0043bb74        0xc src/main.o
 .rodata.image_data_calibri_24_0x35
                0x0043bb80      0x360 src/main.o
 .rodata.calibri_24_0x35
                0x0043bee0        0xc src/main.o
 .rodata.image_data_calibri_24_0x36
                0x0043beec      0x360 src/main.o
 .rodata.calibri_24_0x36
                0x0043c24c        0xc src/main.o
 .rodata.image_data_calibri_24_0x37
                0x0043c258      0x360 src/main.o
 .rodata.calibri_24_0x37
                0x0043c5b8        0xc src/main.o
 .rodata.image_data_calibri_24_0x38
                0x0043c5c4      0x360 src/main.o
 .rodata.calibri_24_0x38
                0x0043c924        0xc src/main.o
 .rodata.image_data_calibri_24_0x39
                0x0043c930      0x360 src/main.o
 .rodata.calibri_24_0x39
                0x0043cc90        0xc src/main.o
 .rodata.image_data_calibri_24_0x3a
                0x0043cc9c      0x1b0 src/main.o
 .rodata.calibri_24_0x3a
                0x0043ce4c        0xc src/main.o
 .rodata.image_data_calibri_24_0x3b
                0x0043ce58      0x1b0 src/main.o
 .rodata.calibri_24_0x3b
                0x0043d008        0xc src/main.o
 .rodata.image_data_calibri_24_0x3c
                0x0043d014      0x360 src/main.o
 .rodata.calibri_24_0x3c
                0x0043d374        0xc src/main.o
 .rodata.image_data_calibri_24_0x3d
                0x0043d380      0x360 src/main.o
 .rodata.calibri_24_0x3d
                0x0043d6e0        0xc src/main.o
 .rodata.image_data_calibri_24_0x3e
                0x0043d6ec      0x360 src/main.o
 .rodata.calibri_24_0x3e
                0x0043da4c        0xc src/main.o
 .rodata.image_data_calibri_24_0x3f
                0x0043da58      0x318 src/main.o
 .rodata.calibri_24_0x3f
                0x0043dd70        0xc src/main.o
 .rodata.image_data_calibri_24_0x40
                0x0043dd7c      0x5e8 src/main.o
 .rodata.calibri_24_0x40
                0x0043e364        0xc src/main.o
 .rodata.image_data_calibri_24_0x41
                0x0043e370      0x3f0 src/main.o
 .rodata.calibri_24_0x41
                0x0043e760        0xc src/main.o
 .rodata.image_data_calibri_24_0x42
                0x0043e76c      0x3a8 src/main.o
 .rodata.calibri_24_0x42
                0x0043eb14        0xc src/main.o
 .rodata.image_data_calibri_24_0x43
                0x0043eb20      0x3a8 src/main.o
 .rodata.calibri_24_0x43
                0x0043eec8        0xc src/main.o
 .rodata.image_data_calibri_24_0x44
                0x0043eed4      0x438 src/main.o
 .rodata.calibri_24_0x44
                0x0043f30c        0xc src/main.o
 .rodata.image_data_calibri_24_0x45
                0x0043f318      0x360 src/main.o
 .rodata.calibri_24_0x45
                0x0043f678        0xc src/main.o
 .rodata.image_data_calibri_24_0x46
                0x0043f684      0x318 src/main.o
 .rodata.calibri_24_0x46
                0x0043f99c        0xc src/main.o
 .rodata.image_data_calibri_24_0x47
                0x0043f9a8      0x438 src/main.o
 .rodata.calibri_24_0x47
                0x0043fde0        0xc src/main.o
 .rodata.image_data_calibri_24_0x48
                0x0043fdec      0x438 src/main.o
 .rodata.calibri_24_0x48
                0x00440224        0xc src/main.o
 .rodata.image_data_calibri_24_0x49
                0x00440230      0x1b0 src/main.o
 .rodata.calibri_24_0x49
                0x004403e0        0xc src/main.o
 .rodata.image_data_calibri_24_0x4a
                0x004403ec      0x240 src/main.o
 .rodata.calibri_24_0x4a
                0x0044062c        0xc src/main.o
 .rodata.image_data_calibri_24_0x4b
                0x00440638      0x360 src/main.o
 .rodata.calibri_24_0x4b
                0x00440998        0xc src/main.o
 .rodata.image_data_calibri_24_0x4c
                0x004409a4      0x2d0 src/main.o
 .rodata.calibri_24_0x4c
                0x00440c74        0xc src/main.o
 .rodata.image_data_calibri_24_0x4d
                0x00440c80      0x5e8 src/main.o
 .rodata.calibri_24_0x4d
                0x00441268        0xc src/main.o
 .rodata.image_data_calibri_24_0x4e
                0x00441274      0x480 src/main.o
 .rodata.calibri_24_0x4e
                0x004416f4        0xc src/main.o
 .rodata.image_data_calibri_24_0x4f
                0x00441700      0x480 src/main.o
 .rodata.calibri_24_0x4f
                0x00441b80        0xc src/main.o
 .rodata.image_data_calibri_24_0x50
                0x00441b8c      0x360 src/main.o
 .rodata.calibri_24_0x50
                0x00441eec        0xc src/main.o
 .rodata.image_data_calibri_24_0x51
                0x00441ef8      0x4c8 src/main.o
 .rodata.calibri_24_0x51
                0x004423c0        0xc src/main.o
 .rodata.image_data_calibri_24_0x52
                0x004423cc      0x3a8 src/main.o
 .rodata.calibri_24_0x52
                0x00442774        0xc src/main.o
 .rodata.image_data_calibri_24_0x53
                0x00442780      0x318 src/main.o
 .rodata.calibri_24_0x53
                0x00442a98        0xc src/main.o
 .rodata.image_data_calibri_24_0x54
                0x00442aa4      0x360 src/main.o
 .rodata.calibri_24_0x54
                0x00442e04        0xc src/main.o
 .rodata.image_data_calibri_24_0x55
                0x00442e10      0x438 src/main.o
 .rodata.calibri_24_0x55
                0x00443248        0xc src/main.o
 .rodata.image_data_calibri_24_0x56
                0x00443254      0x3f0 src/main.o
 .rodata.calibri_24_0x56
                0x00443644        0xc src/main.o
 .rodata.image_data_calibri_24_0x57
                0x00443650      0x5e8 src/main.o
 .rodata.calibri_24_0x57
                0x00443c38        0xc src/main.o
 .rodata.image_data_calibri_24_0x58
                0x00443c44      0x360 src/main.o
 .rodata.calibri_24_0x58
                0x00443fa4        0xc src/main.o
 .rodata.image_data_calibri_24_0x59
                0x00443fb0      0x360 src/main.o
 .rodata.calibri_24_0x59
                0x00444310        0xc src/main.o
 .rodata.image_data_calibri_24_0x5a
                0x0044431c      0x318 src/main.o
 .rodata.calibri_24_0x5a
                0x00444634        0xc src/main.o
 .rodata.image_data_calibri_24_0x5b
                0x00444640      0x1f8 src/main.o
 .rodata.calibri_24_0x5b
                0x00444838        0xc src/main.o
 .rodata.image_data_calibri_24_0x5c
                0x00444844      0x288 src/main.o
 .rodata.calibri_24_0x5c
                0x00444acc        0xc src/main.o
 .rodata.image_data_calibri_24_0x5d
                0x00444ad8      0x1f8 src/main.o
 .rodata.calibri_24_0x5d
                0x00444cd0        0xc src/main.o
 .rodata.image_data_calibri_24_0x5e
                0x00444cdc      0x360 src/main.o
 .rodata.calibri_24_0x5e
                0x0044503c        0xc src/main.o
 .rodata.image_data_calibri_24_0x5f
                0x00445048      0x360 src/main.o
 .rodata.calibri_24_0x5f
                0x004453a8        0xc src/main.o
 .rodata.image_data_calibri_24_0x60
                0x004453b4      0x1f8 src/main.o
 .rodata.calibri_24_0x60
                0x004455ac        0xc src/main.o
 .rodata.image_data_calibri_24_0x61
                0x004455b8      0x360 src/main.o
 .rodata.calibri_24_0x61
                0x00445918        0xc src/main.o
 .rodata.image_data_calibri_24_0x62
                0x00445924      0x3a8 src/main.o
 .rodata.calibri_24_0x62
                0x00445ccc        0xc src/main.o
 .rodata.image_data_calibri_24_0x63
                0x00445cd8      0x2d0 src/main.o
 .rodata.calibri_24_0x63
                0x00445fa8        0xc src/main.o
 .rodata.image_data_calibri_24_0x64
                0x00445fb4      0x3a8 src/main.o
 .rodata.calibri_24_0x64
                0x0044635c        0xc src/main.o
 .rodata.image_data_calibri_24_0x65
                0x00446368      0x360 src/main.o
 .rodata.calibri_24_0x65
                0x004466c8        0xc src/main.o
 .rodata.image_data_calibri_24_0x66
                0x004466d4      0x1f8 src/main.o
 .rodata.calibri_24_0x66
                0x004468cc        0xc src/main.o
 .rodata.image_data_calibri_24_0x67
                0x004468d8      0x318 src/main.o
 .rodata.calibri_24_0x67
                0x00446bf0        0xc src/main.o
 .rodata.image_data_calibri_24_0x68
                0x00446bfc      0x3a8 src/main.o
 .rodata.calibri_24_0x68
                0x00446fa4        0xc src/main.o
 .rodata.image_data_calibri_24_0x69
                0x00446fb0      0x1b0 src/main.o
 .rodata.calibri_24_0x69
                0x00447160        0xc src/main.o
 .rodata.image_data_calibri_24_0x6a
                0x0044716c      0x1b0 src/main.o
 .rodata.calibri_24_0x6a
                0x0044731c        0xc src/main.o
 .rodata.image_data_calibri_24_0x6b
                0x00447328      0x318 src/main.o
 .rodata.calibri_24_0x6b
                0x00447640        0xc src/main.o
 .rodata.image_data_calibri_24_0x6c
                0x0044764c      0x1b0 src/main.o
 .rodata.calibri_24_0x6c
                0x004477fc        0xc src/main.o
 .rodata.image_data_calibri_24_0x6d
                0x00447808      0x558 src/main.o
 .rodata.calibri_24_0x6d
                0x00447d60        0xc src/main.o
 .rodata.image_data_calibri_24_0x6e
                0x00447d6c      0x3a8 src/main.o
 .rodata.calibri_24_0x6e
                0x00448114        0xc src/main.o
 .rodata.image_data_calibri_24_0x6f
                0x00448120      0x3a8 src/main.o
 .rodata.calibri_24_0x6f
                0x004484c8        0xc src/main.o
 .rodata.image_data_calibri_24_0x70
                0x004484d4      0x3a8 src/main.o
 .rodata.calibri_24_0x70
                0x0044887c        0xc src/main.o
 .rodata.image_data_calibri_24_0x71
                0x00448888      0x3a8 src/main.o
 .rodata.calibri_24_0x71
                0x00448c30        0xc src/main.o
 .rodata.image_data_calibri_24_0x72
                0x00448c3c      0x240 src/main.o
 .rodata.calibri_24_0x72
                0x00448e7c        0xc src/main.o
 .rodata.image_data_calibri_24_0x73
                0x00448e88      0x288 src/main.o
 .rodata.calibri_24_0x73
                0x00449110        0xc src/main.o
 .rodata.image_data_calibri_24_0x74
                0x0044911c      0x240 src/main.o
 .rodata.calibri_24_0x74
                0x0044935c        0xc src/main.o
 .rodata.image_data_calibri_24_0x75
                0x00449368      0x3a8 src/main.o
 .rodata.calibri_24_0x75
                0x00449710        0xc src/main.o
 .rodata.image_data_calibri_24_0x76
                0x0044971c      0x318 src/main.o
 .rodata.calibri_24_0x76
                0x00449a34        0xc src/main.o
 .rodata.image_data_calibri_24_0x77
                0x00449a40      0x4c8 src/main.o
 .rodata.calibri_24_0x77
                0x00449f08        0xc src/main.o
 .rodata.image_data_calibri_24_0x78
                0x00449f14      0x2d0 src/main.o
 .rodata.calibri_24_0x78
                0x0044a1e4        0xc src/main.o
 .rodata.image_data_calibri_24_0x79
                0x0044a1f0      0x318 src/main.o
 .rodata.calibri_24_0x79
                0x0044a508        0xc src/main.o
 .rodata.image_data_calibri_24_0x7a
                0x0044a514      0x288 src/main.o
 .rodata.calibri_24_0x7a
                0x0044a79c        0xc src/main.o
 .rodata.image_data_calibri_24_0x7b
                0x0044a7a8      0x240 src/main.o
 .rodata.calibri_24_0x7b
                0x0044a9e8        0xc src/main.o
 .rodata.image_data_calibri_24_0x7c
                0x0044a9f4      0x318 src/main.o
 .rodata.calibri_24_0x7c
                0x0044ad0c        0xc src/main.o
 .rodata.image_data_calibri_24_0x7d
                0x0044ad18      0x240 src/main.o
 .rodata.calibri_24_0x7d
                0x0044af58        0xc src/main.o
 .rodata.image_data_calibri_24_0x7e
                0x0044af64      0x360 src/main.o
 .rodata.calibri_24_0x7e
                0x0044b2c4        0xc src/main.o
 .rodata.calibri_24_array
                0x0044b2d0      0x2f8 src/main.o
 .rodata.calibri_24
                0x0044b5c8        0xc src/main.o
                0x0044b5c8                calibri_24
 .rodata.image_data_next_colorido
                0x0044b5d4     0x3000 src/main.o
 .rodata.next_colorido
                0x0044e5d4        0xc src/main.o
                0x0044e5d4                next_colorido
 .rodata.image_data_back_colorido
                0x0044e5e0     0x3000 src/main.o
 .rodata.back_colorido
                0x004515e0        0xc src/main.o
                0x004515e0                back_colorido
 .rodata.image_data_diario_azul
                0x004515ec     0xc000 src/main.o
 .rodata.diario_azul
                0x0045d5ec        0xc src/main.o
                0x0045d5ec                diario_azul
 .rodata.image_data_centrifuga_colorido
                0x0045d5f8     0xc000 src/main.o
 .rodata.centrifuga_colorido
                0x004695f8        0xc src/main.o
                0x004695f8                centrifuga_colorido
 .rodata.image_data_enxague_colorido
                0x00469604     0xc000 src/main.o
 .rodata.enxague_colorido
                0x00475604        0xc src/main.o
                0x00475604                enxague_colorido
 .rodata.image_data_fast_colorido
                0x00475610     0xc000 src/main.o
 .rodata.fast_colorido
                0x00481610        0xc src/main.o
                0x00481610                fast_colorido
 .rodata.image_data_locked_colorido
                0x0048161c     0x3000 src/main.o
 .rodata.locked_colorido
                0x0048461c        0xc src/main.o
                0x0048461c                locked_colorido
 .rodata.image_data_unlocked_colorido
                0x00484628     0x3000 src/main.o
 .rodata.unlocked_colorido
                0x00487628        0xc src/main.o
                0x00487628                unlocked_colorido
 .rodata.image_data_pesado_colorido
                0x00487634     0xc000 src/main.o
 .rodata.pesado_colorido
                0x00493634        0xc src/main.o
                0x00493634                pesado_colorido
 .rodata.image_data_fast2
                0x00493640     0x3000 src/main.o