Archive member included to satisfy reference by file (symbol)

c:/program files (x86)/atmel/studio/7.0/toolchain/arm/arm-gnu-toolchain/bin/../lib/gcc/arm-none-eabi/6.3.1/thumb/v7e-m\libgcc.a(_aeabi_uldivmod.o)
                              src/main.o (__aeabi_uldivmod)
c:/program files (x86)/atmel/studio/7.0/toolchain/arm/arm-gnu-toolchain/bin/../lib/gcc/arm-none-eabi/6.3.1/thumb/v7e-m\libgcc.a(_udivmoddi4.o)
                              c:/program files (x86)/atmel/studio/7.0/toolchain/arm/arm-gnu-toolchain/bin/../lib/gcc/arm-none-eabi/6.3.1/thumb/v7e-m\libgcc.a(_aeabi_uldivmod.o) (__udivmoddi4)
c:/program files (x86)/atmel/studio/7.0/toolchain/arm/arm-gnu-toolchain/bin/../lib/gcc/arm-none-eabi/6.3.1/thumb/v7e-m\libgcc.a(_dvmd_tls.o)
                              c:/program files (x86)/atmel/studio/7.0/toolchain/arm/arm-gnu-toolchain/bin/../lib/gcc/arm-none-eabi/6.3.1/thumb/v7e-m\libgcc.a(_aeabi_uldivmod.o) (__aeabi_ldiv0)
c:/program files (x86)/atmel/studio/7.0/toolchain/arm/arm-gnu-toolchain/bin/../lib/gcc/arm-none-eabi/6.3.1/../../../../arm-none-eabi/lib/thumb/v7e-m\libc.a(lib_a-exit.o)
                              c:/program files (x86)/atmel/studio/7.0/toolchain/arm/arm-gnu-toolchain/bin/../lib/gcc/arm-none-eabi/6.3.1/../../../../arm-none-eabi/lib/thumb/v7e-m/crt0.o (exit)
c:/program files (x86)/atmel/studio/7.0/toolchain/arm/arm-gnu-toolchain/bin/../lib/gcc/arm-none-eabi/6.3.1/../../../../arm-none-eabi/lib/thumb/v7e-m\libc.a(lib_a-impure.o)
                              c:/program files (x86)/atmel/studio/7.0/toolchain/arm/arm-gnu-toolchain/bin/../lib/gcc/arm-none-eabi/6.3.1/../../../../arm-none-eabi/lib/thumb/v7e-m\libc.a(lib_a-exit.o) (_global_impure_ptr)
c:/program files (x86)/atmel/studio/7.0/toolchain/arm/arm-gnu-toolchain/bin/../lib/gcc/arm-none-eabi/6.3.1/../../../../arm-none-eabi/lib/thumb/v7e-m\libc.a(lib_a-init.o)
                              c:/program files (x86)/atmel/studio/7.0/toolchain/arm/arm-gnu-toolchain/bin/../lib/gcc/arm-none-eabi/6.3.1/../../../../arm-none-eabi/lib/thumb/v7e-m/crt0.o (__libc_init_array)
c:/program files (x86)/atmel/studio/7.0/toolchain/arm/arm-gnu-toolchain/bin/../lib/gcc/arm-none-eabi/6.3.1/../../../../arm-none-eabi/lib/thumb/v7e-m\libc.a(lib_a-iprintf.o)
                              src/main.o (iprintf)
c:/program files (x86)/atmel/studio/7.0/toolchain/arm/arm-gnu-toolchain/bin/../lib/gcc/arm-none-eabi/6.3.1/../../../../arm-none-eabi/lib/thumb/v7e-m\libc.a(lib_a-malloc.o)
                              src/ASF/common/components/touch/mxt/mxt_device_1.o (malloc)
c:/program files (x86)/atmel/studio/7.0/toolchain/arm/arm-gnu-toolchain/bin/../lib/gcc/arm-none-eabi/6.3.1/../../../../arm-none-eabi/lib/thumb/v7e-m\libc.a(lib_a-mallocr.o)
                              c:/program files (x86)/atmel/studio/7.0/toolchain/arm/arm-gnu-toolchain/bin/../lib/gcc/arm-none-eabi/6.3.1/../../../../arm-none-eabi/lib/thumb/v7e-m\libc.a(lib_a-malloc.o) (_malloc_r)
c:/program files (x86)/atmel/studio/7.0/toolchain/arm/arm-gnu-toolchain/bin/../lib/gcc/arm-none-eabi/6.3.1/../../../../arm-none-eabi/lib/thumb/v7e-m\libc.a(lib_a-memset.o)
                              c:/program files (x86)/atmel/studio/7.0/toolchain/arm/arm-gnu-toolchain/bin/../lib/gcc/arm-none-eabi/6.3.1/../../../../arm-none-eabi/lib/thumb/v7e-m/crt0.o (memset)
c:/program files (x86)/atmel/studio/7.0/toolchain/arm/arm-gnu-toolchain/bin/../lib/gcc/arm-none-eabi/6.3.1/../../../../arm-none-eabi/lib/thumb/v7e-m\libc.a(lib_a-mlock.o)
                              c:/program files (x86)/atmel/studio/7.0/toolchain/arm/arm-gnu-toolchain/bin/../lib/gcc/arm-none-eabi/6.3.1/../../../../arm-none-eabi/lib/thumb/v7e-m\libc.a(lib_a-mallocr.o) (__malloc_lock)
c:/program files (x86)/atmel/studio/7.0/toolchain/arm/arm-gnu-toolchain/bin/../lib/gcc/arm-none-eabi/6.3.1/../../../../arm-none-eabi/lib/thumb/v7e-m\libc.a(lib_a-sbrkr.o)
                              c:/program files (x86)/atmel/studio/7.0/toolchain/arm/arm-gnu-toolchain/bin/../lib/gcc/arm-none-eabi/6.3.1/../../../../arm-none-eabi/lib/thumb/v7e-m\libc.a(lib_a-mallocr.o) (_sbrk_r)
c:/program files (x86)/atmel/studio/7.0/toolchain/arm/arm-gnu-toolchain/bin/../lib/gcc/arm-none-eabi/6.3.1/../../../../arm-none-eabi/lib/thumb/v7e-m\libc.a(lib_a-setbuf.o)
                              src/main.o (setbuf)
c:/program files (x86)/atmel/studio/7.0/toolchain/arm/arm-gnu-toolchain/bin/../lib/gcc/arm-none-eabi/6.3.1/../../../../arm-none-eabi/lib/thumb/v7e-m\libc.a(lib_a-setvbuf.o)
                              c:/program files (x86)/atmel/studio/7.0/toolchain/arm/arm-gnu-toolchain/bin/../lib/gcc/arm-none-eabi/6.3.1/../../../../arm-none-eabi/lib/thumb/v7e-m\libc.a(lib_a-setbuf.o) (setvbuf)
c:/program files (x86)/atmel/studio/7.0/toolchain/arm/arm-gnu-toolchain/bin/../lib/gcc/arm-none-eabi/6.3.1/../../../../arm-none-eabi/lib/thumb/v7e-m\libc.a(lib_a-sprintf.o)
                              src/main.o (sprintf)
[...]
Memory Configuration

Name             Origin             Length             Attributes
rom              0x00400000         0x00200000         xr
ram              0x20400000         0x00060000         xrw
*default*        0x00000000         0xffffffff

Linker script and memory map

LOAD c:/program files (x86)/atmel/studio/7.0/toolchain/arm/arm-gnu-toolchain/bin/../lib/gcc/arm-none-eabi/6.3.1/thumb/v7e-m/crti.o
LOAD c:/program files (x86)/atmel/studio/7.0/toolchain/arm/arm-gnu-toolchain/bin/../lib/gcc/arm-none-eabi/6.3.1/thumb/v7e-m/crtbegin.o
LOAD c:/program files (x86)/atmel/studio/7.0/toolchain/arm/arm-gnu-toolchain/bin/../lib/gcc/arm-none-eabi/6.3.1/../../../../arm-none-eabi/lib/thumb/v7e-m/crt0.o
LOAD src/ASF/common/components/touch/mxt/mxt_device_1.o
LOAD src/ASF/common/services/clock/same70/sysclk.o
LOAD src/ASF/common/services/delay/sam/cycle_counter.o
LOAD src/ASF/common/services/serial/usart_serial.o
LOAD src/ASF/common/services/spi/sam_spi/spi_master.o
LOAD src/ASF/common/utils/interrupt/interrupt_sam_nvic.o
LOAD src/ASF/common/utils/stdio/read.o
LOAD src/ASF/common/utils/stdio/write.o
LOAD src/ASF/sam/boards/same70_xplained/init.o
LOAD src/ASF/sam/components/display/ili9488/ili9488.o
LOAD src/ASF/sam/drivers/mpu/mpu.o
LOAD src/ASF/sam/drivers/pio/pio.o
LOAD src/ASF/sam/drivers/pio/pio_handler.o
LOAD src/ASF/sam/drivers/pmc/pmc.o
LOAD src/ASF/sam/drivers/pmc/sleep.o
LOAD src/ASF/sam/drivers/rtc/rtc.o
LOAD src/ASF/sam/drivers/spi/spi.o
LOAD src/ASF/sam/drivers/twihs/twihs.o
LOAD src/ASF/sam/drivers/uart/uart.o
LOAD src/ASF/sam/drivers/usart/usart.o
LOAD src/ASF/sam/utils/cmsis/same70/source/templates/gcc/startup_same70.o
LOAD src/ASF/sam/utils/cmsis/same70/source/templates/system_same70.o
LOAD src/ASF/sam/utils/syscalls/gcc/syscalls.o
LOAD src/main.o
START GROUP
LOAD ../src/ASF/thirdparty/CMSIS/Lib/GCC\libarm_cortexM7lfsp_math_softfp.a
LOAD c:/program files (x86)/atmel/studio/7.0/toolchain/arm/arm-gnu-toolchain/bin/../lib/gcc/arm-none-eabi/6.3.1/../../../../arm-none-eabi/lib/thumb/v7e-m\libm.a
END GROUP
START GROUP
LOAD c:/program files (x86)/atmel/studio/7.0/toolchain/arm/arm-gnu-toolchain/bin/../lib/gcc/arm-none-eabi/6.3.1/thumb/v7e-m\libgcc.a
LOAD c:/program files (x86)/atmel/studio/7.0/toolchain/arm/arm-gnu-toolchain/bin/../lib/gcc/arm-none-eabi/6.3.1/../../../../arm-none-eabi/lib/thumb/v7e-m\libc.a
END GROUP
LOAD c:/program files (x86)/atmel/studio/7.0/toolchain/arm/arm-gnu-toolchain/bin/../lib/gcc/arm-none-eabi/6.3.1/thumb/v7e-m/crtend.o
LOAD c:/program files (x86)/atmel/studio/7.0/toolchain/arm/arm-gnu-toolchain/bin/../lib/gcc/arm-none-eabi/6.3.1/thumb/v7e-m/crtn.o
                0x00002000                STACK_SIZE = DEFINED (STACK_SIZE)?STACK_SIZE:0x2000
                0x2045fffc                __ram_end__ = ((ORIGIN (ram) + LENGTH (ram)) - 0x4)
                0x00000200                HEAP_SIZE = DEFINED (HEAP_SIZE)?HEAP_SIZE:0x200

.text           0x00400000    0x9a5c4
                0x00400000                . = ALIGN (0x4)
                0x00400000                _sfixed = .
 *(.vectors .vectors.*)
 .vectors       0x00400000      0x168 src/ASF/sam/utils/cmsis/same70/source/templates/gcc/startup_same70.o
                0x00400000                exception_table
 *(.text .text.* .gnu.linkonce.t.*)
 .text          0x00400168       0x6c c:/program files (x86)/atmel/studio/7.0/toolchain/arm/arm-gnu-toolchain/bin/../lib/gcc/arm-none-eabi/6.3.1/thumb/v7e-m/crtbegin.o
 .text.ioport_get_pin_level
                0x004001d4       0x50 src/ASF/common/components/touch/mxt/mxt_device_1.o
 .text.mxt_get_tot_report_ids
                0x00400224       0x4a src/ASF/common/components/touch/mxt/mxt_device_1.o
 *fill*         0x0040026e        0x2 
 .text.mxt_read_id_block
                0x00400270       0x68 src/ASF/common/components/touch/mxt/mxt_device_1.o
 .text.mxt_read_object_table
                0x004002d8       0x8c src/ASF/common/components/touch/mxt/mxt_device_1.o
 .text.mxt_read_info_block
                0x00400364       0x48 src/ASF/common/components/touch/mxt/mxt_device_1.o
 .text.mxt_create_report_id_map
                0x004003ac       0xe4 src/ASF/common/components/touch/mxt/mxt_device_1.o
 .text.mxt_crc_24
                0x00400490       0x50 src/ASF/common/components/touch/mxt/mxt_device_1.o
 .text.mxt_calculate_infoblock_crc
                0x004004e0       0xd4 src/ASF/common/components/touch/mxt/mxt_device_1.o
 .text.mxt_get_crc_value
                0x004005b4       0x90 src/ASF/common/components/touch/mxt/mxt_device_1.o
 .text.mxt_validate_info_block
                0x00400644       0x3c src/ASF/common/components/touch/mxt/mxt_device_1.o
 .text.mxt_get_object_size
                0x00400680       0x66 src/ASF/common/components/touch/mxt/mxt_device_1.o
 *fill*         0x004006e6        0x2 
 .text.mxt_get_report_id_offset
                0x004006e8       0x54 src/ASF/common/components/touch/mxt/mxt_device_1.o
 .text.mxt_info_le_to_cpu
                0x0040073c       0x56 src/ASF/common/components/touch/mxt/mxt_device_1.o
 *fill*         0x00400792        0x2 
 .text.mxt_init_device
                0x00400794       0xb8 src/ASF/common/components/touch/mxt/mxt_device_1.o
                0x00400794                mxt_init_device
 .text.mxt_get_object_address
                0x0040084c       0x66 src/ASF/common/components/touch/mxt/mxt_device_1.o
                0x0040084c                mxt_get_object_address
 *fill*         0x004008b2        0x2 
 .text.mxt_write_config_object
                0x004008b4       0x7c src/ASF/common/components/touch/mxt/mxt_device_1.o
                0x004008b4                mxt_write_config_object
 .text.mxt_write_config_reg
                0x00400930       0x6c src/ASF/common/components/touch/mxt/mxt_device_1.o
                0x00400930                mxt_write_config_reg
 .text.mxt_is_message_pending
                0x0040099c       0x30 src/ASF/common/components/touch/mxt/mxt_device_1.o
                0x0040099c                mxt_is_message_pending
 .text.mxt_read_message
                0x004009cc       0x78 src/ASF/common/components/touch/mxt/mxt_device_1.o
                0x004009cc                mxt_read_message
 .text.mxt_read_touch_event
                0x00400a44       0xb8 src/ASF/common/components/touch/mxt/mxt_device_1.o
                0x00400a44                mxt_read_touch_event
 .text.mxt_get_object_type
                0x00400afc       0x24 src/ASF/common/components/touch/mxt/mxt_device_1.o
                0x00400afc                mxt_get_object_type
 .text.osc_enable
                0x00400b20       0x88 src/ASF/common/services/clock/same70/sysclk.o
 .text.osc_is_ready
                0x00400ba8       0x70 src/ASF/common/services/clock/same70/sysclk.o
 .text.osc_get_rate
                0x00400c18       0x74 src/ASF/common/services/clock/same70/sysclk.o
 .text.osc_wait_ready
                0x00400c8c       0x2c src/ASF/common/services/clock/same70/sysclk.o
 .text.pll_config_init
                0x00400cb8       0x6c src/ASF/common/services/clock/same70/sysclk.o
 .text.pll_enable
                0x00400d24       0x40 src/ASF/common/services/clock/same70/sysclk.o
 .text.pll_is_locked
                0x00400d64       0x2c src/ASF/common/services/clock/same70/sysclk.o
 .text.pll_enable_source
                0x00400d90       0x38 src/ASF/common/services/clock/same70/sysclk.o
 .text.pll_wait_for_lock
                0x00400dc8       0x24 src/ASF/common/services/clock/same70/sysclk.o
 .text.sysclk_get_main_hz
                0x00400dec       0x20 src/ASF/common/services/clock/same70/sysclk.o
 .text.sysclk_get_cpu_hz
                0x00400e0c       0x14 src/ASF/common/services/clock/same70/sysclk.o
 .text.sysclk_init
                0x00400e20       0x7c src/ASF/common/services/clock/same70/sysclk.o
                0x00400e20                sysclk_init
 .text.usart_serial_putchar
                0x00400e9c      0x10c src/ASF/common/services/serial/usart_serial.o
 .text.usart_serial_write_packet
                0x00400fa8       0x3c src/ASF/common/services/serial/usart_serial.o
                0x00400fa8                usart_serial_write_packet
 .text.osc_get_rate
                0x00400fe4       0x74 src/ASF/common/services/spi/sam_spi/spi_master.o
 .text.sysclk_get_main_hz
                0x00401058       0x20 src/ASF/common/services/spi/sam_spi/spi_master.o
 .text.sysclk_get_peripheral_hz
                0x00401078       0x14 src/ASF/common/services/spi/sam_spi/spi_master.o
 .text.spi_reset
                0x0040108c       0x1a src/ASF/common/services/spi/sam_spi/spi_master.o
 .text.spi_set_master_mode
                0x004010a6       0x20 src/ASF/common/services/spi/sam_spi/spi_master.o
 .text.spi_set_fixed_peripheral_select
                0x004010c6       0x20 src/ASF/common/services/spi/sam_spi/spi_master.o
 .text.spi_disable_peripheral_select_decode
                0x004010e6       0x20 src/ASF/common/services/spi/sam_spi/spi_master.o
 .text.spi_get_peripheral_select_decode_setting
                0x00401106       0x26 src/ASF/common/services/spi/sam_spi/spi_master.o
 .text.spi_disable_mode_fault_detect
                0x0040112c       0x20 src/ASF/common/services/spi/sam_spi/spi_master.o
 .text.spi_disable_loopback
                0x0040114c       0x20 src/ASF/common/services/spi/sam_spi/spi_master.o
 .text.spi_put  0x0040116c       0x1e src/ASF/common/services/spi/sam_spi/spi_master.o
 .text.spi_get  0x0040118a       0x1a src/ASF/common/services/spi/sam_spi/spi_master.o
 .text.spi_is_tx_ready
                0x004011a4       0x26 src/ASF/common/services/spi/sam_spi/spi_master.o
 .text.spi_is_rx_ready
                0x004011ca       0x2c src/ASF/common/services/spi/sam_spi/spi_master.o
 *fill*         0x004011f6        0x2 
 .text.spi_write_single
                0x004011f8       0x24 src/ASF/common/services/spi/sam_spi/spi_master.o
 .text.spi_read_single
                0x0040121c       0x24 src/ASF/common/services/spi/sam_spi/spi_master.o
 .text.spi_master_init
                0x00401240       0x70 src/ASF/common/services/spi/sam_spi/spi_master.o
                0x00401240                spi_master_init
 .text.spi_master_setup_device
                0x004012b0       0xb4 src/ASF/common/services/spi/sam_spi/spi_master.o
                0x004012b0                spi_master_setup_device
 .text.spi_select_device
                0x00401364       0x58 src/ASF/common/services/spi/sam_spi/spi_master.o
                0x00401364                spi_select_device
 .text.spi_write_packet
                0x004013bc       0x74 src/ASF/common/services/spi/sam_spi/spi_master.o
                0x004013bc                spi_write_packet
 .text.spi_read_packet
                0x00401430       0xac src/ASF/common/services/spi/sam_spi/spi_master.o
                0x00401430                spi_read_packet
 .text._read    0x004014dc       0x54 src/ASF/common/utils/stdio/read.o
                0x004014dc                _read
 .text._write   0x00401530       0x6c src/ASF/common/utils/stdio/write.o
                0x00401530                _write
 .text.SCB_EnableICache
                0x0040159c       0x38 src/ASF/sam/boards/same70_xplained/init.o
 .text.SCB_EnableDCache
                0x004015d4       0xa4 src/ASF/sam/boards/same70_xplained/init.o
 .text.sysclk_enable_peripheral_clock
                0x00401678       0x1c src/ASF/sam/boards/same70_xplained/init.o
 .text.ioport_init
                0x00401694       0x2c src/ASF/sam/boards/same70_xplained/init.o
 .text.ioport_disable_pin
                0x004016c0       0x4c src/ASF/sam/boards/same70_xplained/init.o
 .text.ioport_set_pin_mode
                0x0040170c      0x11c src/ASF/sam/boards/same70_xplained/init.o
 .text.ioport_set_pin_dir
                0x00401828       0x88 src/ASF/sam/boards/same70_xplained/init.o
 .text.ioport_set_pin_level
                0x004018b0       0x6c src/ASF/sam/boards/same70_xplained/init.o
 .text.ioport_set_pin_sense_mode
                0x0040191c       0xd0 src/ASF/sam/boards/same70_xplained/init.o
 .text.tcm_disable
                0x004019ec       0x44 src/ASF/sam/boards/same70_xplained/init.o
 .text.board_init
                0x00401a30      0x1d8 src/ASF/sam/boards/same70_xplained/init.o
                0x00401a30                board_init
 .text.spi_enable
                0x00401c08       0x1a src/ASF/sam/components/display/ili9488/ili9488.o
 .text.spi_enable_interrupt
                0x00401c22       0x1c src/ASF/sam/components/display/ili9488/ili9488.o
 *fill*         0x00401c3e        0x2 
 .text.ili9488_write_ram_prepare
                0x00401c40       0x40 src/ASF/sam/components/display/ili9488/ili9488.o
 .text.ili9488_write_ram_buffer
                0x00401c80       0x40 src/ASF/sam/components/display/ili9488/ili9488.o
 .text.ili9488_write_register
                0x00401cc0       0x78 src/ASF/sam/components/display/ili9488/ili9488.o
 .text.ili9488_read_chipid
                0x00401d38       0xcc src/ASF/sam/components/display/ili9488/ili9488.o
 .text.ili9488_delay
                0x00401e04       0x40 src/ASF/sam/components/display/ili9488/ili9488.o
                0x00401e04                ili9488_delay
 .text.ili9488_check_box_coordinates
                0x00401e44       0xa2 src/ASF/sam/components/display/ili9488/ili9488.o
 *fill*         0x00401ee6        0x2 
 .text.ili9488_set_display_direction
                0x00401ee8       0x34 src/ASF/sam/components/display/ili9488/ili9488.o
                0x00401ee8                ili9488_set_display_direction
 .text.ili9488_set_window
                0x00401f1c       0xc8 src/ASF/sam/components/display/ili9488/ili9488.o
                0x00401f1c                ili9488_set_window
 .text.ili9488_init
                0x00401fe4      0x15c src/ASF/sam/components/display/ili9488/ili9488.o
                0x00401fe4                ili9488_init
 .text.ili9488_display_on
                0x00402140       0x18 src/ASF/sam/components/display/ili9488/ili9488.o
                0x00402140                ili9488_display_on
 .text.ili9488_set_foreground_color
                0x00402158       0x54 src/ASF/sam/components/display/ili9488/ili9488.o
                0x00402158                ili9488_set_foreground_color
 .text.ili9488_set_cursor_position
                0x004021ac       0x84 src/ASF/sam/components/display/ili9488/ili9488.o
                0x004021ac                ili9488_set_cursor_position
 .text.ili9488_draw_filled_rectangle
                0x00402230       0xdc src/ASF/sam/components/display/ili9488/ili9488.o
                0x00402230                ili9488_draw_filled_rectangle
 .text.ili9488_draw_pixmap
                0x0040230c       0xb4 src/ASF/sam/components/display/ili9488/ili9488.o
                0x0040230c                ili9488_draw_pixmap
 .text.pio_pull_up
                0x004023c0       0x2c src/ASF/sam/drivers/pio/pio.o
                0x004023c0                pio_pull_up
 .text.pio_set  0x004023ec       0x1c src/ASF/sam/drivers/pio/pio.o
                0x004023ec                pio_set
 .text.pio_clear
                0x00402408       0x1c src/ASF/sam/drivers/pio/pio.o
                0x00402408                pio_clear
 .text.pio_set_peripheral
                0x00402424      0x110 src/ASF/sam/drivers/pio/pio.o
                0x00402424                pio_set_peripheral
 .text.pio_set_input
                0x00402534       0x80 src/ASF/sam/drivers/pio/pio.o
                0x00402534                pio_set_input
 .text.pio_set_output
                0x004025b4       0x64 src/ASF/sam/drivers/pio/pio.o
                0x004025b4                pio_set_output
 .text.pio_configure
                0x00402618       0xcc src/ASF/sam/drivers/pio/pio.o
                0x00402618                pio_configure
 .text.pio_configure_interrupt
                0x004026e4       0x6c src/ASF/sam/drivers/pio/pio.o
                0x004026e4                pio_configure_interrupt
 .text.pio_enable_interrupt
                0x00402750       0x1c src/ASF/sam/drivers/pio/pio.o
                0x00402750                pio_enable_interrupt
 .text.pio_disable_interrupt
                0x0040276c       0x1c src/ASF/sam/drivers/pio/pio.o
                0x0040276c                pio_disable_interrupt
 .text.pio_get_interrupt_status
                0x00402788       0x18 src/ASF/sam/drivers/pio/pio.o
                0x00402788                pio_get_interrupt_status
 .text.pio_get_interrupt_mask
                0x004027a0       0x18 src/ASF/sam/drivers/pio/pio.o
                0x004027a0                pio_get_interrupt_mask
 .text.pio_set_pin_high
                0x004027b8       0x30 src/ASF/sam/drivers/pio/pio.o
                0x004027b8                pio_set_pin_high
 .text.pio_set_pin_low
                0x004027e8       0x30 src/ASF/sam/drivers/pio/pio.o
                0x004027e8                pio_set_pin_low
 .text.pio_configure_pin
                0x00402818      0x1b0 src/ASF/sam/drivers/pio/pio.o
                0x00402818                pio_configure_pin
 .text.pio_get_pin_group
                0x004029c8       0x28 src/ASF/sam/drivers/pio/pio.o
                0x004029c8                pio_get_pin_group
 .text.pio_handler_process
                0x004029f0       0xb4 src/ASF/sam/drivers/pio/pio_handler.o
                0x004029f0                pio_handler_process
 .text.pio_handler_set
                0x00402aa4       0xa0 src/ASF/sam/drivers/pio/pio_handler.o
                0x00402aa4                pio_handler_set
 .text.PIOA_Handler
                0x00402b44       0x18 src/ASF/sam/drivers/pio/pio_handler.o
                0x00402b44                PIOA_Handler
 .text.PIOB_Handler
                0x00402b5c       0x18 src/ASF/sam/drivers/pio/pio_handler.o
                0x00402b5c                PIOB_Handler
 .text.PIOC_Handler
                0x00402b74       0x18 src/ASF/sam/drivers/pio/pio_handler.o
                0x00402b74                PIOC_Handler
 .text.PIOD_Handler
                0x00402b8c       0x18 src/ASF/sam/drivers/pio/pio_handler.o
                0x00402b8c                PIOD_Handler
 .text.PIOE_Handler
                0x00402ba4       0x18 src/ASF/sam/drivers/pio/pio_handler.o
                0x00402ba4                PIOE_Handler
 .text.pmc_mck_set_division
                0x00402bbc       0x7c src/ASF/sam/drivers/pmc/pmc.o
                0x00402bbc                pmc_mck_set_division
 .text.pmc_switch_mck_to_pllack
                0x00402c38       0x84 src/ASF/sam/drivers/pmc/pmc.o
                0x00402c38                pmc_switch_mck_to_pllack
 .text.pmc_switch_sclk_to_32kxtal
                0x00402cbc       0x38 src/ASF/sam/drivers/pmc/pmc.o
                0x00402cbc                pmc_switch_sclk_to_32kxtal
 .text.pmc_osc_is_ready_32kxtal
                0x00402cf4       0x34 src/ASF/sam/drivers/pmc/pmc.o
                0x00402cf4                pmc_osc_is_ready_32kxtal
 .text.pmc_switch_mainck_to_fastrc
                0x00402d28       0x70 src/ASF/sam/drivers/pmc/pmc.o
                0x00402d28                pmc_switch_mainck_to_fastrc
 .text.pmc_switch_mainck_to_xtal
                0x00402d98       0x78 src/ASF/sam/drivers/pmc/pmc.o
                0x00402d98                pmc_switch_mainck_to_xtal
 .text.pmc_osc_is_ready_mainck
                0x00402e10       0x1c src/ASF/sam/drivers/pmc/pmc.o
                0x00402e10                pmc_osc_is_ready_mainck
 .text.pmc_disable_pllack
                0x00402e2c       0x1c src/ASF/sam/drivers/pmc/pmc.o
                0x00402e2c                pmc_disable_pllack
 .text.pmc_is_locked_pllack
                0x00402e48       0x1c src/ASF/sam/drivers/pmc/pmc.o
                0x00402e48                pmc_is_locked_pllack
 .text.pmc_is_locked_upll
                0x00402e64       0x1c src/ASF/sam/drivers/pmc/pmc.o
                0x00402e64                pmc_is_locked_upll
 .text.pmc_enable_periph_clk
                0x00402e80       0x3c src/ASF/sam/drivers/pmc/pmc.o
                0x00402e80                pmc_enable_periph_clk
 .text.rtc_set_hour_mode
                0x00402ebc       0x36 src/ASF/sam/drivers/rtc/rtc.o
                0x00402ebc                rtc_set_hour_mode
 .text.rtc_enable_interrupt
                0x00402ef2       0x1c src/ASF/sam/drivers/rtc/rtc.o
                0x00402ef2                rtc_enable_interrupt
 .text.rtc_get_time
                0x00402f0e       0xc4 src/ASF/sam/drivers/rtc/rtc.o
                0x00402f0e                rtc_get_time
 *fill*         0x00402fd2        0x2 
 .text.rtc_set_time
                0x00402fd4      0x108 src/ASF/sam/drivers/rtc/rtc.o
                0x00402fd4                rtc_set_time
 .text.rtc_set_time_alarm
                0x004030dc      0x100 src/ASF/sam/drivers/rtc/rtc.o
                0x004030dc                rtc_set_time_alarm
 .text.rtc_set_date
                0x004031dc      0x140 src/ASF/sam/drivers/rtc/rtc.o
                0x004031dc                rtc_set_date
 .text.rtc_get_status
                0x0040331c       0x18 src/ASF/sam/drivers/rtc/rtc.o
                0x0040331c                rtc_get_status
 .text.rtc_clear_status
                0x00403334       0x1c src/ASF/sam/drivers/rtc/rtc.o
                0x00403334                rtc_clear_status
 .text.spi_get_peripheral_select_mode
                0x00403350       0x26 src/ASF/sam/drivers/spi/spi.o
 *fill*         0x00403376        0x2 
 .text.sysclk_enable_peripheral_clock
                0x00403378       0x1c src/ASF/sam/drivers/spi/spi.o
 .text.spi_enable_clock
                0x00403394       0x3c src/ASF/sam/drivers/spi/spi.o
                0x00403394                spi_enable_clock
 .text.spi_set_peripheral_chip_select_value
                0x004033d0       0x34 src/ASF/sam/drivers/spi/spi.o
                0x004033d0                spi_set_peripheral_chip_select_value
 .text.spi_set_delay_between_chip_select
                0x00403404       0x30 src/ASF/sam/drivers/spi/spi.o
                0x00403404                spi_set_delay_between_chip_select
 .text.spi_write
                0x00403434       0x80 src/ASF/sam/drivers/spi/spi.o
                0x00403434                spi_write
 .text.spi_set_clock_polarity
                0x004034b4       0x50 src/ASF/sam/drivers/spi/spi.o
                0x004034b4                spi_set_clock_polarity
 .text.spi_set_clock_phase
                0x00403504       0x50 src/ASF/sam/drivers/spi/spi.o
                0x00403504                spi_set_clock_phase
 .text.spi_configure_cs_behavior
                0x00403554       0xa6 src/ASF/sam/drivers/spi/spi.o
                0x00403554                spi_configure_cs_behavior
 .text.spi_set_bits_per_transfer
                0x004035fa       0x4a src/ASF/sam/drivers/spi/spi.o
                0x004035fa                spi_set_bits_per_transfer
 .text.spi_calc_baudrate_div
                0x00403644       0x3c src/ASF/sam/drivers/spi/spi.o
                0x00403644                spi_calc_baudrate_div
 .text.spi_set_baudrate_div
                0x00403680       0x5e src/ASF/sam/drivers/spi/spi.o
                0x00403680                spi_set_baudrate_div
 .text.spi_set_transfer_delay
                0x004036de       0x5e src/ASF/sam/drivers/spi/spi.o
                0x004036de                spi_set_transfer_delay
 .text.twihs_enable_master_mode
                0x0040373c       0x26 src/ASF/sam/drivers/twihs/twihs.o
                0x0040373c                twihs_enable_master_mode
 *fill*         0x00403762        0x2 
 .text.twihs_master_init
                0x00403764       0x58 src/ASF/sam/drivers/twihs/twihs.o
                0x00403764                twihs_master_init
 .text.twihs_set_speed
                0x004037bc       0xf4 src/ASF/sam/drivers/twihs/twihs.o
                0x004037bc                twihs_set_speed
 .text.twihs_mk_addr
                0x004038b0       0x5c src/ASF/sam/drivers/twihs/twihs.o
 .text.twihs_master_read
                0x0040390c       0xe8 src/ASF/sam/drivers/twihs/twihs.o
                0x0040390c                twihs_master_read
 .text.twihs_master_write
                0x004039f4       0xdc src/ASF/sam/drivers/twihs/twihs.o
                0x004039f4                twihs_master_write
 .text.twihs_reset
                0x00403ad0       0x1e src/ASF/sam/drivers/twihs/twihs.o
                0x00403ad0                twihs_reset
 .text.uart_init
                0x00403aee       0x58 src/ASF/sam/drivers/uart/uart.o
                0x00403aee                uart_init
 .text.uart_write
                0x00403b46       0x30 src/ASF/sam/drivers/uart/uart.o
                0x00403b46                uart_write
 .text.uart_read
                0x00403b76       0x32 src/ASF/sam/drivers/uart/uart.o
                0x00403b76                uart_read
 .text.usart_set_async_baudrate
                0x00403ba8       0x8a src/ASF/sam/drivers/usart/usart.o
                0x00403ba8                usart_set_async_baudrate
 *fill*         0x00403c32        0x2 
 .text.usart_reset
                0x00403c34       0x54 src/ASF/sam/drivers/usart/usart.o
                0x00403c34                usart_reset
 .text.usart_init_rs232
                0x00403c88       0x84 src/ASF/sam/drivers/usart/usart.o
                0x00403c88                usart_init_rs232
 .text.usart_enable_tx
                0x00403d0c       0x1a src/ASF/sam/drivers/usart/usart.o
                0x00403d0c                usart_enable_tx
 .text.usart_reset_tx
                0x00403d26       0x1a src/ASF/sam/drivers/usart/usart.o
                0x00403d26                usart_reset_tx
 .text.usart_enable_rx
                0x00403d40       0x1a src/ASF/sam/drivers/usart/usart.o
                0x00403d40                usart_enable_rx
 .text.usart_reset_rx
                0x00403d5a       0x1a src/ASF/sam/drivers/usart/usart.o
                0x00403d5a                usart_reset_rx
 .text.usart_reset_status
                0x00403d74       0x1c src/ASF/sam/drivers/usart/usart.o
                0x00403d74                usart_reset_status
 .text.usart_drive_RTS_pin_high
                0x00403d90       0x1c src/ASF/sam/drivers/usart/usart.o
                0x00403d90                usart_drive_RTS_pin_high
 .text.usart_write
                0x00403dac       0x32 src/ASF/sam/drivers/usart/usart.o
                0x00403dac                usart_write
 .text.usart_read
                0x00403dde       0x34 src/ASF/sam/drivers/usart/usart.o
                0x00403dde                usart_read
 *fill*         0x00403e12        0x2 
 .text.usart_disable_writeprotect
                0x00403e14       0x20 src/ASF/sam/drivers/usart/usart.o
                0x00403e14                usart_disable_writeprotect
 .text.cpu_irq_save
                0x00403e34       0x38 src/ASF/sam/utils/cmsis/same70/source/templates/gcc/startup_same70.o
 .text.cpu_irq_is_enabled_flags
                0x00403e6c       0x20 src/ASF/sam/utils/cmsis/same70/source/templates/gcc/startup_same70.o
 .text.cpu_irq_restore
                0x00403e8c       0x30 src/ASF/sam/utils/cmsis/same70/source/templates/gcc/startup_same70.o
 .text.Reset_Handler
                0x00403ebc       0xb0 src/ASF/sam/utils/cmsis/same70/source/templates/gcc/startup_same70.o
                0x00403ebc                Reset_Handler
 .text.Dummy_Handler
                0x00403f6c        0x6 src/ASF/sam/utils/cmsis/same70/source/templates/gcc/startup_same70.o
                0x00403f6c                DACC_Handler
                0x00403f6c                DebugMon_Handler
                0x00403f6c                UART3_Handler
                0x00403f6c                UART2_Handler
                0x00403f6c                TRNG_Handler
                0x00403f6c                HardFault_Handler
                0x00403f6c                TC2_Handler
                0x00403f6c                SysTick_Handler
                0x00403f6c                AFEC1_Handler
                0x00403f6c                PendSV_Handler
                0x00403f6c                NMI_Handler
                0x00403f6c                TC7_Handler
                0x00403f6c                QSPI_Handler
                0x00403f6c                ISI_Handler
                0x00403f6c                MCAN0_INT0_Handler
                0x00403f6c                TC9_Handler
                0x00403f6c                RSWDT_Handler
                0x00403f6c                USART0_Handler
                0x00403f6c                RTT_Handler
                0x00403f6c                USBHS_Handler
                0x00403f6c                IXC_Handler
                0x00403f6c                CCF_Handler
                0x00403f6c                UsageFault_Handler
                0x00403f6c                TC6_Handler
                0x00403f6c                WDT_Handler
                0x00403f6c                MCAN1_INT1_Handler
                0x00403f6c                TC4_Handler
                0x00403f6c                TC1_Handler
                0x00403f6c                HSMCI_Handler
                0x00403f6c                UART1_Handler
                0x00403f6c                TC3_Handler
                0x00403f6c                Dummy_Handler
                0x00403f6c                TWIHS1_Handler
                0x00403f6c                XDMAC_Handler
                0x00403f6c                UART4_Handler
                0x00403f6c                PWM1_Handler
                0x00403f6c                USART1_Handler
                0x00403f6c                PWM0_Handler
                0x00403f6c                AFEC0_Handler
                0x00403f6c                CCW_Handler
                0x00403f6c                TC11_Handler
                0x00403f6c                SSC_Handler
                0x00403f6c                ACC_Handler
                0x00403f6c                PMC_Handler
                0x00403f6c                GMAC_Handler
                0x00403f6c                MCAN0_INT1_Handler
                0x00403f6c                GMAC_Q5_Handler
                0x00403f6c                MemManage_Handler
                0x00403f6c                SUPC_Handler
                0x00403f6c                SVC_Handler
                0x00403f6c                TC8_Handler
                0x00403f6c                MCAN1_INT0_Handler
                0x00403f6c                EFC_Handler
                0x00403f6c                GMAC_Q1_Handler
                0x00403f6c                USART2_Handler
                0x00403f6c                SDRAMC_Handler
                0x00403f6c                GMAC_Q2_Handler
                0x00403f6c                SPI1_Handler
                0x00403f6c                TC10_Handler
                0x00403f6c                GMAC_Q3_Handler
                0x00403f6c                TWIHS2_Handler
                0x00403f6c                I2SC0_Handler
                0x00403f6c                UART0_Handler
                0x00403f6c                I2SC1_Handler
                0x00403f6c                GMAC_Q4_Handler
                0x00403f6c                FPU_Handler
                0x00403f6c                BusFault_Handler
                0x00403f6c                RSTC_Handler
                0x00403f6c                TC0_Handler
                0x00403f6c                TC5_Handler
                0x00403f6c                AES_Handler
                0x00403f6c                ICM_Handler
                0x00403f6c                TWIHS0_Handler
                0x00403f6c                SPI0_Handler
 *fill*         0x00403f72        0x2 
 .text.SystemCoreClockUpdate
                0x00403f74      0x168 src/ASF/sam/utils/cmsis/same70/source/templates/system_same70.o
                0x00403f74                SystemCoreClockUpdate
 .text.system_init_flash
                0x004040dc       0xb0 src/ASF/sam/utils/cmsis/same70/source/templates/system_same70.o
                0x004040dc                system_init_flash
 .text._sbrk    0x0040418c       0x58 src/ASF/sam/utils/syscalls/gcc/syscalls.o
                0x0040418c                _sbrk
 .text._close   0x004041e4       0x18 src/ASF/sam/utils/syscalls/gcc/syscalls.o
                0x004041e4                _close
 .text._fstat   0x004041fc       0x20 src/ASF/sam/utils/syscalls/gcc/syscalls.o
                0x004041fc                _fstat
 .text._isatty  0x0040421c       0x16 src/ASF/sam/utils/syscalls/gcc/syscalls.o
                0x0040421c                _isatty
 .text._lseek   0x00404232       0x1a src/ASF/sam/utils/syscalls/gcc/syscalls.o
                0x00404232                _lseek
 .text.NVIC_EnableIRQ
                0x0040424c       0x34 src/main.o
 .text.NVIC_DisableIRQ
                0x00404280       0x34 src/main.o
 .text.NVIC_ClearPendingIRQ
                0x004042b4       0x34 src/main.o
 .text.NVIC_SetPriority
                0x004042e8       0x54 src/main.o
 .text.osc_get_rate
                0x0040433c       0x74 src/main.o
 .text.sysclk_get_main_hz
                0x004043b0       0x20 src/main.o
 .text.sysclk_get_cpu_hz
                0x004043d0       0x14 src/main.o
 .text.sysclk_get_peripheral_hz
                0x004043e4       0x14 src/main.o
 .text.sysclk_enable_peripheral_clock
                0x004043f8       0x1c src/main.o
 .text.usart_serial_init
                0x00404414      0x180 src/main.o
 .text.usart_serial_putchar
                0x00404594      0x10c src/main.o
 .text.usart_serial_getchar
                0x004046a0      0x108 src/main.o
 .text.stdio_serial_init
                0x004047a8       0x68 src/main.o
 .text.twihs_master_setup
                0x00404810       0x74 src/main.o
 .text.back_callback
                0x00404884       0x18 src/main.o
                0x00404884                back_callback
 .text.next_callback
                0x0040489c       0x18 src/main.o
                0x0040489c                next_callback
 .text.lock_callback
                0x004048b4       0x34 src/main.o
                0x004048b4                lock_callback
 .text.PORTA_callback
                0x004048e8       0x18 src/main.o
                0x004048e8                PORTA_callback
 .text.start_callback
                0x00404900       0x30 src/main.o
                0x00404900                start_callback
 .text.RTC_Handler
                0x00404930       0x70 src/main.o
                0x00404930                RTC_Handler
 .text.processa_touch
                0x004049a0      0x13c src/main.o
                0x004049a0                processa_touch
 .text.calcula_tempo
                0x00404adc       0x24 src/main.o
                0x00404adc                calcula_tempo
 .text.font_draw_text
                0x00404b00       0x88 src/main.o
                0x00404b00                font_draw_text
 .text.configure_lcd
                0x00404b88       0x38 src/main.o
 .text.mxt_init
                0x00404bc0      0x210 src/main.o
 .text.draw_time
                0x00404dd0       0x68 src/main.o
                0x00404dd0                draw_time
 .text.convert_axis_system_x
                0x00404e38       0x24 src/main.o
                0x00404e38                convert_axis_system_x
 .text.convert_axis_system_y
                0x00404e5c       0x24 src/main.o
                0x00404e5c                convert_axis_system_y
 .text.mxt_debounce
                0x00404e80       0xb4 src/main.o
                0x00404e80                mxt_debounce
 .text.mxt_handler
                0x00404f34      0x204 src/main.o
                0x00404f34                mxt_handler
 .text.io_init  0x00405138       0xa8 src/main.o
                0x00405138                io_init
 .text.RTC_init
                0x004051e0       0x84 src/main.o
                0x004051e0                RTC_init
 .text.draw_menu_screen
                0x00405264      0x1cc src/main.o
                0x00405264                draw_menu_screen
 .text.draw_started_screen
                0x00405430       0x84 src/main.o
                0x00405430                draw_started_screen
 .text.draw_lock_screen
                0x004054b4       0x88 src/main.o
                0x004054b4                draw_lock_screen
 .text.draw_door_screen
                0x0040553c       0xc0 src/main.o
                0x0040553c                draw_door_screen
 .text.draw_cicle
                0x004055fc       0xd8 src/main.o
                0x004055fc                draw_cicle
 .text.main     0x004056d4      0x73c src/main.o
                0x004056d4                main
 .text          0x00405e10       0x30 c:/program files (x86)/atmel/studio/7.0/toolchain/arm/arm-gnu-toolchain/bin/../lib/gcc/arm-none-eabi/6.3.1/thumb/v7e-m\libgcc.a(_aeabi_uldivmod.o)
                0x00405e10                __aeabi_uldivmod
 .text          0x00405e40      0x2dc c:/program files (x86)/atmel/studio/7.0/toolchain/arm/arm-gnu-toolchain/bin/../lib/gcc/arm-none-eabi/6.3.1/thumb/v7e-m\libgcc.a(_udivmoddi4.o)
                0x00405e40                __udivmoddi4
 .text          0x0040611c        0x4 c:/program files (x86)/atmel/studio/7.0/toolchain/arm/arm-gnu-toolchain/bin/../lib/gcc/arm-none-eabi/6.3.1/thumb/v7e-m\libgcc.a(_dvmd_tls.o)
                0x0040611c                __aeabi_idiv0
                0x0040611c                __aeabi_ldiv0
 .text.__libc_init_array
                0x00406120       0x50 c:/program files (x86)/atmel/studio/7.0/toolchain/arm/arm-gnu-toolchain/bin/../lib/gcc/arm-none-eabi/6.3.1/../../../../arm-none-eabi/lib/thumb/v7e-m\libc.a(lib_a-init.o)
                0x00406120                __libc_init_array
 .text.iprintf  0x00406170       0x28 c:/program files (x86)/atmel/studio/7.0/toolchain/arm/arm-gnu-toolchain/bin/../lib/gcc/arm-none-eabi/6.3.1/../../../../arm-none-eabi/lib/thumb/v7e-m\libc.a(lib_a-iprintf.o)
                0x00406170                iprintf
 .text.malloc   0x00406198       0x10 c:/program files (x86)/atmel/studio/7.0/toolchain/arm/arm-gnu-toolchain/bin/../lib/gcc/arm-none-eabi/6.3.1/../../../../arm-none-eabi/lib/thumb/v7e-m\libc.a(lib_a-malloc.o)
                0x00406198                malloc
 .text._malloc_r
                0x004061a8      0x560 c:/program files (x86)/atmel/studio/7.0/toolchain/arm/arm-gnu-toolchain/bin/../lib/gcc/arm-none-eabi/6.3.1/../../../../arm-none-eabi/lib/thumb/v7e-m\libc.a(lib_a-mallocr.o)
                0x004061a8                _malloc_r
 .text.memset   0x00406708       0x9c c:/program files (x86)/atmel/studio/7.0/toolchain/arm/arm-gnu-toolchain/bin/../lib/gcc/arm-none-eabi/6.3.1/../../../../arm-none-eabi/lib/thumb/v7e-m\libc.a(lib_a-memset.o)
                0x00406708                memset
 .text.__malloc_lock
                0x004067a4        0xc c:/program files (x86)/atmel/studio/7.0/toolchain/arm/arm-gnu-toolchain/bin/../lib/gcc/arm-none-eabi/6.3.1/../../../../arm-none-eabi/lib/thumb/v7e-m\libc.a(lib_a-mlock.o)
                0x004067a4                __malloc_lock
 .text.__malloc_unlock
                0x004067b0        0xc c:/program files (x86)/atmel/studio/7.0/toolchain/arm/arm-gnu-toolchain/bin/../lib/gcc/arm-none-eabi/6.3.1/../../../../arm-none-eabi/lib/thumb/v7e-m\libc.a(lib_a-mlock.o)
                0x004067b0                __malloc_unlock
 .text._sbrk_r  0x004067bc       0x24 c:/program files (x86)/atmel/studio/7.0/toolchain/arm/arm-gnu-toolchain/bin/../lib/gcc/arm-none-eabi/6.3.1/../../../../arm-none-eabi/lib/thumb/v7e-m\libc.a(lib_a-sbrkr.o)
                0x004067bc                _sbrk_r
 .text.setbuf   0x004067e0       0x10 c:/program files (x86)/atmel/studio/7.0/toolchain/arm/arm-gnu-toolchain/bin/../lib/gcc/arm-none-eabi/6.3.1/../../../../arm-none-eabi/lib/thumb/v7e-m\libc.a(lib_a-setbuf.o)
                0x004067e0                setbuf
 .text.setvbuf  0x004067f0      0x190 c:/program files (x86)/atmel/studio/7.0/toolchain/arm/arm-gnu-toolchain/bin/../lib/gcc/arm-none-eabi/6.3.1/../../../../arm-none-eabi/lib/thumb/v7e-m\libc.a(lib_a-setvbuf.o)
                0x004067f0                setvbuf
 .text.sprintf  0x00406980       0x4c c:/program files (x86)/atmel/studio/7.0/toolchain/arm/arm-gnu-toolchain/bin/../lib/gcc/arm-none-eabi/6.3.1/../../../../arm-none-eabi/lib/thumb/v7e-m\libc.a(lib_a-sprintf.o)
                0x00406980                sprintf
 .text.strcat   0x004069cc       0x40 c:/program files (x86)/atmel/studio/7.0/toolchain/arm/arm-gnu-toolchain/bin/../lib/gcc/arm-none-eabi/6.3.1/../../../../arm-none-eabi/lib/thumb/v7e-m\libc.a(lib_a-strcat.o)
                0x004069cc                strcat
 .text.strcpy   0x00406a0c       0xbc c:/program files (x86)/atmel/studio/7.0/toolchain/arm/arm-gnu-toolchain/bin/../lib/gcc/arm-none-eabi/6.3.1/../../../../arm-none-eabi/lib/thumb/v7e-m\libc.a(lib_a-strcpy.o)
                0x00406a0c                strcpy
 *fill*         0x00406ac8       0x38 
 .text          0x00406b00       0xdc c:/program files (x86)/atmel/studio/7.0/toolchain/arm/arm-gnu-toolchain/bin/../lib/gcc/arm-none-eabi/6.3.1/../../../../arm-none-eabi/lib/thumb/v7e-m\libc.a(lib_a-strlen.o)
                0x00406b00                strlen
 .text._svfprintf_r
                0x00406bdc     0x145c c:/program files (x86)/atmel/studio/7.0/toolchain/arm/arm-gnu-toolchain/bin/../lib/gcc/arm-none-eabi/6.3.1/../../../../arm-none-eabi/lib/thumb/v7e-m\libc.a(lib_a-svfprintf.o)
                0x00406bdc                _svfprintf_r
 .text.__sprint_r.part.0
                0x00408038       0x80 c:/program files (x86)/atmel/studio/7.0/toolchain/arm/arm-gnu-toolchain/bin/../lib/gcc/arm-none-eabi/6.3.1/../../../../arm-none-eabi/lib/thumb/v7e-m\libc.a(lib_a-vfiprintf.o)
 .text._vfiprintf_r
                0x004080b8      0xc90 c:/program files (x86)/atmel/studio/7.0/toolchain/arm/arm-gnu-toolchain/bin/../lib/gcc/arm-none-eabi/6.3.1/../../../../arm-none-eabi/lib/thumb/v7e-m\libc.a(lib_a-vfiprintf.o)
                0x004080b8                _vfiprintf_r
 .text.__sbprintf
                0x00408d48       0x84 c:/program files (x86)/atmel/studio/7.0/toolchain/arm/arm-gnu-toolchain/bin/../lib/gcc/arm-none-eabi/6.3.1/../../../../arm-none-eabi/lib/thumb/v7e-m\libc.a(lib_a-vfiprintf.o)
 .text.__swsetup_r
                0x00408dcc       0xc8 c:/program files (x86)/atmel/studio/7.0/toolchain/arm/arm-gnu-toolchain/bin/../lib/gcc/arm-none-eabi/6.3.1/../../../../arm-none-eabi/lib/thumb/v7e-m\libc.a(lib_a-wsetup.o)
                0x00408dcc                __swsetup_r
 .text.startup.register_fini
                0x00408e94       0x14 c:/program files (x86)/atmel/studio/7.0/toolchain/arm/arm-gnu-toolchain/bin/../lib/gcc/arm-none-eabi/6.3.1/../../../../arm-none-eabi/lib/thumb/v7e-m\libc.a(lib_a-__call_atexit.o)
 .text.atexit   0x00408ea8        0xc c:/program files (x86)/atmel/studio/7.0/toolchain/arm/arm-gnu-toolchain/bin/../lib/gcc/arm-none-eabi/6.3.1/../../../../arm-none-eabi/lib/thumb/v7e-m\libc.a(lib_a-atexit.o)
                0x00408ea8                atexit
 .text.quorem   0x00408eb4      0x128 c:/program files (x86)/atmel/studio/7.0/toolchain/arm/arm-gnu-toolchain/bin/../lib/gcc/arm-none-eabi/6.3.1/../../../../arm-none-eabi/lib/thumb/v7e-m\libc.a(lib_a-dtoa.o)
 *fill*         0x00408fdc        0x4 
 .text._dtoa_r  0x00408fe0      0xe54 c:/program files (x86)/atmel/studio/7.0/toolchain/arm/arm-gnu-toolchain/bin/../lib/gcc/arm-none-eabi/6.3.1/../../../../arm-none-eabi/lib/thumb/v7e-m\libc.a(lib_a-dtoa.o)
                0x00408fe0                _dtoa_r
 .text.__sflush_r
                0x00409e34      0x140 c:/program files (x86)/atmel/studio/7.0/toolchain/arm/arm-gnu-toolchain/bin/../lib/gcc/arm-none-eabi/6.3.1/../../../../arm-none-eabi/lib/thumb/v7e-m\libc.a(lib_a-fflush.o)
                0x00409e34                __sflush_r
 .text._fflush_r
                0x00409f74       0x54 c:/program files (x86)/atmel/studio/7.0/toolchain/arm/arm-gnu-toolchain/bin/../lib/gcc/arm-none-eabi/6.3.1/../../../../arm-none-eabi/lib/thumb/v7e-m\libc.a(lib_a-fflush.o)
                0x00409f74                _fflush_r
 .text._cleanup_r
                0x00409fc8        0xc c:/program files (x86)/atmel/studio/7.0/toolchain/arm/arm-gnu-toolchain/bin/../lib/gcc/arm-none-eabi/6.3.1/../../../../arm-none-eabi/lib/thumb/v7e-m\libc.a(lib_a-findfp.o)
                0x00409fc8                _cleanup_r
 .text.std.isra.0
                0x00409fd4       0x50 c:/program files (x86)/atmel/studio/7.0/toolchain/arm/arm-gnu-toolchain/bin/../lib/gcc/arm-none-eabi/6.3.1/../../../../arm-none-eabi/lib/thumb/v7e-m\libc.a(lib_a-findfp.o)
 .text.__sinit  0x0040a024       0x58 c:/program files (x86)/atmel/studio/7.0/toolchain/arm/arm-gnu-toolchain/bin/../lib/gcc/arm-none-eabi/6.3.1/../../../../arm-none-eabi/lib/thumb/v7e-m\libc.a(lib_a-findfp.o)
                0x0040a024                __sinit
 .text.__sfp_lock_acquire
                0x0040a07c        0xc c:/program files (x86)/atmel/studio/7.0/toolchain/arm/arm-gnu-toolchain/bin/../lib/gcc/arm-none-eabi/6.3.1/../../../../arm-none-eabi/lib/thumb/v7e-m\libc.a(lib_a-findfp.o)
                0x0040a07c                __sfp_lock_acquire
 .text.__sfp_lock_release
                0x0040a088        0xc c:/program files (x86)/atmel/studio/7.0/toolchain/arm/arm-gnu-toolchain/bin/../lib/gcc/arm-none-eabi/6.3.1/../../../../arm-none-eabi/lib/thumb/v7e-m\libc.a(lib_a-findfp.o)
                0x0040a088                __sfp_lock_release
 .text.__libc_fini_array
                0x0040a094       0x34 c:/program files (x86)/atmel/studio/7.0/toolchain/arm/arm-gnu-toolchain/bin/../lib/gcc/arm-none-eabi/6.3.1/../../../../arm-none-eabi/lib/thumb/v7e-m\libc.a(lib_a-fini.o)
                0x0040a094                __libc_fini_array
 .text.__fputwc
                0x0040a0c8       0xa0 c:/program files (x86)/atmel/studio/7.0/toolchain/arm/arm-gnu-toolchain/bin/../lib/gcc/arm-none-eabi/6.3.1/../../../../arm-none-eabi/lib/thumb/v7e-m\libc.a(lib_a-fputwc.o)
                0x0040a0c8                __fputwc
 .text._fputwc_r
                0x0040a168       0x68 c:/program files (x86)/atmel/studio/7.0/toolchain/arm/arm-gnu-toolchain/bin/../lib/gcc/arm-none-eabi/6.3.1/../../../../arm-none-eabi/lib/thumb/v7e-m\libc.a(lib_a-fputwc.o)
                0x0040a168                _fputwc_r
 .text._malloc_trim_r
                0x0040a1d0       0xa0 c:/program files (x86)/atmel/studio/7.0/toolchain/arm/arm-gnu-toolchain/bin/../lib/gcc/arm-none-eabi/6.3.1/../../../../arm-none-eabi/lib/thumb/v7e-m\libc.a(lib_a-freer.o)
                0x0040a1d0                _malloc_trim_r
 .text._free_r  0x0040a270      0x1cc c:/program files (x86)/atmel/studio/7.0/toolchain/arm/arm-gnu-toolchain/bin/../lib/gcc/arm-none-eabi/6.3.1/../../../../arm-none-eabi/lib/thumb/v7e-m\libc.a(lib_a-freer.o)
                0x0040a270                _free_r
 .text.__sfvwrite_r
                0x0040a43c      0x2f0 c:/program files (x86)/atmel/studio/7.0/toolchain/arm/arm-gnu-toolchain/bin/../lib/gcc/arm-none-eabi/6.3.1/../../../../arm-none-eabi/lib/thumb/v7e-m\libc.a(lib_a-fvwrite.o)
                0x0040a43c                __sfvwrite_r
 .text._fwalk_reent
                0x0040a72c       0x54 c:/program files (x86)/atmel/studio/7.0/toolchain/arm/arm-gnu-toolchain/bin/../lib/gcc/arm-none-eabi/6.3.1/../../../../arm-none-eabi/lib/thumb/v7e-m\libc.a(lib_a-fwalk.o)
                0x0040a72c                _fwalk_reent
 .text.__locale_mb_cur_max
                0x0040a780       0x1c c:/program files (x86)/atmel/studio/7.0/toolchain/arm/arm-gnu-toolchain/bin/../lib/gcc/arm-none-eabi/6.3.1/../../../../arm-none-eabi/lib/thumb/v7e-m\libc.a(lib_a-locale.o)
                0x0040a780                __locale_mb_cur_max
 .text._localeconv_r
                0x0040a79c       0x1c c:/program files (x86)/atmel/studio/7.0/toolchain/arm/arm-gnu-toolchain/bin/../lib/gcc/arm-none-eabi/6.3.1/../../../../arm-none-eabi/lib/thumb/v7e-m\libc.a(lib_a-localeconv.o)
                0x0040a79c                _localeconv_r
 .text.__retarget_lock_init_recursive
                0x0040a7b8        0x4 c:/program files (x86)/atmel/studio/7.0/toolchain/arm/arm-gnu-toolchain/bin/../lib/gcc/arm-none-eabi/6.3.1/../../../../arm-none-eabi/lib/thumb/v7e-m\libc.a(lib_a-lock.o)
                0x0040a7b8                __retarget_lock_init_recursive
 .text.__retarget_lock_close_recursive
                0x0040a7bc        0x4 c:/program files (x86)/atmel/studio/7.0/toolchain/arm/arm-gnu-toolchain/bin/../lib/gcc/arm-none-eabi/6.3.1/../../../../arm-none-eabi/lib/thumb/v7e-m\libc.a(lib_a-lock.o)
                0x0040a7bc                __retarget_lock_close_recursive
 .text.__retarget_lock_acquire_recursive
                0x0040a7c0        0x4 c:/program files (x86)/atmel/studio/7.0/toolchain/arm/arm-gnu-toolchain/bin/../lib/gcc/arm-none-eabi/6.3.1/../../../../arm-none-eabi/lib/thumb/v7e-m\libc.a(lib_a-lock.o)
                0x0040a7c0                __retarget_lock_acquire_recursive
 .text.__retarget_lock_release_recursive
                0x0040a7c4        0x4 c:/program files (x86)/atmel/studio/7.0/toolchain/arm/arm-gnu-toolchain/bin/../lib/gcc/arm-none-eabi/6.3.1/../../../../arm-none-eabi/lib/thumb/v7e-m\libc.a(lib_a-lock.o)
                0x0040a7c4                __retarget_lock_release_recursive
 .text.__swhatbuf_r
                0x0040a7c8       0x5c c:/program files (x86)/atmel/studio/7.0/toolchain/arm/arm-gnu-toolchain/bin/../lib/gcc/arm-none-eabi/6.3.1/../../../../arm-none-eabi/lib/thumb/v7e-m\libc.a(lib_a-makebuf.o)
                0x0040a7c8                __swhatbuf_r
 .text.__smakebuf_r
                0x0040a824       0x94 c:/program files (x86)/atmel/studio/7.0/toolchain/arm/arm-gnu-toolchain/bin/../lib/gcc/arm-none-eabi/6.3.1/../../../../arm-none-eabi/lib/thumb/v7e-m\libc.a(lib_a-makebuf.o)
                0x0040a824                __smakebuf_r
 .text.__ascii_mbtowc
                0x0040a8b8       0x2c c:/program files (x86)/atmel/studio/7.0/toolchain/arm/arm-gnu-toolchain/bin/../lib/gcc/arm-none-eabi/6.3.1/../../../../arm-none-eabi/lib/thumb/v7e-m\libc.a(lib_a-mbtowc_r.o)
                0x0040a8b8                __ascii_mbtowc
 *fill*         0x0040a8e4        0xc 
 .text          0x0040a8f0       0xa0 c:/program files (x86)/atmel/studio/7.0/toolchain/arm/arm-gnu-toolchain/bin/../lib/gcc/arm-none-eabi/6.3.1/../../../../arm-none-eabi/lib/thumb/v7e-m\libc.a(lib_a-memchr.o)
                0x0040a8f0                memchr
 .text          0x0040a990      0x134 c:/program files (x86)/atmel/studio/7.0/toolchain/arm/arm-gnu-toolchain/bin/../lib/gcc/arm-none-eabi/6.3.1/../../../../arm-none-eabi/lib/thumb/v7e-m\libc.a(lib_a-memcpy.o)
                0x0040a990                memcpy
 .text.memmove  0x0040aac4       0xc8 c:/program files (x86)/atmel/studio/7.0/toolchain/arm/arm-gnu-toolchain/bin/../lib/gcc/arm-none-eabi/6.3.1/../../../../arm-none-eabi/lib/thumb/v7e-m\libc.a(lib_a-memmove.o)
                0x0040aac4                memmove
 .text._Balloc  0x0040ab8c       0x4c c:/program files (x86)/atmel/studio/7.0/toolchain/arm/arm-gnu-toolchain/bin/../lib/gcc/arm-none-eabi/6.3.1/../../../../arm-none-eabi/lib/thumb/v7e-m\libc.a(lib_a-mprec.o)
                0x0040ab8c                _Balloc
 .text._Bfree   0x0040abd8       0x14 c:/program files (x86)/atmel/studio/7.0/toolchain/arm/arm-gnu-toolchain/bin/../lib/gcc/arm-none-eabi/6.3.1/../../../../arm-none-eabi/lib/thumb/v7e-m\libc.a(lib_a-mprec.o)
                0x0040abd8                _Bfree
 .text.__multadd
                0x0040abec       0x80 c:/program files (x86)/atmel/studio/7.0/toolchain/arm/arm-gnu-toolchain/bin/../lib/gcc/arm-none-eabi/6.3.1/../../../../arm-none-eabi/lib/thumb/v7e-m\libc.a(lib_a-mprec.o)
                0x0040abec                __multadd
 .text.__hi0bits
                0x0040ac6c       0x40 c:/program files (x86)/atmel/studio/7.0/toolchain/arm/arm-gnu-toolchain/bin/../lib/gcc/arm-none-eabi/6.3.1/../../../../arm-none-eabi/lib/thumb/v7e-m\libc.a(lib_a-mprec.o)
                0x0040ac6c                __hi0bits
 .text.__lo0bits
                0x0040acac       0x60 c:/program files (x86)/atmel/studio/7.0/toolchain/arm/arm-gnu-toolchain/bin/../lib/gcc/arm-none-eabi/6.3.1/../../../../arm-none-eabi/lib/thumb/v7e-m\libc.a(lib_a-mprec.o)
                0x0040acac                __lo0bits
 .text.__i2b    0x0040ad0c       0x14 c:/program files (x86)/atmel/studio/7.0/toolchain/arm/arm-gnu-toolchain/bin/../lib/gcc/arm-none-eabi/6.3.1/../../../../arm-none-eabi/lib/thumb/v7e-m\libc.a(lib_a-mprec.o)
                0x0040ad0c                __i2b
 .text.__multiply
                0x0040ad20      0x124 c:/program files (x86)/atmel/studio/7.0/toolchain/arm/arm-gnu-toolchain/bin/../lib/gcc/arm-none-eabi/6.3.1/../../../../arm-none-eabi/lib/thumb/v7e-m\libc.a(lib_a-mprec.o)
                0x0040ad20                __multiply
 .text.__pow5mult
                0x0040ae44       0xa0 c:/program files (x86)/atmel/studio/7.0/toolchain/arm/arm-gnu-toolchain/bin/../lib/gcc/arm-none-eabi/6.3.1/../../../../arm-none-eabi/lib/thumb/v7e-m\libc.a(lib_a-mprec.o)
                0x0040ae44                __pow5mult
 .text.__lshift
                0x0040aee4       0xa4 c:/program files (x86)/atmel/studio/7.0/toolchain/arm/arm-gnu-toolchain/bin/../lib/gcc/arm-none-eabi/6.3.1/../../../../arm-none-eabi/lib/thumb/v7e-m\libc.a(lib_a-mprec.o)
                0x0040aee4                __lshift
 .text.__mcmp   0x0040af88       0x38 c:/program files (x86)/atmel/studio/7.0/toolchain/arm/arm-gnu-toolchain/bin/../lib/gcc/arm-none-eabi/6.3.1/../../../../arm-none-eabi/lib/thumb/v7e-m\libc.a(lib_a-mprec.o)
                0x0040af88                __mcmp
 .text.__mdiff  0x0040afc0      0x108 c:/program files (x86)/atmel/studio/7.0/toolchain/arm/arm-gnu-toolchain/bin/../lib/gcc/arm-none-eabi/6.3.1/../../../../arm-none-eabi/lib/thumb/v7e-m\libc.a(lib_a-mprec.o)
                0x0040afc0                __mdiff
 .text.__d2b    0x0040b0c8       0xb8 c:/program files (x86)/atmel/studio/7.0/toolchain/arm/arm-gnu-toolchain/bin/../lib/gcc/arm-none-eabi/6.3.1/../../../../arm-none-eabi/lib/thumb/v7e-m\libc.a(lib_a-mprec.o)
                0x0040b0c8                __d2b
 .text._realloc_r
                0x0040b180      0x34c c:/program files (x86)/atmel/studio/7.0/toolchain/arm/arm-gnu-toolchain/bin/../lib/gcc/arm-none-eabi/6.3.1/../../../../arm-none-eabi/lib/thumb/v7e-m\libc.a(lib_a-reallocr.o)
                0x0040b180                _realloc_r
 .text.__sread  0x0040b4cc       0x24 c:/program files (x86)/atmel/studio/7.0/toolchain/arm/arm-gnu-toolchain/bin/../lib/gcc/arm-none-eabi/6.3.1/../../../../arm-none-eabi/lib/thumb/v7e-m\libc.a(lib_a-stdio.o)
                0x0040b4cc                __sread
 .text.__swrite
                0x0040b4f0       0x3c c:/program files (x86)/atmel/studio/7.0/toolchain/arm/arm-gnu-toolchain/bin/../lib/gcc/arm-none-eabi/6.3.1/../../../../arm-none-eabi/lib/thumb/v7e-m\libc.a(lib_a-stdio.o)
                0x0040b4f0                __swrite
 .text.__sseek  0x0040b52c       0x20 c:/program files (x86)/atmel/studio/7.0/toolchain/arm/arm-gnu-toolchain/bin/../lib/gcc/arm-none-eabi/6.3.1/../../../../arm-none-eabi/lib/thumb/v7e-m\libc.a(lib_a-stdio.o)
                0x0040b52c                __sseek
 .text.__sclose
                0x0040b54c        0x8 c:/program files (x86)/atmel/studio/7.0/toolchain/arm/arm-gnu-toolchain/bin/../lib/gcc/arm-none-eabi/6.3.1/../../../../arm-none-eabi/lib/thumb/v7e-m\libc.a(lib_a-stdio.o)
                0x0040b54c                __sclose
 .text.__ssprint_r
                0x0040b554       0xfc c:/program files (x86)/atmel/studio/7.0/toolchain/arm/arm-gnu-toolchain/bin/../lib/gcc/arm-none-eabi/6.3.1/../../../../arm-none-eabi/lib/thumb/v7e-m\libc.a(lib_a-svfiprintf.o)
                0x0040b554                __ssprint_r
 .text.__swbuf_r
                0x0040b650       0xb0 c:/program files (x86)/atmel/studio/7.0/toolchain/arm/arm-gnu-toolchain/bin/../lib/gcc/arm-none-eabi/6.3.1/../../../../arm-none-eabi/lib/thumb/v7e-m\libc.a(lib_a-wbuf.o)
                0x0040b650                __swbuf_r
 .text._wcrtomb_r
                0x0040b700       0x54 c:/program files (x86)/atmel/studio/7.0/toolchain/arm/arm-gnu-toolchain/bin/../lib/gcc/arm-none-eabi/6.3.1/../../../../arm-none-eabi/lib/thumb/v7e-m\libc.a(lib_a-wcrtomb.o)
                0x0040b700                _wcrtomb_r
 .text.__ascii_wctomb
                0x0040b754       0x1c c:/program files (x86)/atmel/studio/7.0/toolchain/arm/arm-gnu-toolchain/bin/../lib/gcc/arm-none-eabi/6.3.1/../../../../arm-none-eabi/lib/thumb/v7e-m\libc.a(lib_a-wctomb_r.o)
                0x0040b754                __ascii_wctomb
 .text._write_r
                0x0040b770       0x2c c:/program files (x86)/atmel/studio/7.0/toolchain/arm/arm-gnu-toolchain/bin/../lib/gcc/arm-none-eabi/6.3.1/../../../../arm-none-eabi/lib/thumb/v7e-m\libc.a(lib_a-writer.o)
                0x0040b770                _write_r
 .text.__register_exitproc
                0x0040b79c       0xc4 c:/program files (x86)/atmel/studio/7.0/toolchain/arm/arm-gnu-toolchain/bin/../lib/gcc/arm-none-eabi/6.3.1/../../../../arm-none-eabi/lib/thumb/v7e-m\libc.a(lib_a-__atexit.o)
                0x0040b79c                __register_exitproc
 .text._calloc_r
                0x0040b860       0x60 c:/program files (x86)/atmel/studio/7.0/toolchain/arm/arm-gnu-toolchain/bin/../lib/gcc/arm-none-eabi/6.3.1/../../../../arm-none-eabi/lib/thumb/v7e-m\libc.a(lib_a-callocr.o)
                0x0040b860                _calloc_r
 .text._close_r
                0x0040b8c0       0x24 c:/program files (x86)/atmel/studio/7.0/toolchain/arm/arm-gnu-toolchain/bin/../lib/gcc/arm-none-eabi/6.3.1/../../../../arm-none-eabi/lib/thumb/v7e-m\libc.a(lib_a-closer.o)
                0x0040b8c0                _close_r
 .text._fclose_r
                0x0040b8e4       0xc4 c:/program files (x86)/atmel/studio/7.0/toolchain/arm/arm-gnu-toolchain/bin/../lib/gcc/arm-none-eabi/6.3.1/../../../../arm-none-eabi/lib/thumb/v7e-m\libc.a(lib_a-fclose.o)
                0x0040b8e4                _fclose_r
 .text._fstat_r
                0x0040b9a8       0x28 c:/program files (x86)/atmel/studio/7.0/toolchain/arm/arm-gnu-toolchain/bin/../lib/gcc/arm-none-eabi/6.3.1/../../../../arm-none-eabi/lib/thumb/v7e-m\libc.a(lib_a-fstatr.o)
                0x0040b9a8                _fstat_r
 .text._isatty_r
                0x0040b9d0       0x24 c:/program files (x86)/atmel/studio/7.0/toolchain/arm/arm-gnu-toolchain/bin/../lib/gcc/arm-none-eabi/6.3.1/../../../../arm-none-eabi/lib/thumb/v7e-m\libc.a(lib_a-isattyr.o)
                0x0040b9d0                _isatty_r
 .text._lseek_r
                0x0040b9f4       0x2c c:/program files (x86)/atmel/studio/7.0/toolchain/arm/arm-gnu-toolchain/bin/../lib/gcc/arm-none-eabi/6.3.1/../../../../arm-none-eabi/lib/thumb/v7e-m\libc.a(lib_a-lseekr.o)
                0x0040b9f4                _lseek_r
 .text._read_r  0x0040ba20       0x2c c:/program files (x86)/atmel/studio/7.0/toolchain/arm/arm-gnu-toolchain/bin/../lib/gcc/arm-none-eabi/6.3.1/../../../../arm-none-eabi/lib/thumb/v7e-m\libc.a(lib_a-readr.o)
                0x0040ba20                _read_r
 .text          0x0040ba4c      0x370 c:/program files (x86)/atmel/studio/7.0/toolchain/arm/arm-gnu-toolchain/bin/../lib/gcc/arm-none-eabi/6.3.1/thumb/v7e-m\libgcc.a(_arm_addsubdf3.o)
                0x0040ba4c                __aeabi_drsub
                0x0040ba54                __aeabi_dsub
                0x0040ba54                __subdf3
                0x0040ba58                __aeabi_dadd
                0x0040ba58                __adddf3
                0x0040bcd0                __floatunsidf
                0x0040bcd0                __aeabi_ui2d
                0x0040bcf0                __floatsidf
                0x0040bcf0                __aeabi_i2d
                0x0040bd14                __aeabi_f2d
                0x0040bd14                __extendsfdf2
                0x0040bd50                __floatundidf
                0x0040bd50                __aeabi_ul2d
                0x0040bd60                __floatdidf
                0x0040bd60                __aeabi_l2d
 .text          0x0040bdbc      0x424 c:/program files (x86)/atmel/studio/7.0/toolchain/arm/arm-gnu-toolchain/bin/../lib/gcc/arm-none-eabi/6.3.1/thumb/v7e-m\libgcc.a(_arm_muldivdf3.o)
                0x0040bdbc                __aeabi_dmul
                0x0040bdbc                __muldf3
                0x0040c010                __divdf3
                0x0040c010                __aeabi_ddiv
 .text          0x0040c1e0      0x110 c:/program files (x86)/atmel/studio/7.0/toolchain/arm/arm-gnu-toolchain/bin/../lib/gcc/arm-none-eabi/6.3.1/thumb/v7e-m\libgcc.a(_arm_cmpdf2.o)
                0x0040c1e0                __gtdf2
                0x0040c1e0                __gedf2
                0x0040c1e8                __ltdf2
                0x0040c1e8                __ledf2
                0x0040c1f0                __nedf2
                0x0040c1f0                __eqdf2
                0x0040c1f0                __cmpdf2
                0x0040c26c                __aeabi_cdrcmple
                0x0040c27c                __aeabi_cdcmpeq
                0x0040c27c                __aeabi_cdcmple
                0x0040c28c                __aeabi_dcmpeq
                0x0040c2a0                __aeabi_dcmplt
                0x0040c2b4                __aeabi_dcmple
                0x0040c2c8                __aeabi_dcmpge
                0x0040c2dc                __aeabi_dcmpgt
 .text          0x0040c2f0       0x2c c:/program files (x86)/atmel/studio/7.0/toolchain/arm/arm-gnu-toolchain/bin/../lib/gcc/arm-none-eabi/6.3.1/thumb/v7e-m\libgcc.a(_arm_unorddf2.o)
                0x0040c2f0                __unorddf2
                0x0040c2f0                __aeabi_dcmpun
 .text          0x0040c31c       0x50 c:/program files (x86)/atmel/studio/7.0/toolchain/arm/arm-gnu-toolchain/bin/../lib/gcc/arm-none-eabi/6.3.1/thumb/v7e-m\libgcc.a(_arm_fixdfsi.o)
                0x0040c31c                __aeabi_d2iz
                0x0040c31c                __fixdfsi
 *(.glue_7t)
 .glue_7t       0x0040c36c        0x0 linker stubs
 *(.glue_7)
 .glue_7        0x0040c36c        0x0 linker stubs
 *(.rodata .rodata* .gnu.linkonce.r.*)
 .rodata.crcpoly.9987
                0x0040c36c        0x4 src/ASF/common/components/touch/mxt/mxt_device_1.o
 .rodata.image_data_calibri_36_0x20
                0x0040c370      0x378 src/main.o
 .rodata.calibri_36_0x20
                0x0040c6e8        0xc src/main.o
 .rodata.image_data_calibri_36_0x21
                0x0040c6f4      0x534 src/main.o
 .rodata.calibri_36_0x21
                0x0040cc28        0xc src/main.o
 .rodata.image_data_calibri_36_0x22
                0x0040cc34      0x612 src/main.o
 *fill*         0x0040d246        0x2 
 .rodata.calibri_36_0x22
                0x0040d248        0xc src/main.o
 .rodata.image_data_calibri_36_0x23
                0x0040d254      0x7ce src/main.o
 *fill*         0x0040da22        0x2 
 .rodata.calibri_36_0x23
                0x0040da24        0xc src/main.o
 .rodata.image_data_calibri_36_0x24
                0x0040da30      0x7ce src/main.o
 *fill*         0x0040e1fe        0x2 
 .rodata.calibri_36_0x24
                0x0040e200        0xc src/main.o
 .rodata.image_data_calibri_36_0x25
                0x0040e20c      0xb46 src/main.o
 *fill*         0x0040ed52        0x2 
 .rodata.calibri_36_0x25
                0x0040ed54        0xc src/main.o
 .rodata.image_data_calibri_36_0x26
                0x0040ed60      0xad7 src/main.o
 *fill*         0x0040f837        0x1 
 .rodata.calibri_36_0x26
                0x0040f838        0xc src/main.o
 .rodata.image_data_calibri_36_0x27
                0x0040f844      0x378 src/main.o
 .rodata.calibri_36_0x27
                0x0040fbbc        0xc src/main.o
 .rodata.image_data_calibri_36_0x28
                0x0040fbc8      0x4c5 src/main.o
 *fill*         0x0041008d        0x3 
 .rodata.calibri_36_0x28
                0x00410090        0xc src/main.o
 .rodata.image_data_calibri_36_0x29
                0x0041009c      0x4c5 src/main.o
 *fill*         0x00410561        0x3 
 .rodata.calibri_36_0x29
                0x00410564        0xc src/main.o
 .rodata.image_data_calibri_36_0x2a
                0x00410570      0x7ce src/main.o
 *fill*         0x00410d3e        0x2 
 .rodata.calibri_36_0x2a
                0x00410d40        0xc src/main.o
 .rodata.image_data_calibri_36_0x2b
                0x00410d4c      0x7ce src/main.o
 *fill*         0x0041151a        0x2 
 .rodata.calibri_36_0x2b
                0x0041151c        0xc src/main.o
 .rodata.image_data_calibri_36_0x2c
                0x00411528      0x3e7 src/main.o
 *fill*         0x0041190f        0x1 
 .rodata.calibri_36_0x2c
                0x00411910        0xc src/main.o
 .rodata.image_data_calibri_36_0x2d
                0x0041191c      0x4c5 src/main.o
 *fill*         0x00411de1        0x3 
 .rodata.calibri_36_0x2d
                0x00411de4        0xc src/main.o
 .rodata.image_data_calibri_36_0x2e
                0x00411df0      0x3e7 src/main.o
 *fill*         0x004121d7        0x1 
 .rodata.calibri_36_0x2e
                0x004121d8        0xc src/main.o
 .rodata.image_data_calibri_36_0x2f
                0x004121e4      0x612 src/main.o
 *fill*         0x004127f6        0x2 
 .rodata.calibri_36_0x2f
                0x004127f8        0xc src/main.o
 .rodata.image_data_calibri_36_0x30
                0x00412804      0x7ce src/main.o
 *fill*         0x00412fd2        0x2 
 .rodata.calibri_36_0x30
                0x00412fd4        0xc src/main.o
 .rodata.image_data_calibri_36_0x31
                0x00412fe0      0x7ce src/main.o
 *fill*         0x004137ae        0x2 
 .rodata.calibri_36_0x31
                0x004137b0        0xc src/main.o
 .rodata.image_data_calibri_36_0x32
                0x004137bc      0x7ce src/main.o
 *fill*         0x00413f8a        0x2 
 .rodata.calibri_36_0x32
                0x00413f8c        0xc src/main.o
 .rodata.image_data_calibri_36_0x33
                0x00413f98      0x7ce src/main.o
 *fill*         0x00414766        0x2 
 .rodata.calibri_36_0x33
                0x00414768        0xc src/main.o
 .rodata.image_data_calibri_36_0x34
                0x00414774      0x7ce src/main.o
 *fill*         0x00414f42        0x2 
 .rodata.calibri_36_0x34
                0x00414f44        0xc src/main.o
 .rodata.image_data_calibri_36_0x35
                0x00414f50      0x7ce src/main.o
 *fill*         0x0041571e        0x2 
 .rodata.calibri_36_0x35
                0x00415720        0xc src/main.o
 .rodata.image_data_calibri_36_0x36
                0x0041572c      0x7ce src/main.o
 *fill*         0x00415efa        0x2 
 .rodata.calibri_36_0x36
                0x00415efc        0xc src/main.o
 .rodata.image_data_calibri_36_0x37
                0x00415f08      0x7ce src/main.o
 *fill*         0x004166d6        0x2 
 .rodata.calibri_36_0x37
                0x004166d8        0xc src/main.o
 .rodata.image_data_calibri_36_0x38
                0x004166e4      0x7ce src/main.o
 *fill*         0x00416eb2        0x2 
 .rodata.calibri_36_0x38
                0x00416eb4        0xc src/main.o
 .rodata.image_data_calibri_36_0x39
                0x00416ec0      0x7ce src/main.o
 *fill*         0x0041768e        0x2 
 .rodata.calibri_36_0x39
                0x00417690        0xc src/main.o
 .rodata.image_data_calibri_36_0x3a
                0x0041769c      0x456 src/main.o
 *fill*         0x00417af2        0x2 
 .rodata.calibri_36_0x3a
                0x00417af4        0xc src/main.o
 .rodata.image_data_calibri_36_0x3b
                0x00417b00      0x456 src/main.o
 *fill*         0x00417f56        0x2 
 .rodata.calibri_36_0x3b
                0x00417f58        0xc src/main.o
 .rodata.image_data_calibri_36_0x3c
                0x00417f64      0x7ce src/main.o
 *fill*         0x00418732        0x2 
 .rodata.calibri_36_0x3c
                0x00418734        0xc src/main.o
 .rodata.image_data_calibri_36_0x3d
                0x00418740      0x7ce src/main.o
 *fill*         0x00418f0e        0x2 
 .rodata.calibri_36_0x3d
                0x00418f10        0xc src/main.o
 .rodata.image_data_calibri_36_0x3e
                0x00418f1c      0x7ce src/main.o
 *fill*         0x004196ea        0x2 
 .rodata.calibri_36_0x3e
                0x004196ec        0xc src/main.o
 .rodata.image_data_calibri_36_0x3f
                0x004196f8      0x75f src/main.o
 *fill*         0x00419e57        0x1 
 .rodata.calibri_36_0x3f
                0x00419e58        0xc src/main.o
 .rodata.image_data_calibri_36_0x40
                0x00419e64      0xde0 src/main.o
 .rodata.calibri_36_0x40
                0x0041ac44        0xc src/main.o
 .rodata.image_data_calibri_36_0x41
                0x0041ac50      0x91b src/main.o
 *fill*         0x0041b56b        0x1 
 .rodata.calibri_36_0x41
                0x0041b56c        0xc src/main.o
 .rodata.image_data_calibri_36_0x42
                0x0041b578      0x8ac src/main.o
 .rodata.calibri_36_0x42
                0x0041be24        0xc src/main.o
 .rodata.image_data_calibri_36_0x43
                0x0041be30      0x83d src/main.o
 *fill*         0x0041c66d        0x3 
 .rodata.calibri_36_0x43
                0x0041c670        0xc src/main.o
 .rodata.image_data_calibri_36_0x44
                0x0041c67c      0x98a src/main.o
 *fill*         0x0041d006        0x2 
 .rodata.calibri_36_0x44
                0x0041d008        0xc src/main.o
 .rodata.image_data_calibri_36_0x45
                0x0041d014      0x7ce src/main.o
 *fill*         0x0041d7e2        0x2 
 .rodata.calibri_36_0x45
                0x0041d7e4        0xc src/main.o
 .rodata.image_data_calibri_36_0x46
                0x0041d7f0      0x75f src/main.o
 *fill*         0x0041df4f        0x1 
 .rodata.calibri_36_0x46
                0x0041df50        0xc src/main.o
 .rodata.image_data_calibri_36_0x47
                0x0041df5c      0x9f9 src/main.o
 *fill*         0x0041e955        0x3 
 .rodata.calibri_36_0x47
                0x0041e958        0xc src/main.o
 .rodata.image_data_calibri_36_0x48
                0x0041e964      0x98a src/main.o
 *fill*         0x0041f2ee        0x2 
 .rodata.calibri_36_0x48
                0x0041f2f0        0xc src/main.o
 .rodata.image_data_calibri_36_0x49
                0x0041f2fc      0x3e7 src/main.o
 *fill*         0x0041f6e3        0x1 
 .rodata.calibri_36_0x49
                0x0041f6e4        0xc src/main.o
 .rodata.image_data_calibri_36_0x4a
                0x0041f6f0      0x4c5 src/main.o
 *fill*         0x0041fbb5        0x3 
 .rodata.calibri_36_0x4a
                0x0041fbb8        0xc src/main.o
 .rodata.image_data_calibri_36_0x4b
                0x0041fbc4      0x83d src/main.o
 *fill*         0x00420401        0x3 
 .rodata.calibri_36_0x4b
                0x00420404        0xc src/main.o
 .rodata.image_data_calibri_36_0x4c
                0x00420410      0x681 src/main.o
 *fill*         0x00420a91        0x3 
 .rodata.calibri_36_0x4c
                0x00420a94        0xc src/main.o
 .rodata.image_data_calibri_36_0x4d
                0x00420aa0      0xd71 src/main.o
 *fill*         0x00421811        0x3 
 .rodata.calibri_36_0x4d
                0x00421814        0xc src/main.o
 .rodata.image_data_calibri_36_0x4e
                0x00421820      0x9f9 src/main.o
 *fill*         0x00422219        0x3 
 .rodata.calibri_36_0x4e
                0x0042221c        0xc src/main.o
 .rodata.image_data_calibri_36_0x4f
                0x00422228      0xa68 src/main.o
 .rodata.calibri_36_0x4f
                0x00422c90        0xc src/main.o
 .rodata.image_data_calibri_36_0x50
                0x00422c9c      0x83d src/main.o
 *fill*         0x004234d9        0x3 
 .rodata.calibri_36_0x50
                0x004234dc        0xc src/main.o
 .rodata.image_data_calibri_36_0x51
                0x004234e8      0xad7 src/main.o
 *fill*         0x00423fbf        0x1 
 .rodata.calibri_36_0x51
                0x00423fc0        0xc src/main.o
 .rodata.image_data_calibri_36_0x52
                0x00423fcc      0x8ac src/main.o
 .rodata.calibri_36_0x52
                0x00424878        0xc src/main.o
 .rodata.image_data_calibri_36_0x53
                0x00424884      0x75f src/main.o
 *fill*         0x00424fe3        0x1 
 .rodata.calibri_36_0x53
                0x00424fe4        0xc src/main.o
 .rodata.image_data_calibri_36_0x54
                0x00424ff0      0x7ce src/main.o
 *fill*         0x004257be        0x2 
 .rodata.calibri_36_0x54
                0x004257c0        0xc src/main.o
 .rodata.image_data_calibri_36_0x55
                0x004257cc      0x9f9 src/main.o
 *fill*         0x004261c5        0x3 
 .rodata.calibri_36_0x55
                0x004261c8        0xc src/main.o
 .rodata.image_data_calibri_36_0x56
                0x004261d4      0x8ac src/main.o
 .rodata.calibri_36_0x56
                0x00426a80        0xc src/main.o
 .rodata.image_data_calibri_36_0x57
                0x00426a8c      0xde0 src/main.o
 .rodata.calibri_36_0x57
                0x0042786c        0xc src/main.o
 .rodata.image_data_calibri_36_0x58
                0x00427878      0x83d src/main.o
 *fill*         0x004280b5        0x3 
 .rodata.calibri_36_0x58
                0x004280b8        0xc src/main.o
 .rodata.image_data_calibri_36_0x59
                0x004280c4      0x7ce src/main.o
 *fill*         0x00428892        0x2 
 .rodata.calibri_36_0x59
                0x00428894        0xc src/main.o
 .rodata.image_data_calibri_36_0x5a
                0x004288a0      0x75f src/main.o
 *fill*         0x00428fff        0x1 
 .rodata.calibri_36_0x5a
                0x00429000        0xc src/main.o
 .rodata.image_data_calibri_36_0x5b
                0x0042900c      0x4c5 src/main.o
 *fill*         0x004294d1        0x3 
 .rodata.calibri_36_0x5b
                0x004294d4        0xc src/main.o
 .rodata.image_data_calibri_36_0x5c
                0x004294e0      0x612 src/main.o
 *fill*         0x00429af2        0x2 
 .rodata.calibri_36_0x5c
                0x00429af4        0xc src/main.o
 .rodata.image_data_calibri_36_0x5d
                0x00429b00      0x4c5 src/main.o
 *fill*         0x00429fc5        0x3 
 .rodata.calibri_36_0x5d
                0x00429fc8        0xc src/main.o
 .rodata.image_data_calibri_36_0x5e
                0x00429fd4      0x7ce src/main.o
 *fill*         0x0042a7a2        0x2 
 .rodata.calibri_36_0x5e
                0x0042a7a4        0xc src/main.o
 .rodata.image_data_calibri_36_0x5f
                0x0042a7b0      0x7ce src/main.o
 *fill*         0x0042af7e        0x2 
 .rodata.calibri_36_0x5f
                0x0042af80        0xc src/main.o
 .rodata.image_data_calibri_36_0x60
                0x0042af8c      0x456 src/main.o
 *fill*         0x0042b3e2        0x2 
 .rodata.calibri_36_0x60
                0x0042b3e4        0xc src/main.o
 .rodata.image_data_calibri_36_0x61
                0x0042b3f0      0x75f src/main.o
 *fill*         0x0042bb4f        0x1 
 .rodata.calibri_36_0x61
                0x0042bb50        0xc src/main.o
 .rodata.image_data_calibri_36_0x62
                0x0042bb5c      0x83d src/main.o
 *fill*         0x0042c399        0x3 
 .rodata.calibri_36_0x62
                0x0042c39c        0xc src/main.o
 .rodata.image_data_calibri_36_0x63
                0x0042c3a8      0x681 src/main.o
 *fill*         0x0042ca29        0x3 
 .rodata.calibri_36_0x63
                0x0042ca2c        0xc src/main.o
 .rodata.image_data_calibri_36_0x64
                0x0042ca38      0x83d src/main.o
 *fill*         0x0042d275        0x3 
 .rodata.calibri_36_0x64
                0x0042d278        0xc src/main.o
 .rodata.image_data_calibri_36_0x65
                0x0042d284      0x7ce src/main.o
 *fill*         0x0042da52        0x2 
 .rodata.calibri_36_0x65
                0x0042da54        0xc src/main.o
 .rodata.image_data_calibri_36_0x66
                0x0042da60      0x4c5 src/main.o
 *fill*         0x0042df25        0x3 
 .rodata.calibri_36_0x66
                0x0042df28        0xc src/main.o
 .rodata.image_data_calibri_36_0x67
                0x0042df34      0x75f src/main.o
 *fill*         0x0042e693        0x1 
 .rodata.calibri_36_0x67
                0x0042e694        0xc src/main.o
 .rodata.image_data_calibri_36_0x68
                0x0042e6a0      0x83d src/main.o
 *fill*         0x0042eedd        0x3 
 .rodata.calibri_36_0x68
                0x0042eee0        0xc src/main.o
 .rodata.image_data_calibri_36_0x69
                0x0042eeec      0x378 src/main.o
 .rodata.calibri_36_0x69
                0x0042f264        0xc src/main.o
 .rodata.image_data_calibri_36_0x6a
                0x0042f270      0x3e7 src/main.o
 *fill*         0x0042f657        0x1 
 .rodata.calibri_36_0x6a
                0x0042f658        0xc src/main.o
 .rodata.image_data_calibri_36_0x6b
                0x0042f664      0x6f0 src/main.o
 .rodata.calibri_36_0x6b
                0x0042fd54        0xc src/main.o
 .rodata.image_data_calibri_36_0x6c
                0x0042fd60      0x378 src/main.o
 .rodata.calibri_36_0x6c
                0x004300d8        0xc src/main.o
 .rodata.image_data_calibri_36_0x6d
                0x004300e4      0xc93 src/main.o
 *fill*         0x00430d77        0x1 
 .rodata.calibri_36_0x6d
                0x00430d78        0xc src/main.o
 .rodata.image_data_calibri_36_0x6e
                0x00430d84      0x83d src/main.o
 *fill*         0x004315c1        0x3 
 .rodata.calibri_36_0x6e
                0x004315c4        0xc src/main.o
 .rodata.image_data_calibri_36_0x6f
                0x004315d0      0x83d src/main.o
 *fill*         0x00431e0d        0x3 
 .rodata.calibri_36_0x6f
                0x00431e10        0xc src/main.o
 .rodata.image_data_calibri_36_0x70
                0x00431e1c      0x83d src/main.o
 *fill*         0x00432659        0x3 
 .rodata.calibri_36_0x70
                0x0043265c        0xc src/main.o
 .rodata.image_data_calibri_36_0x71
                0x00432668      0x83d src/main.o
 *fill*         0x00432ea5        0x3 
 .rodata.calibri_36_0x71
                0x00432ea8        0xc src/main.o
 .rodata.image_data_calibri_36_0x72
                0x00432eb4      0x5a3 src/main.o
 *fill*         0x00433457        0x1 
 .rodata.calibri_36_0x72
                0x00433458        0xc src/main.o
 .rodata.image_data_calibri_36_0x73
                0x00433464      0x612 src/main.o
 *fill*         0x00433a76        0x2 
 .rodata.calibri_36_0x73
                0x00433a78        0xc src/main.o
 .rodata.image_data_calibri_36_0x74
                0x00433a84      0x534 src/main.o
 .rodata.calibri_36_0x74
                0x00433fb8        0xc src/main.o
 .rodata.image_data_calibri_36_0x75
                0x00433fc4      0x83d src/main.o
 *fill*         0x00434801        0x3 
 .rodata.calibri_36_0x75
                0x00434804        0xc src/main.o
 .rodata.image_data_calibri_36_0x76
                0x00434810      0x6f0 src/main.o
 .rodata.calibri_36_0x76
                0x00434f00        0xc src/main.o
 .rodata.image_data_calibri_36_0x77
                0x00434f0c      0xb46 src/main.o
 *fill*         0x00435a52        0x2 
 .rodata.calibri_36_0x77
                0x00435a54        0xc src/main.o
 .rodata.image_data_calibri_36_0x78
                0x00435a60      0x6f0 src/main.o
 .rodata.calibri_36_0x78
                0x00436150        0xc src/main.o
 .rodata.image_data_calibri_36_0x79
                0x0043615c      0x6f0 src/main.o
 .rodata.calibri_36_0x79
                0x0043684c        0xc src/main.o
 .rodata.image_data_calibri_36_0x7a
                0x00436858      0x612 src/main.o
 *fill*         0x00436e6a        0x2 
 .rodata.calibri_36_0x7a
                0x00436e6c        0xc src/main.o
 .rodata.image_data_calibri_36_0x7b
                0x00436e78      0x4c5 src/main.o
 *fill*         0x0043733d        0x3 
 .rodata.calibri_36_0x7b
                0x00437340        0xc src/main.o
 .rodata.image_data_calibri_36_0x7c
                0x0043734c      0x75f src/main.o
 *fill*         0x00437aab        0x1 
 .rodata.calibri_36_0x7c
                0x00437aac        0xc src/main.o
 .rodata.image_data_calibri_36_0x7d
                0x00437ab8      0x4c5 src/main.o
 *fill*         0x00437f7d        0x3 
 .rodata.calibri_36_0x7d
                0x00437f80        0xc src/main.o
 .rodata.image_data_calibri_36_0x7e
                0x00437f8c      0x7ce src/main.o
 *fill*         0x0043875a        0x2 
 .rodata.calibri_36_0x7e
                0x0043875c        0xc src/main.o
 .rodata.calibri_36_array
                0x00438768      0x2f8 src/main.o
 .rodata.calibri_36
                0x00438a60        0xc src/main.o
                0x00438a60                calibri_36
 .rodata.image_data_calibri_24_0x20
                0x00438a6c      0x168 src/main.o
 .rodata.calibri_24_0x20
                0x00438bd4        0xc src/main.o
 .rodata.image_data_calibri_24_0x21
                0x00438be0      0x240 src/main.o
 .rodata.calibri_24_0x21
                0x00438e20        0xc src/main.o
 .rodata.image_data_calibri_24_0x22
                0x00438e2c      0x2d0 src/main.o
 .rodata.calibri_24_0x22
                0x004390fc        0xc src/main.o
 .rodata.image_data_calibri_24_0x23
                0x00439108      0x360 src/main.o
 .rodata.calibri_24_0x23
                0x00439468        0xc src/main.o
 .rodata.image_data_calibri_24_0x24
                0x00439474      0x360 src/main.o
 .rodata.calibri_24_0x24
                0x004397d4        0xc src/main.o
 .rodata.image_data_calibri_24_0x25
                0x004397e0      0x4c8 src/main.o
 .rodata.calibri_24_0x25
                0x00439ca8        0xc src/main.o
 .rodata.image_data_calibri_24_0x26
                0x00439cb4      0x480 src/main.o
 .rodata.calibri_24_0x26
                0x0043a134        0xc src/main.o
 .rodata.image_data_calibri_24_0x27
                0x0043a140      0x168 src/main.o
 .rodata.calibri_24_0x27
                0x0043a2a8        0xc src/main.o
 .rodata.image_data_calibri_24_0x28
                0x0043a2b4      0x1f8 src/main.o
 .rodata.calibri_24_0x28
                0x0043a4ac        0xc src/main.o
 .rodata.image_data_calibri_24_0x29
                0x0043a4b8      0x1f8 src/main.o
 .rodata.calibri_24_0x29
                0x0043a6b0        0xc src/main.o
 .rodata.image_data_calibri_24_0x2a
                0x0043a6bc      0x360 src/main.o
 .rodata.calibri_24_0x2a
                0x0043aa1c        0xc src/main.o
 .rodata.image_data_calibri_24_0x2b
                0x0043aa28      0x360 src/main.o
 .rodata.calibri_24_0x2b
                0x0043ad88        0xc src/main.o
 .rodata.image_data_calibri_24_0x2c
                0x0043ad94      0x1b0 src/main.o
 .rodata.calibri_24_0x2c
                0x0043af44        0xc src/main.o
 .rodata.image_data_calibri_24_0x2d
                0x0043af50      0x1f8 src/main.o
 .rodata.calibri_24_0x2d
                0x0043b148        0xc src/main.o
 .rodata.image_data_calibri_24_0x2e
                0x0043b154      0x1b0 src/main.o
 .rodata.calibri_24_0x2e
                0x0043b304        0xc src/main.o
 .rodata.image_data_calibri_24_0x2f
                0x0043b310      0x288 src/main.o
 .rodata.calibri_24_0x2f
                0x0043b598        0xc src/main.o
 .rodata.image_data_calibri_24_0x30
                0x0043b5a4      0x360 src/main.o
 .rodata.calibri_24_0x30
                0x0043b904        0xc src/main.o
 .rodata.image_data_calibri_24_0x31
                0x0043b910      0x360 src/main.o
 .rodata.calibri_24_0x31
                0x0043bc70        0xc src/main.o
 .rodata.image_data_calibri_24_0x32
                0x0043bc7c      0x360 src/main.o
 .rodata.calibri_24_0x32
                0x0043bfdc        0xc src/main.o
 .rodata.image_data_calibri_24_0x33
                0x0043bfe8      0x360 src/main.o
 .rodata.calibri_24_0x33
                0x0043c348        0xc src/main.o
 .rodata.image_data_calibri_24_0x34
                0x0043c354      0x360 src/main.o
 .rodata.calibri_24_0x34
                0x0043c6b4        0xc src/main.o
 .rodata.image_data_calibri_24_0x35
                0x0043c6c0      0x360 src/main.o
 .rodata.calibri_24_0x35
                0x0043ca20        0xc src/main.o
 .rodata.image_data_calibri_24_0x36
                0x0043ca2c      0x360 src/main.o
 .rodata.calibri_24_0x36
                0x0043cd8c        0xc src/main.o
 .rodata.image_data_calibri_24_0x37
                0x0043cd98      0x360 src/main.o
 .rodata.calibri_24_0x37
                0x0043d0f8        0xc src/main.o
 .rodata.image_data_calibri_24_0x38
                0x0043d104      0x360 src/main.o
 .rodata.calibri_24_0x38
                0x0043d464        0xc src/main.o
 .rodata.image_data_calibri_24_0x39
                0x0043d470      0x360 src/main.o
 .rodata.calibri_24_0x39
                0x0043d7d0        0xc src/main.o
 .rodata.image_data_calibri_24_0x3a
                0x0043d7dc      0x1b0 src/main.o
 .rodata.calibri_24_0x3a
                0x0043d98c        0xc src/main.o
 .rodata.image_data_calibri_24_0x3b
                0x0043d998      0x1b0 src/main.o
 .rodata.calibri_24_0x3b
                0x0043db48        0xc src/main.o
 .rodata.image_data_calibri_24_0x3c
                0x0043db54      0x360 src/main.o
 .rodata.calibri_24_0x3c
                0x0043deb4        0xc src/main.o
 .rodata.image_data_calibri_24_0x3d
                0x0043dec0      0x360 src/main.o
 .rodata.calibri_24_0x3d
                0x0043e220        0xc src/main.o
 .rodata.image_data_calibri_24_0x3e
                0x0043e22c      0x360 src/main.o
 .rodata.calibri_24_0x3e
                0x0043e58c        0xc src/main.o
 .rodata.image_data_calibri_24_0x3f
                0x0043e598      0x318 src/main.o
 .rodata.calibri_24_0x3f
                0x0043e8b0        0xc src/main.o
 .rodata.image_data_calibri_24_0x40
                0x0043e8bc      0x5e8 src/main.o
 .rodata.calibri_24_0x40
                0x0043eea4        0xc src/main.o
 .rodata.image_data_calibri_24_0x41
                0x0043eeb0      0x3f0 src/main.o
 .rodata.calibri_24_0x41
                0x0043f2a0        0xc src/main.o
 .rodata.image_data_calibri_24_0x42
                0x0043f2ac      0x3a8 src/main.o
 .rodata.calibri_24_0x42
                0x0043f654        0xc src/main.o
 .rodata.image_data_calibri_24_0x43
                0x0043f660      0x3a8 src/main.o
 .rodata.calibri_24_0x43
                0x0043fa08        0xc src/main.o
 .rodata.image_data_calibri_24_0x44
                0x0043fa14      0x438 src/main.o
 .rodata.calibri_24_0x44
                0x0043fe4c        0xc src/main.o
 .rodata.image_data_calibri_24_0x45
                0x0043fe58      0x360 src/main.o
 .rodata.calibri_24_0x45
                0x004401b8        0xc src/main.o
 .rodata.image_data_calibri_24_0x46
                0x004401c4      0x318 src/main.o
 .rodata.calibri_24_0x46
                0x004404dc        0xc src/main.o
 .rodata.image_data_calibri_24_0x47
                0x004404e8      0x438 src/main.o
 .rodata.calibri_24_0x47
                0x00440920        0xc src/main.o
 .rodata.image_data_calibri_24_0x48
                0x0044092c      0x438 src/main.o
 .rodata.calibri_24_0x48
                0x00440d64        0xc src/main.o
 .rodata.image_data_calibri_24_0x49
                0x00440d70      0x1b0 src/main.o
 .rodata.calibri_24_0x49
                0x00440f20        0xc src/main.o
 .rodata.image_data_calibri_24_0x4a
                0x00440f2c      0x240 src/main.o
 .rodata.calibri_24_0x4a
                0x0044116c        0xc src/main.o
 .rodata.image_data_calibri_24_0x4b
                0x00441178      0x360 src/main.o
 .rodata.calibri_24_0x4b
                0x004414d8        0xc src/main.o
 .rodata.image_data_calibri_24_0x4c
                0x004414e4      0x2d0 src/main.o
 .rodata.calibri_24_0x4c
                0x004417b4        0xc src/main.o
 .rodata.image_data_calibri_24_0x4d
                0x004417c0      0x5e8 src/main.o
 .rodata.calibri_24_0x4d
                0x00441da8        0xc src/main.o
 .rodata.image_data_calibri_24_0x4e
                0x00441db4      0x480 src/main.o
 .rodata.calibri_24_0x4e
                0x00442234        0xc src/main.o
 .rodata.image_data_calibri_24_0x4f
                0x00442240      0x480 src/main.o
 .rodata.calibri_24_0x4f
                0x004426c0        0xc src/main.o
 .rodata.image_data_calibri_24_0x50
                0x004426cc      0x360 src/main.o
 .rodata.calibri_24_0x50
                0x00442a2c        0xc src/main.o
 .rodata.image_data_calibri_24_0x51
                0x00442a38      0x4c8 src/main.o
 .rodata.calibri_24_0x51
                0x00442f00        0xc src/main.o
 .rodata.image_data_calibri_24_0x52
                0x00442f0c      0x3a8 src/main.o
 .rodata.calibri_24_0x52
                0x004432b4        0xc src/main.o
 .rodata.image_data_calibri_24_0x53
                0x004432c0      0x318 src/main.o
 .rodata.calibri_24_0x53
                0x004435d8        0xc src/main.o
 .rodata.image_data_calibri_24_0x54
                0x004435e4      0x360 src/main.o
 .rodata.calibri_24_0x54
                0x00443944        0xc src/main.o
 .rodata.image_data_calibri_24_0x55
                0x00443950      0x438 src/main.o
 .rodata.calibri_24_0x55
                0x00443d88        0xc src/main.o
 .rodata.image_data_calibri_24_0x56
                0x00443d94      0x3f0 src/main.o
 .rodata.calibri_24_0x56
                0x00444184        0xc src/main.o
 .rodata.image_data_calibri_24_0x57
                0x00444190      0x5e8 src/main.o
 .rodata.calibri_24_0x57
                0x00444778        0xc src/main.o
 .rodata.image_data_calibri_24_0x58
                0x00444784      0x360 src/main.o
 .rodata.calibri_24_0x58
                0x00444ae4        0xc src/main.o
 .rodata.image_data_calibri_24_0x59
                0x00444af0      0x360 src/main.o
 .rodata.calibri_24_0x59
                0x00444e50        0xc src/main.o
 .rodata.image_data_calibri_24_0x5a
                0x00444e5c      0x318 src/main.o
 .rodata.calibri_24_0x5a
                0x00445174        0xc src/main.o
 .rodata.image_data_calibri_24_0x5b
                0x00445180      0x1f8 src/main.o
 .rodata.calibri_24_0x5b
                0x00445378        0xc src/main.o
 .rodata.image_data_calibri_24_0x5c
                0x00445384      0x288 src/main.o
 .rodata.calibri_24_0x5c
                0x0044560c        0xc src/main.o
 .rodata.image_data_calibri_24_0x5d
                0x00445618      0x1f8 src/main.o
 .rodata.calibri_24_0x5d
                0x00445810        0xc src/main.o
 .rodata.image_data_calibri_24_0x5e
                0x0044581c      0x360 src/main.o
 .rodata.calibri_24_0x5e
                0x00445b7c        0xc src/main.o
 .rodata.image_data_calibri_24_0x5f
                0x00445b88      0x360 src/main.o
 .rodata.calibri_24_0x5f
                0x00445ee8        0xc src/main.o
 .rodata.image_data_calibri_24_0x60
                0x00445ef4      0x1f8 src/main.o
 .rodata.calibri_24_0x60
                0x004460ec        0xc src/main.o
 .rodata.image_data_calibri_24_0x61
                0x004460f8      0x360 src/main.o
 .rodata.calibri_24_0x61
                0x00446458        0xc src/main.o
 .rodata.image_data_calibri_24_0x62
                0x00446464      0x3a8 src/main.o
 .rodata.calibri_24_0x62
                0x0044680c        0xc src/main.o
 .rodata.image_data_calibri_24_0x63
                0x00446818      0x2d0 src/main.o
 .rodata.calibri_24_0x63
                0x00446ae8        0xc src/main.o
 .rodata.image_data_calibri_24_0x64
                0x00446af4      0x3a8 src/main.o
 .rodata.calibri_24_0x64
                0x00446e9c        0xc src/main.o
 .rodata.image_data_calibri_24_0x65
                0x00446ea8      0x360 src/main.o
 .rodata.calibri_24_0x65
                0x00447208        0xc src/main.o
 .rodata.image_data_calibri_24_0x66
                0x00447214      0x1f8 src/main.o
 .rodata.calibri_24_0x66
                0x0044740c        0xc src/main.o
 .rodata.image_data_calibri_24_0x67
                0x00447418      0x318 src/main.o
 .rodata.calibri_24_0x67
                0x00447730        0xc src/main.o
 .rodata.image_data_calibri_24_0x68
                0x0044773c      0x3a8 src/main.o
 .rodata.calibri_24_0x68
                0x00447ae4        0xc src/main.o
 .rodata.image_data_calibri_24_0x69
                0x00447af0      0x1b0 src/main.o
 .rodata.calibri_24_0x69
                0x00447ca0        0xc src/main.o
 .rodata.image_data_calibri_24_0x6a
                0x00447cac      0x1b0 src/main.o
 .rodata.calibri_24_0x6a
                0x00447e5c        0xc src/main.o
 .rodata.image_data_calibri_24_0x6b
                0x00447e68      0x318 src/main.o
 .rodata.calibri_24_0x6b
                0x00448180        0xc src/main.o
 .rodata.image_data_calibri_24_0x6c
                0x0044818c      0x1b0 src/main.o
 .rodata.calibri_24_0x6c
                0x0044833c        0xc src/main.o
 .rodata.image_data_calibri_24_0x6d
                0x00448348      0x558 src/main.o
 .rodata.calibri_24_0x6d
                0x004488a0        0xc src/main.o
 .rodata.image_data_calibri_24_0x6e
                0x004488ac      0x3a8 src/main.o
 .rodata.calibri_24_0x6e
                0x00448c54        0xc src/main.o
 .rodata.image_data_calibri_24_0x6f
                0x00448c60      0x3a8 src/main.o
 .rodata.calibri_24_0x6f
                0x00449008        0xc src/main.o
 .rodata.image_data_calibri_24_0x70
                0x00449014      0x3a8 src/main.o
 .rodata.calibri_24_0x70
                0x004493bc        0xc src/main.o
 .rodata.image_data_calibri_24_0x71
                0x004493c8      0x3a8 src/main.o
 .rodata.calibri_24_0x71
                0x00449770        0xc src/main.o
 .rodata.image_data_calibri_24_0x72
                0x0044977c      0x240 src/main.o
 .rodata.calibri_24_0x72
                0x004499bc        0xc src/main.o
 .rodata.image_data_calibri_24_0x73
                0x004499c8      0x288 src/main.o
 .rodata.calibri_24_0x73
                0x00449c50        0xc src/main.o
 .rodata.image_data_calibri_24_0x74
                0x00449c5c      0x240 src/main.o
 .rodata.calibri_24_0x74
                0x00449e9c        0xc src/main.o
 .rodata.image_data_calibri_24_0x75
                0x00449ea8      0x3a8 src/main.o
 .rodata.calibri_24_0x75
                0x0044a250        0xc src/main.o
 .rodata.image_data_calibri_24_0x76
                0x0044a25c      0x318 src/main.o
 .rodata.calibri_24_0x76
                0x0044a574        0xc src/main.o
 .rodata.image_data_calibri_24_0x77
                0x0044a580      0x4c8 src/main.o
 .rodata.calibri_24_0x77
                0x0044aa48        0xc src/main.o
 .rodata.image_data_calibri_24_0x78